[    3242ms] [INFO] %cDownload the React DevTools for a better development experience: https://react.dev/link/react-devtools font-weight:bold @ webpack-internal:///(app-pages-browser)/../../node_modules/next/dist/next-devtools/shared/forward-logs-shared.js:27
[    3608ms] [LOG] [HMR] connected @ webpack-internal:///(app-pages-browser)/../../node_modules/next/dist/next-devtools/shared/forward-logs-shared.js:27
[    3616ms] [WARNING] ../../packages/ui/components/chrome/SearchPanel.tsx
Attempted import error: 'Touchable' is not exported from '../../primitives' (imported as 'Touchable'). @ webpack-internal:///(app-pages-browser)/../../node_modules/next/dist/next-devtools/shared/forward-logs-shared.js:27
[    3616ms] [WARNING] ../../packages/ui/components/chrome/SearchPanel.tsx
Attempted import error: 'Touchable' is not exported from '../../primitives' (imported as 'Touchable'). @ webpack-internal:///(app-pages-browser)/../../node_modules/next/dist/next-devtools/shared/forward-logs-shared.js:27
[    3616ms] [WARNING] ../../packages/ui/components/chrome/SearchPanel.tsx
Attempted import error: 'Touchable' is not exported from '../../primitives' (imported as 'Touchable'). @ webpack-internal:///(app-pages-browser)/../../node_modules/next/dist/next-devtools/shared/forward-logs-shared.js:27
[    3616ms] [WARNING] ../../packages/ui/components/chrome/SearchPanel.tsx
Attempted import error: 'Touchable' is not exported from '../../primitives' (imported as 'Touchable'). @ webpack-internal:///(app-pages-browser)/../../node_modules/next/dist/next-devtools/shared/forward-logs-shared.js:27
[    3616ms] [WARNING] ../../packages/ui/components/chrome/SearchPanel.tsx
Attempted import error: 'Touchable' is not exported from '../../primitives' (imported as 'Touchable'). @ webpack-internal:///(app-pages-browser)/../../node_modules/next/dist/next-devtools/shared/forward-logs-shared.js:27
[    3617ms] [WARNING] There were more warnings in other files.
You can find a complete log in the terminal. @ webpack-internal:///(app-pages-browser)/../../node_modules/next/dist/next-devtools/shared/forward-logs-shared.js:27
[    5372ms] [LOG] [Fast Refresh] rebuilding @ webpack-internal:///(app-pages-browser)/../../node_modules/next/dist/next-devtools/shared/forward-logs-shared.js:27
[    6124ms] [WARNING] ../../packages/ui/components/chrome/SearchPanel.tsx
Attempted import error: 'Touchable' is not exported from '../../primitives' (imported as 'Touchable').

Import trace for requested module:
../../packages/ui/components/chrome/SearchPanel.tsx
../../packages/ui/components/chrome/index.ts
../../packages/ui/components/index.ts
./app/_components/ClientHomeFeatures.tsx @ webpack-internal:///(app-pages-browser)/../../node_modules/next/dist/next-devtools/shared/forward-logs-shared.js:27
[    6125ms] [WARNING] ../../packages/ui/components/chrome/SearchPanel.tsx
Attempted import error: 'Touchable' is not exported from '../../primitives' (imported as 'Touchable').

Import trace for requested module:
../../packages/ui/components/chrome/SearchPanel.tsx
../../packages/ui/components/chrome/index.ts
../../packages/ui/components/index.ts
./app/_components/ClientHomeFeatures.tsx @ webpack-internal:///(app-pages-browser)/../../node_modules/next/dist/next-devtools/shared/forward-logs-shared.js:27
[    6125ms] [WARNING] ../../packages/ui/components/chrome/SearchPanel.tsx
Attempted import error: 'Touchable' is not exported from '../../primitives' (imported as 'Touchable').

Import trace for requested module:
../../packages/ui/components/chrome/SearchPanel.tsx
../../packages/ui/components/chrome/index.ts
../../packages/ui/components/index.ts
./app/_components/ClientHomeFeatures.tsx @ webpack-internal:///(app-pages-browser)/../../node_modules/next/dist/next-devtools/shared/forward-logs-shared.js:27
[    6125ms] [WARNING] ../../packages/ui/components/chrome/SearchPanel.tsx
Attempted import error: 'Touchable' is not exported from '../../primitives' (imported as 'Touchable').

Import trace for requested module:
../../packages/ui/components/chrome/SearchPanel.tsx
../../packages/ui/components/chrome/index.ts
../../packages/ui/components/index.ts
./app/_components/ClientHomeFeatures.tsx @ webpack-internal:///(app-pages-browser)/../../node_modules/next/dist/next-devtools/shared/forward-logs-shared.js:27
[    6126ms] [WARNING] ../../packages/ui/components/chrome/SearchPanel.tsx
Attempted import error: 'Touchable' is not exported from '../../primitives' (imported as 'Touchable').

Import trace for requested module:
../../packages/ui/components/chrome/SearchPanel.tsx
../../packages/ui/components/chrome/index.ts
../../packages/ui/components/index.ts
./app/_components/ClientHomeFeatures.tsx @ webpack-internal:///(app-pages-browser)/../../node_modules/next/dist/next-devtools/shared/forward-logs-shared.js:27
[    6126ms] [WARNING] There were more warnings in other files.
You can find a complete log in the terminal. @ webpack-internal:///(app-pages-browser)/../../node_modules/next/dist/next-devtools/shared/forward-logs-shared.js:27
[    6126ms] [LOG] [Fast Refresh] done in 755ms @ webpack-internal:///(app-pages-browser)/../../node_modules/next/dist/next-devtools/shared/forward-logs-shared.js:27
[    6191ms] [LOG] [Fast Refresh] rebuilding @ webpack-internal:///(app-pages-browser)/../../node_modules/next/dist/next-devtools/shared/forward-logs-shared.js:27
[    6741ms] [WARNING] ../../packages/ui/components/chrome/SearchPanel.tsx
Attempted import error: 'Touchable' is not exported from '../../primitives' (imported as 'Touchable').

Import trace for requested module:
../../packages/ui/components/chrome/SearchPanel.tsx
../../packages/ui/components/chrome/index.ts
../../packages/ui/components/index.ts
./app/_components/ClientHomeFeatures.tsx @ webpack-internal:///(app-pages-browser)/../../node_modules/next/dist/next-devtools/shared/forward-logs-shared.js:27
[    6741ms] [WARNING] ../../packages/ui/components/chrome/SearchPanel.tsx
Attempted import error: 'Touchable' is not exported from '../../primitives' (imported as 'Touchable').

Import trace for requested module:
../../packages/ui/components/chrome/SearchPanel.tsx
../../packages/ui/components/chrome/index.ts
../../packages/ui/components/index.ts
./app/_components/ClientHomeFeatures.tsx @ webpack-internal:///(app-pages-browser)/../../node_modules/next/dist/next-devtools/shared/forward-logs-shared.js:27
[    6741ms] [WARNING] ../../packages/ui/components/chrome/SearchPanel.tsx
Attempted import error: 'Touchable' is not exported from '../../primitives' (imported as 'Touchable').

Import trace for requested module:
../../packages/ui/components/chrome/SearchPanel.tsx
../../packages/ui/components/chrome/index.ts
../../packages/ui/components/index.ts
./app/_components/ClientHomeFeatures.tsx @ webpack-internal:///(app-pages-browser)/../../node_modules/next/dist/next-devtools/shared/forward-logs-shared.js:27
[    6741ms] [WARNING] ../../packages/ui/components/chrome/SearchPanel.tsx
Attempted import error: 'Touchable' is not exported from '../../primitives' (imported as 'Touchable').

Import trace for requested module:
../../packages/ui/components/chrome/SearchPanel.tsx
../../packages/ui/components/chrome/index.ts
../../packages/ui/components/index.ts
./app/_components/ClientHomeFeatures.tsx @ webpack-internal:///(app-pages-browser)/../../node_modules/next/dist/next-devtools/shared/forward-logs-shared.js:27
[    6741ms] [WARNING] ../../packages/ui/components/chrome/SearchPanel.tsx
Attempted import error: 'Touchable' is not exported from '../../primitives' (imported as 'Touchable').

Import trace for requested module:
../../packages/ui/components/chrome/SearchPanel.tsx
../../packages/ui/components/chrome/index.ts
../../packages/ui/components/index.ts
./app/_components/ClientHomeFeatures.tsx @ webpack-internal:///(app-pages-browser)/../../node_modules/next/dist/next-devtools/shared/forward-logs-shared.js:27
[    6741ms] [WARNING] There were more warnings in other files.
You can find a complete log in the terminal. @ webpack-internal:///(app-pages-browser)/../../node_modules/next/dist/next-devtools/shared/forward-logs-shared.js:27
[    6742ms] [LOG] [Fast Refresh] done in 550ms @ webpack-internal:///(app-pages-browser)/../../node_modules/next/dist/next-devtools/shared/forward-logs-shared.js:27
[    8735ms] [WARNING] ../../packages/ui/components/chrome/SearchPanel.tsx
Attempted import error: 'Touchable' is not exported from '../../primitives' (imported as 'Touchable'). @ webpack-internal:///(app-pages-browser)/../../node_modules/next/dist/next-devtools/shared/forward-logs-shared.js:27
[    8736ms] [WARNING] ../../packages/ui/components/chrome/SearchPanel.tsx
Attempted import error: 'Touchable' is not exported from '../../primitives' (imported as 'Touchable'). @ webpack-internal:///(app-pages-browser)/../../node_modules/next/dist/next-devtools/shared/forward-logs-shared.js:27
[    8736ms] [WARNING] ../../packages/ui/components/chrome/SearchPanel.tsx
Attempted import error: 'Touchable' is not exported from '../../primitives' (imported as 'Touchable'). @ webpack-internal:///(app-pages-browser)/../../node_modules/next/dist/next-devtools/shared/forward-logs-shared.js:27
[    8736ms] [WARNING] ../../packages/ui/components/chrome/SearchPanel.tsx
Attempted import error: 'Touchable' is not exported from '../../primitives' (imported as 'Touchable'). @ webpack-internal:///(app-pages-browser)/../../node_modules/next/dist/next-devtools/shared/forward-logs-shared.js:27
[    8736ms] [WARNING] ../../packages/ui/components/chrome/SearchPanel.tsx
Attempted import error: 'Touchable' is not exported from '../../primitives' (imported as 'Touchable'). @ webpack-internal:///(app-pages-browser)/../../node_modules/next/dist/next-devtools/shared/forward-logs-shared.js:27
[    8736ms] [WARNING] There were more warnings in other files.
You can find a complete log in the terminal. @ webpack-internal:///(app-pages-browser)/../../node_modules/next/dist/next-devtools/shared/forward-logs-shared.js:27
[  204025ms] [INFO] %cDownload the React DevTools for a better development experience: https://react.dev/link/react-devtools font-weight:bold @ webpack-internal:///(app-pages-browser)/../../node_modules/next/dist/next-devtools/shared/forward-logs-shared.js:27
[  204398ms] [LOG] [HMR] connected @ webpack-internal:///(app-pages-browser)/../../node_modules/next/dist/next-devtools/shared/forward-logs-shared.js:27
[  204402ms] [WARNING] ../../packages/ui/components/chrome/SearchPanel.tsx
Attempted import error: 'Touchable' is not exported from '../../primitives' (imported as 'Touchable'). @ webpack-internal:///(app-pages-browser)/../../node_modules/next/dist/next-devtools/shared/forward-logs-shared.js:27
[  204403ms] [WARNING] ../../packages/ui/components/chrome/SearchPanel.tsx
Attempted import error: 'Touchable' is not exported from '../../primitives' (imported as 'Touchable'). @ webpack-internal:///(app-pages-browser)/../../node_modules/next/dist/next-devtools/shared/forward-logs-shared.js:27
[  204403ms] [WARNING] ../../packages/ui/components/chrome/SearchPanel.tsx
Attempted import error: 'Touchable' is not exported from '../../primitives' (imported as 'Touchable'). @ webpack-internal:///(app-pages-browser)/../../node_modules/next/dist/next-devtools/shared/forward-logs-shared.js:27
[  204403ms] [WARNING] ../../packages/ui/components/chrome/SearchPanel.tsx
Attempted import error: 'Touchable' is not exported from '../../primitives' (imported as 'Touchable'). @ webpack-internal:///(app-pages-browser)/../../node_modules/next/dist/next-devtools/shared/forward-logs-shared.js:27
[  204403ms] [WARNING] ../../packages/ui/components/chrome/SearchPanel.tsx
Attempted import error: 'Touchable' is not exported from '../../primitives' (imported as 'Touchable'). @ webpack-internal:///(app-pages-browser)/../../node_modules/next/dist/next-devtools/shared/forward-logs-shared.js:27
[  204403ms] [WARNING] There were more warnings in other files.
You can find a complete log in the terminal. @ webpack-internal:///(app-pages-browser)/../../node_modules/next/dist/next-devtools/shared/forward-logs-shared.js:27
[  579231ms] [LOG] [Fast Refresh] rebuilding @ webpack-internal:///(app-pages-browser)/../../node_modules/next/dist/next-devtools/shared/forward-logs-shared.js:27
[  579523ms] [WARNING] ../../packages/ui/components/chrome/SearchPanel.tsx
Attempted import error: 'Touchable' is not exported from '../../primitives' (imported as 'Touchable').

Import trace for requested module:
../../packages/ui/components/chrome/SearchPanel.tsx
../../packages/ui/components/chrome/index.ts
../../packages/ui/components/index.ts
./app/_components/ClientHomeFeatures.tsx @ webpack-internal:///(app-pages-browser)/../../node_modules/next/dist/next-devtools/shared/forward-logs-shared.js:27
[  579524ms] [WARNING] ../../packages/ui/components/chrome/SearchPanel.tsx
Attempted import error: 'Touchable' is not exported from '../../primitives' (imported as 'Touchable').

Import trace for requested module:
../../packages/ui/components/chrome/SearchPanel.tsx
../../packages/ui/components/chrome/index.ts
../../packages/ui/components/index.ts
./app/_components/ClientHomeFeatures.tsx @ webpack-internal:///(app-pages-browser)/../../node_modules/next/dist/next-devtools/shared/forward-logs-shared.js:27
[  579524ms] [WARNING] ../../packages/ui/components/chrome/SearchPanel.tsx
Attempted import error: 'Touchable' is not exported from '../../primitives' (imported as 'Touchable').

Import trace for requested module:
../../packages/ui/components/chrome/SearchPanel.tsx
../../packages/ui/components/chrome/index.ts
../../packages/ui/components/index.ts
./app/_components/ClientHomeFeatures.tsx @ webpack-internal:///(app-pages-browser)/../../node_modules/next/dist/next-devtools/shared/forward-logs-shared.js:27
[  579524ms] [WARNING] ../../packages/ui/components/chrome/SearchPanel.tsx
Attempted import error: 'Touchable' is not exported from '../../primitives' (imported as 'Touchable').

Import trace for requested module:
../../packages/ui/components/chrome/SearchPanel.tsx
../../packages/ui/components/chrome/index.ts
../../packages/ui/components/index.ts
./app/_components/ClientHomeFeatures.tsx @ webpack-internal:///(app-pages-browser)/../../node_modules/next/dist/next-devtools/shared/forward-logs-shared.js:27
[  579525ms] [WARNING] ../../packages/ui/components/chrome/SearchPanel.tsx
Attempted import error: 'Touchable' is not exported from '../../primitives' (imported as 'Touchable').

Import trace for requested module:
../../packages/ui/components/chrome/SearchPanel.tsx
../../packages/ui/components/chrome/index.ts
../../packages/ui/components/index.ts
./app/_components/ClientHomeFeatures.tsx @ webpack-internal:///(app-pages-browser)/../../node_modules/next/dist/next-devtools/shared/forward-logs-shared.js:27
[  579525ms] [WARNING] There were more warnings in other files.
You can find a complete log in the terminal. @ webpack-internal:///(app-pages-browser)/../../node_modules/next/dist/next-devtools/shared/forward-logs-shared.js:27
[  580282ms] [LOG] [Fast Refresh] done in 1051ms @ webpack-internal:///(app-pages-browser)/../../node_modules/next/dist/next-devtools/shared/forward-logs-shared.js:27
[  580290ms] [LOG] [Fast Refresh] rebuilding @ webpack-internal:///(app-pages-browser)/../../node_modules/next/dist/next-devtools/shared/forward-logs-shared.js:27
[  580985ms] [WARNING] ../../packages/ui/components/chrome/SearchPanel.tsx
Attempted import error: 'Touchable' is not exported from '../../primitives' (imported as 'Touchable').

Import trace for requested module:
../../packages/ui/components/chrome/SearchPanel.tsx
../../packages/ui/components/chrome/index.ts
../../packages/ui/components/index.ts
./app/_components/ClientHomeFeatures.tsx @ webpack-internal:///(app-pages-browser)/../../node_modules/next/dist/next-devtools/shared/forward-logs-shared.js:27
[  580986ms] [WARNING] ../../packages/ui/components/chrome/SearchPanel.tsx
Attempted import error: 'Touchable' is not exported from '../../primitives' (imported as 'Touchable').

Import trace for requested module:
../../packages/ui/components/chrome/SearchPanel.tsx
../../packages/ui/components/chrome/index.ts
../../packages/ui/components/index.ts
./app/_components/ClientHomeFeatures.tsx @ webpack-internal:///(app-pages-browser)/../../node_modules/next/dist/next-devtools/shared/forward-logs-shared.js:27
[  580986ms] [WARNING] ../../packages/ui/components/chrome/SearchPanel.tsx
Attempted import error: 'Touchable' is not exported from '../../primitives' (imported as 'Touchable').

Import trace for requested module:
../../packages/ui/components/chrome/SearchPanel.tsx
../../packages/ui/components/chrome/index.ts
../../packages/ui/components/index.ts
./app/_components/ClientHomeFeatures.tsx @ webpack-internal:///(app-pages-browser)/../../node_modules/next/dist/next-devtools/shared/forward-logs-shared.js:27
[  580986ms] [WARNING] ../../packages/ui/components/chrome/SearchPanel.tsx
Attempted import error: 'Touchable' is not exported from '../../primitives' (imported as 'Touchable').

Import trace for requested module:
../../packages/ui/components/chrome/SearchPanel.tsx
../../packages/ui/components/chrome/index.ts
../../packages/ui/components/index.ts
./app/_components/ClientHomeFeatures.tsx @ webpack-internal:///(app-pages-browser)/../../node_modules/next/dist/next-devtools/shared/forward-logs-shared.js:27
[  580986ms] [WARNING] ../../packages/ui/components/chrome/SearchPanel.tsx
Attempted import error: 'Touchable' is not exported from '../../primitives' (imported as 'Touchable').

Import trace for requested module:
../../packages/ui/components/chrome/SearchPanel.tsx
../../packages/ui/components/chrome/index.ts
../../packages/ui/components/index.ts
./app/_components/ClientHomeFeatures.tsx @ webpack-internal:///(app-pages-browser)/../../node_modules/next/dist/next-devtools/shared/forward-logs-shared.js:27
[  580987ms] [WARNING] There were more warnings in other files.
You can find a complete log in the terminal. @ webpack-internal:///(app-pages-browser)/../../node_modules/next/dist/next-devtools/shared/forward-logs-shared.js:27
[  580987ms] [LOG] [Fast Refresh] done in 697ms @ webpack-internal:///(app-pages-browser)/../../node_modules/next/dist/next-devtools/shared/forward-logs-shared.js:27
[  589365ms] [LOG] [Fast Refresh] rebuilding @ webpack-internal:///(app-pages-browser)/../../node_modules/next/dist/next-devtools/shared/forward-logs-shared.js:27
[  589925ms] [WARNING] ../../packages/ui/components/chrome/SearchPanel.tsx
Attempted import error: 'Touchable' is not exported from '../../primitives' (imported as 'Touchable').

Import trace for requested module:
../../packages/ui/components/chrome/SearchPanel.tsx
../../packages/ui/components/chrome/index.ts
../../packages/ui/components/index.ts
./app/_components/ClientHomeFeatures.tsx @ webpack-internal:///(app-pages-browser)/../../node_modules/next/dist/next-devtools/shared/forward-logs-shared.js:27
[  589925ms] [WARNING] ../../packages/ui/components/chrome/SearchPanel.tsx
Attempted import error: 'Touchable' is not exported from '../../primitives' (imported as 'Touchable').

Import trace for requested module:
../../packages/ui/components/chrome/SearchPanel.tsx
../../packages/ui/components/chrome/index.ts
../../packages/ui/components/index.ts
./app/_components/ClientHomeFeatures.tsx @ webpack-internal:///(app-pages-browser)/../../node_modules/next/dist/next-devtools/shared/forward-logs-shared.js:27
[  589926ms] [WARNING] ../../packages/ui/components/chrome/SearchPanel.tsx
Attempted import error: 'Touchable' is not exported from '../../primitives' (imported as 'Touchable').

Import trace for requested module:
../../packages/ui/components/chrome/SearchPanel.tsx
../../packages/ui/components/chrome/index.ts
../../packages/ui/components/index.ts
./app/_components/ClientHomeFeatures.tsx @ webpack-internal:///(app-pages-browser)/../../node_modules/next/dist/next-devtools/shared/forward-logs-shared.js:27
[  589926ms] [WARNING] ../../packages/ui/components/chrome/SearchPanel.tsx
Attempted import error: 'Touchable' is not exported from '../../primitives' (imported as 'Touchable').

Import trace for requested module:
../../packages/ui/components/chrome/SearchPanel.tsx
../../packages/ui/components/chrome/index.ts
../../packages/ui/components/index.ts
./app/_components/ClientHomeFeatures.tsx @ webpack-internal:///(app-pages-browser)/../../node_modules/next/dist/next-devtools/shared/forward-logs-shared.js:27
[  589926ms] [WARNING] ../../packages/ui/components/chrome/SearchPanel.tsx
Attempted import error: 'Touchable' is not exported from '../../primitives' (imported as 'Touchable').

Import trace for requested module:
../../packages/ui/components/chrome/SearchPanel.tsx
../../packages/ui/components/chrome/index.ts
../../packages/ui/components/index.ts
./app/_components/ClientHomeFeatures.tsx @ webpack-internal:///(app-pages-browser)/../../node_modules/next/dist/next-devtools/shared/forward-logs-shared.js:27
[  589926ms] [WARNING] There were more warnings in other files.
You can find a complete log in the terminal. @ webpack-internal:///(app-pages-browser)/../../node_modules/next/dist/next-devtools/shared/forward-logs-shared.js:27
[  590012ms] [LOG] [Fast Refresh] done in 647ms @ webpack-internal:///(app-pages-browser)/../../node_modules/next/dist/next-devtools/shared/forward-logs-shared.js:27
[  592395ms] [LOG] [Fast Refresh] rebuilding @ webpack-internal:///(app-pages-browser)/../../node_modules/next/dist/next-devtools/shared/forward-logs-shared.js:27
[  592986ms] [WARNING] ../../packages/ui/components/chrome/SearchPanel.tsx
Attempted import error: 'Touchable' is not exported from '../../primitives' (imported as 'Touchable').

Import trace for requested module:
../../packages/ui/components/chrome/SearchPanel.tsx
../../packages/ui/components/chrome/index.ts
../../packages/ui/components/index.ts
./app/_components/ClientHomeFeatures.tsx @ webpack-internal:///(app-pages-browser)/../../node_modules/next/dist/next-devtools/shared/forward-logs-shared.js:27
[  592986ms] [WARNING] ../../packages/ui/components/chrome/SearchPanel.tsx
Attempted import error: 'Touchable' is not exported from '../../primitives' (imported as 'Touchable').

Import trace for requested module:
../../packages/ui/components/chrome/SearchPanel.tsx
../../packages/ui/components/chrome/index.ts
../../packages/ui/components/index.ts
./app/_components/ClientHomeFeatures.tsx @ webpack-internal:///(app-pages-browser)/../../node_modules/next/dist/next-devtools/shared/forward-logs-shared.js:27
[  592986ms] [WARNING] ../../packages/ui/components/chrome/SearchPanel.tsx
Attempted import error: 'Touchable' is not exported from '../../primitives' (imported as 'Touchable').

Import trace for requested module:
../../packages/ui/components/chrome/SearchPanel.tsx
../../packages/ui/components/chrome/index.ts
../../packages/ui/components/index.ts
./app/_components/ClientHomeFeatures.tsx @ webpack-internal:///(app-pages-browser)/../../node_modules/next/dist/next-devtools/shared/forward-logs-shared.js:27
[  592987ms] [WARNING] ../../packages/ui/components/chrome/SearchPanel.tsx
Attempted import error: 'Touchable' is not exported from '../../primitives' (imported as 'Touchable').

Import trace for requested module:
../../packages/ui/components/chrome/SearchPanel.tsx
../../packages/ui/components/chrome/index.ts
../../packages/ui/components/index.ts
./app/_components/ClientHomeFeatures.tsx @ webpack-internal:///(app-pages-browser)/../../node_modules/next/dist/next-devtools/shared/forward-logs-shared.js:27
[  592987ms] [WARNING] ../../packages/ui/components/chrome/SearchPanel.tsx
Attempted import error: 'Touchable' is not exported from '../../primitives' (imported as 'Touchable').

Import trace for requested module:
../../packages/ui/components/chrome/SearchPanel.tsx
../../packages/ui/components/chrome/index.ts
../../packages/ui/components/index.ts
./app/_components/ClientHomeFeatures.tsx @ webpack-internal:///(app-pages-browser)/../../node_modules/next/dist/next-devtools/shared/forward-logs-shared.js:27
[  592987ms] [WARNING] There were more warnings in other files.
You can find a complete log in the terminal. @ webpack-internal:///(app-pages-browser)/../../node_modules/next/dist/next-devtools/shared/forward-logs-shared.js:27
[  592987ms] [LOG] [Fast Refresh] done in 592ms @ webpack-internal:///(app-pages-browser)/../../node_modules/next/dist/next-devtools/shared/forward-logs-shared.js:27
[  599393ms] [LOG] [Fast Refresh] rebuilding @ webpack-internal:///(app-pages-browser)/../../node_modules/next/dist/next-devtools/shared/forward-logs-shared.js:27
[  599728ms] [WARNING] ../../packages/ui/components/chrome/SearchPanel.tsx
Attempted import error: 'Touchable' is not exported from '../../primitives' (imported as 'Touchable').

Import trace for requested module:
../../packages/ui/components/chrome/SearchPanel.tsx
../../packages/ui/components/chrome/index.ts
../../packages/ui/components/index.ts
./app/_components/ClientHomeFeatures.tsx @ webpack-internal:///(app-pages-browser)/../../node_modules/next/dist/next-devtools/shared/forward-logs-shared.js:27
[  599728ms] [WARNING] ../../packages/ui/components/chrome/SearchPanel.tsx
Attempted import error: 'Touchable' is not exported from '../../primitives' (imported as 'Touchable').

Import trace for requested module:
../../packages/ui/components/chrome/SearchPanel.tsx
../../packages/ui/components/chrome/index.ts
../../packages/ui/components/index.ts
./app/_components/ClientHomeFeatures.tsx @ webpack-internal:///(app-pages-browser)/../../node_modules/next/dist/next-devtools/shared/forward-logs-shared.js:27
[  599728ms] [WARNING] ../../packages/ui/components/chrome/SearchPanel.tsx
Attempted import error: 'Touchable' is not exported from '../../primitives' (imported as 'Touchable').

Import trace for requested module:
../../packages/ui/components/chrome/SearchPanel.tsx
../../packages/ui/components/chrome/index.ts
../../packages/ui/components/index.ts
./app/_components/ClientHomeFeatures.tsx @ webpack-internal:///(app-pages-browser)/../../node_modules/next/dist/next-devtools/shared/forward-logs-shared.js:27
[  599729ms] [WARNING] ../../packages/ui/components/chrome/SearchPanel.tsx
Attempted import error: 'Touchable' is not exported from '../../primitives' (imported as 'Touchable').

Import trace for requested module:
../../packages/ui/components/chrome/SearchPanel.tsx
../../packages/ui/components/chrome/index.ts
../../packages/ui/components/index.ts
./app/_components/ClientHomeFeatures.tsx @ webpack-internal:///(app-pages-browser)/../../node_modules/next/dist/next-devtools/shared/forward-logs-shared.js:27
[  599729ms] [WARNING] ../../packages/ui/components/chrome/SearchPanel.tsx
Attempted import error: 'Touchable' is not exported from '../../primitives' (imported as 'Touchable').

Import trace for requested module:
../../packages/ui/components/chrome/SearchPanel.tsx
../../packages/ui/components/chrome/index.ts
../../packages/ui/components/index.ts
./app/_components/ClientHomeFeatures.tsx @ webpack-internal:///(app-pages-browser)/../../node_modules/next/dist/next-devtools/shared/forward-logs-shared.js:27
[  599729ms] [WARNING] There were more warnings in other files.
You can find a complete log in the terminal. @ webpack-internal:///(app-pages-browser)/../../node_modules/next/dist/next-devtools/shared/forward-logs-shared.js:27
[  599797ms] [LOG] [Fast Refresh] done in 404ms @ webpack-internal:///(app-pages-browser)/../../node_modules/next/dist/next-devtools/shared/forward-logs-shared.js:27
[  602432ms] [LOG] [Fast Refresh] rebuilding @ webpack-internal:///(app-pages-browser)/../../node_modules/next/dist/next-devtools/shared/forward-logs-shared.js:27
[  603297ms] [WARNING] ../../packages/ui/components/chrome/SearchPanel.tsx
Attempted import error: 'Touchable' is not exported from '../../primitives' (imported as 'Touchable').

Import trace for requested module:
../../packages/ui/components/chrome/SearchPanel.tsx
../../packages/ui/components/chrome/index.ts
../../packages/ui/components/index.ts
./app/_components/ClientHomeFeatures.tsx @ webpack-internal:///(app-pages-browser)/../../node_modules/next/dist/next-devtools/shared/forward-logs-shared.js:27
[  603297ms] [WARNING] ../../packages/ui/components/chrome/SearchPanel.tsx
Attempted import error: 'Touchable' is not exported from '../../primitives' (imported as 'Touchable').

Import trace for requested module:
../../packages/ui/components/chrome/SearchPanel.tsx
../../packages/ui/components/chrome/index.ts
../../packages/ui/components/index.ts
./app/_components/ClientHomeFeatures.tsx @ webpack-internal:///(app-pages-browser)/../../node_modules/next/dist/next-devtools/shared/forward-logs-shared.js:27
[  603298ms] [WARNING] ../../packages/ui/components/chrome/SearchPanel.tsx
Attempted import error: 'Touchable' is not exported from '../../primitives' (imported as 'Touchable').

Import trace for requested module:
../../packages/ui/components/chrome/SearchPanel.tsx
../../packages/ui/components/chrome/index.ts
../../packages/ui/components/index.ts
./app/_components/ClientHomeFeatures.tsx @ webpack-internal:///(app-pages-browser)/../../node_modules/next/dist/next-devtools/shared/forward-logs-shared.js:27
[  603298ms] [WARNING] ../../packages/ui/components/chrome/SearchPanel.tsx
Attempted import error: 'Touchable' is not exported from '../../primitives' (imported as 'Touchable').

Import trace for requested module:
../../packages/ui/components/chrome/SearchPanel.tsx
../../packages/ui/components/chrome/index.ts
../../packages/ui/components/index.ts
./app/_components/ClientHomeFeatures.tsx @ webpack-internal:///(app-pages-browser)/../../node_modules/next/dist/next-devtools/shared/forward-logs-shared.js:27
[  603298ms] [WARNING] ../../packages/ui/components/chrome/SearchPanel.tsx
Attempted import error: 'Touchable' is not exported from '../../primitives' (imported as 'Touchable').

Import trace for requested module:
../../packages/ui/components/chrome/SearchPanel.tsx
../../packages/ui/components/chrome/index.ts
../../packages/ui/components/index.ts
./app/_components/ClientHomeFeatures.tsx @ webpack-internal:///(app-pages-browser)/../../node_modules/next/dist/next-devtools/shared/forward-logs-shared.js:27
[  603298ms] [WARNING] There were more warnings in other files.
You can find a complete log in the terminal. @ webpack-internal:///(app-pages-browser)/../../node_modules/next/dist/next-devtools/shared/forward-logs-shared.js:27
[  603298ms] [LOG] [Fast Refresh] done in 867ms @ webpack-internal:///(app-pages-browser)/../../node_modules/next/dist/next-devtools/shared/forward-logs-shared.js:27
[  622498ms] [LOG] [Fast Refresh] rebuilding @ webpack-internal:///(app-pages-browser)/../../node_modules/next/dist/next-devtools/shared/forward-logs-shared.js:27
[  623038ms] [WARNING] ../../packages/ui/components/chrome/SearchPanel.tsx
Attempted import error: 'Touchable' is not exported from '../../primitives' (imported as 'Touchable').

Import trace for requested module:
../../packages/ui/components/chrome/SearchPanel.tsx
../../packages/ui/components/chrome/index.ts
../../packages/ui/components/index.ts
./app/_components/ClientHomeFeatures.tsx @ webpack-internal:///(app-pages-browser)/../../node_modules/next/dist/next-devtools/shared/forward-logs-shared.js:27
[  623038ms] [WARNING] ../../packages/ui/components/chrome/SearchPanel.tsx
Attempted import error: 'Touchable' is not exported from '../../primitives' (imported as 'Touchable').

Import trace for requested module:
../../packages/ui/components/chrome/SearchPanel.tsx
../../packages/ui/components/chrome/index.ts
../../packages/ui/components/index.ts
./app/_components/ClientHomeFeatures.tsx @ webpack-internal:///(app-pages-browser)/../../node_modules/next/dist/next-devtools/shared/forward-logs-shared.js:27
[  623038ms] [WARNING] ../../packages/ui/components/chrome/SearchPanel.tsx
Attempted import error: 'Touchable' is not exported from '../../primitives' (imported as 'Touchable').

Import trace for requested module:
../../packages/ui/components/chrome/SearchPanel.tsx
../../packages/ui/components/chrome/index.ts
../../packages/ui/components/index.ts
./app/_components/ClientHomeFeatures.tsx @ webpack-internal:///(app-pages-browser)/../../node_modules/next/dist/next-devtools/shared/forward-logs-shared.js:27
[  623038ms] [WARNING] ../../packages/ui/components/chrome/SearchPanel.tsx
Attempted import error: 'Touchable' is not exported from '../../primitives' (imported as 'Touchable').

Import trace for requested module:
../../packages/ui/components/chrome/SearchPanel.tsx
../../packages/ui/components/chrome/index.ts
../../packages/ui/components/index.ts
./app/_components/ClientHomeFeatures.tsx @ webpack-internal:///(app-pages-browser)/../../node_modules/next/dist/next-devtools/shared/forward-logs-shared.js:27
[  623039ms] [WARNING] ../../packages/ui/components/chrome/SearchPanel.tsx
Attempted import error: 'Touchable' is not exported from '../../primitives' (imported as 'Touchable').

Import trace for requested module:
../../packages/ui/components/chrome/SearchPanel.tsx
../../packages/ui/components/chrome/index.ts
../../packages/ui/components/index.ts
./app/_components/ClientHomeFeatures.tsx @ webpack-internal:///(app-pages-browser)/../../node_modules/next/dist/next-devtools/shared/forward-logs-shared.js:27
[  623039ms] [WARNING] There were more warnings in other files.
You can find a complete log in the terminal. @ webpack-internal:///(app-pages-browser)/../../node_modules/next/dist/next-devtools/shared/forward-logs-shared.js:27
[  623039ms] [LOG] [Fast Refresh] done in 540ms @ webpack-internal:///(app-pages-browser)/../../node_modules/next/dist/next-devtools/shared/forward-logs-shared.js:27
[  624461ms] [LOG] [Fast Refresh] rebuilding @ webpack-internal:///(app-pages-browser)/../../node_modules/next/dist/next-devtools/shared/forward-logs-shared.js:27
[  624883ms] [WARNING] ../../packages/ui/components/chrome/SearchPanel.tsx
Attempted import error: 'Touchable' is not exported from '../../primitives' (imported as 'Touchable').

Import trace for requested module:
../../packages/ui/components/chrome/SearchPanel.tsx
../../packages/ui/components/chrome/index.ts
../../packages/ui/components/index.ts
./app/_components/ClientHomeFeatures.tsx @ webpack-internal:///(app-pages-browser)/../../node_modules/next/dist/next-devtools/shared/forward-logs-shared.js:27
[  624884ms] [WARNING] ../../packages/ui/components/chrome/SearchPanel.tsx
Attempted import error: 'Touchable' is not exported from '../../primitives' (imported as 'Touchable').

Import trace for requested module:
../../packages/ui/components/chrome/SearchPanel.tsx
../../packages/ui/components/chrome/index.ts
../../packages/ui/components/index.ts
./app/_components/ClientHomeFeatures.tsx @ webpack-internal:///(app-pages-browser)/../../node_modules/next/dist/next-devtools/shared/forward-logs-shared.js:27
[  624884ms] [WARNING] ../../packages/ui/components/chrome/SearchPanel.tsx
Attempted import error: 'Touchable' is not exported from '../../primitives' (imported as 'Touchable').

Import trace for requested module:
../../packages/ui/components/chrome/SearchPanel.tsx
../../packages/ui/components/chrome/index.ts
../../packages/ui/components/index.ts
./app/_components/ClientHomeFeatures.tsx @ webpack-internal:///(app-pages-browser)/../../node_modules/next/dist/next-devtools/shared/forward-logs-shared.js:27
[  624884ms] [WARNING] ../../packages/ui/components/chrome/SearchPanel.tsx
Attempted import error: 'Touchable' is not exported from '../../primitives' (imported as 'Touchable').

Import trace for requested module:
../../packages/ui/components/chrome/SearchPanel.tsx
../../packages/ui/components/chrome/index.ts
../../packages/ui/components/index.ts
./app/_components/ClientHomeFeatures.tsx @ webpack-internal:///(app-pages-browser)/../../node_modules/next/dist/next-devtools/shared/forward-logs-shared.js:27
[  624884ms] [WARNING] ../../packages/ui/components/chrome/SearchPanel.tsx
Attempted import error: 'Touchable' is not exported from '../../primitives' (imported as 'Touchable').

Import trace for requested module:
../../packages/ui/components/chrome/SearchPanel.tsx
../../packages/ui/components/chrome/index.ts
../../packages/ui/components/index.ts
./app/_components/ClientHomeFeatures.tsx @ webpack-internal:///(app-pages-browser)/../../node_modules/next/dist/next-devtools/shared/forward-logs-shared.js:27
[  624885ms] [WARNING] There were more warnings in other files.
You can find a complete log in the terminal. @ webpack-internal:///(app-pages-browser)/../../node_modules/next/dist/next-devtools/shared/forward-logs-shared.js:27
[  625022ms] [LOG] [Fast Refresh] done in 561ms @ webpack-internal:///(app-pages-browser)/../../node_modules/next/dist/next-devtools/shared/forward-logs-shared.js:27
[  647634ms] [LOG] [Fast Refresh] rebuilding @ webpack-internal:///(app-pages-browser)/../../node_modules/next/dist/next-devtools/shared/forward-logs-shared.js:27
[  648319ms] [WARNING] ../../packages/ui/components/chrome/SearchPanel.tsx
Attempted import error: 'Touchable' is not exported from '../../primitives' (imported as 'Touchable').

Import trace for requested module:
../../packages/ui/components/chrome/SearchPanel.tsx
../../packages/ui/components/chrome/index.ts
../../packages/ui/components/index.ts
./app/_components/ClientHomeFeatures.tsx @ webpack-internal:///(app-pages-browser)/../../node_modules/next/dist/next-devtools/shared/forward-logs-shared.js:27
[  648320ms] [WARNING] ../../packages/ui/components/chrome/SearchPanel.tsx
Attempted import error: 'Touchable' is not exported from '../../primitives' (imported as 'Touchable').

Import trace for requested module:
../../packages/ui/components/chrome/SearchPanel.tsx
../../packages/ui/components/chrome/index.ts
../../packages/ui/components/index.ts
./app/_components/ClientHomeFeatures.tsx @ webpack-internal:///(app-pages-browser)/../../node_modules/next/dist/next-devtools/shared/forward-logs-shared.js:27
[  648320ms] [WARNING] ../../packages/ui/components/chrome/SearchPanel.tsx
Attempted import error: 'Touchable' is not exported from '../../primitives' (imported as 'Touchable').

Import trace for requested module:
../../packages/ui/components/chrome/SearchPanel.tsx
../../packages/ui/components/chrome/index.ts
../../packages/ui/components/index.ts
./app/_components/ClientHomeFeatures.tsx @ webpack-internal:///(app-pages-browser)/../../node_modules/next/dist/next-devtools/shared/forward-logs-shared.js:27
[  648320ms] [WARNING] ../../packages/ui/components/chrome/SearchPanel.tsx
Attempted import error: 'Touchable' is not exported from '../../primitives' (imported as 'Touchable').

Import trace for requested module:
../../packages/ui/components/chrome/SearchPanel.tsx
../../packages/ui/components/chrome/index.ts
../../packages/ui/components/index.ts
./app/_components/ClientHomeFeatures.tsx @ webpack-internal:///(app-pages-browser)/../../node_modules/next/dist/next-devtools/shared/forward-logs-shared.js:27
[  648320ms] [WARNING] ../../packages/ui/components/chrome/SearchPanel.tsx
Attempted import error: 'Touchable' is not exported from '../../primitives' (imported as 'Touchable').

Import trace for requested module:
../../packages/ui/components/chrome/SearchPanel.tsx
../../packages/ui/components/chrome/index.ts
../../packages/ui/components/index.ts
./app/_components/ClientHomeFeatures.tsx @ webpack-internal:///(app-pages-browser)/../../node_modules/next/dist/next-devtools/shared/forward-logs-shared.js:27
[  648321ms] [WARNING] There were more warnings in other files.
You can find a complete log in the terminal. @ webpack-internal:///(app-pages-browser)/../../node_modules/next/dist/next-devtools/shared/forward-logs-shared.js:27
[  648321ms] [LOG] [Fast Refresh] done in 687ms @ webpack-internal:///(app-pages-browser)/../../node_modules/next/dist/next-devtools/shared/forward-logs-shared.js:27
[  649543ms] [LOG] [Fast Refresh] rebuilding @ webpack-internal:///(app-pages-browser)/../../node_modules/next/dist/next-devtools/shared/forward-logs-shared.js:27
[  649826ms] [WARNING] ../../packages/ui/components/chrome/SearchPanel.tsx
Attempted import error: 'Touchable' is not exported from '../../primitives' (imported as 'Touchable').

Import trace for requested module:
../../packages/ui/components/chrome/SearchPanel.tsx
../../packages/ui/components/chrome/index.ts
../../packages/ui/components/index.ts
./app/_components/ClientHomeFeatures.tsx @ webpack-internal:///(app-pages-browser)/../../node_modules/next/dist/next-devtools/shared/forward-logs-shared.js:27
[  649827ms] [WARNING] ../../packages/ui/components/chrome/SearchPanel.tsx
Attempted import error: 'Touchable' is not exported from '../../primitives' (imported as 'Touchable').

Import trace for requested module:
../../packages/ui/components/chrome/SearchPanel.tsx
../../packages/ui/components/chrome/index.ts
../../packages/ui/components/index.ts
./app/_components/ClientHomeFeatures.tsx @ webpack-internal:///(app-pages-browser)/../../node_modules/next/dist/next-devtools/shared/forward-logs-shared.js:27
[  649827ms] [WARNING] ../../packages/ui/components/chrome/SearchPanel.tsx
Attempted import error: 'Touchable' is not exported from '../../primitives' (imported as 'Touchable').

Import trace for requested module:
../../packages/ui/components/chrome/SearchPanel.tsx
../../packages/ui/components/chrome/index.ts
../../packages/ui/components/index.ts
./app/_components/ClientHomeFeatures.tsx @ webpack-internal:///(app-pages-browser)/../../node_modules/next/dist/next-devtools/shared/forward-logs-shared.js:27
[  649827ms] [WARNING] ../../packages/ui/components/chrome/SearchPanel.tsx
Attempted import error: 'Touchable' is not exported from '../../primitives' (imported as 'Touchable').

Import trace for requested module:
../../packages/ui/components/chrome/SearchPanel.tsx
../../packages/ui/components/chrome/index.ts
../../packages/ui/components/index.ts
./app/_components/ClientHomeFeatures.tsx @ webpack-internal:///(app-pages-browser)/../../node_modules/next/dist/next-devtools/shared/forward-logs-shared.js:27
[  649828ms] [WARNING] ../../packages/ui/components/chrome/SearchPanel.tsx
Attempted import error: 'Touchable' is not exported from '../../primitives' (imported as 'Touchable').

Import trace for requested module:
../../packages/ui/components/chrome/SearchPanel.tsx
../../packages/ui/components/chrome/index.ts
../../packages/ui/components/index.ts
./app/_components/ClientHomeFeatures.tsx @ webpack-internal:///(app-pages-browser)/../../node_modules/next/dist/next-devtools/shared/forward-logs-shared.js:27
[  649828ms] [WARNING] There were more warnings in other files.
You can find a complete log in the terminal. @ webpack-internal:///(app-pages-browser)/../../node_modules/next/dist/next-devtools/shared/forward-logs-shared.js:27
[  649897ms] [LOG] [Fast Refresh] done in 353ms @ webpack-internal:///(app-pages-browser)/../../node_modules/next/dist/next-devtools/shared/forward-logs-shared.js:27
[  657619ms] [LOG] [Fast Refresh] rebuilding @ webpack-internal:///(app-pages-browser)/../../node_modules/next/dist/next-devtools/shared/forward-logs-shared.js:27
[  658167ms] [WARNING] ../../packages/ui/components/chrome/SearchPanel.tsx
Attempted import error: 'Touchable' is not exported from '../../primitives' (imported as 'Touchable').

Import trace for requested module:
../../packages/ui/components/chrome/SearchPanel.tsx
../../packages/ui/components/chrome/index.ts
../../packages/ui/components/index.ts
./app/_components/ClientHomeFeatures.tsx @ webpack-internal:///(app-pages-browser)/../../node_modules/next/dist/next-devtools/shared/forward-logs-shared.js:27
[  658168ms] [WARNING] ../../packages/ui/components/chrome/SearchPanel.tsx
Attempted import error: 'Touchable' is not exported from '../../primitives' (imported as 'Touchable').

Import trace for requested module:
../../packages/ui/components/chrome/SearchPanel.tsx
../../packages/ui/components/chrome/index.ts
../../packages/ui/components/index.ts
./app/_components/ClientHomeFeatures.tsx @ webpack-internal:///(app-pages-browser)/../../node_modules/next/dist/next-devtools/shared/forward-logs-shared.js:27
[  658168ms] [WARNING] ../../packages/ui/components/chrome/SearchPanel.tsx
Attempted import error: 'Touchable' is not exported from '../../primitives' (imported as 'Touchable').

Import trace for requested module:
../../packages/ui/components/chrome/SearchPanel.tsx
../../packages/ui/components/chrome/index.ts
../../packages/ui/components/index.ts
./app/_components/ClientHomeFeatures.tsx @ webpack-internal:///(app-pages-browser)/../../node_modules/next/dist/next-devtools/shared/forward-logs-shared.js:27
[  658169ms] [WARNING] ../../packages/ui/components/chrome/SearchPanel.tsx
Attempted import error: 'Touchable' is not exported from '../../primitives' (imported as 'Touchable').

Import trace for requested module:
../../packages/ui/components/chrome/SearchPanel.tsx
../../packages/ui/components/chrome/index.ts
../../packages/ui/components/index.ts
./app/_components/ClientHomeFeatures.tsx @ webpack-internal:///(app-pages-browser)/../../node_modules/next/dist/next-devtools/shared/forward-logs-shared.js:27
[  658169ms] [WARNING] ../../packages/ui/components/chrome/SearchPanel.tsx
Attempted import error: 'Touchable' is not exported from '../../primitives' (imported as 'Touchable').

Import trace for requested module:
../../packages/ui/components/chrome/SearchPanel.tsx
../../packages/ui/components/chrome/index.ts
../../packages/ui/components/index.ts
./app/_components/ClientHomeFeatures.tsx @ webpack-internal:///(app-pages-browser)/../../node_modules/next/dist/next-devtools/shared/forward-logs-shared.js:27
[  658169ms] [WARNING] There were more warnings in other files.
You can find a complete log in the terminal. @ webpack-internal:///(app-pages-browser)/../../node_modules/next/dist/next-devtools/shared/forward-logs-shared.js:27
[  658169ms] [LOG] [Fast Refresh] done in 550ms @ webpack-internal:///(app-pages-browser)/../../node_modules/next/dist/next-devtools/shared/forward-logs-shared.js:27
[  659585ms] [LOG] [Fast Refresh] rebuilding @ webpack-internal:///(app-pages-browser)/../../node_modules/next/dist/next-devtools/shared/forward-logs-shared.js:27
[  659970ms] [WARNING] ../../packages/ui/components/chrome/SearchPanel.tsx
Attempted import error: 'Touchable' is not exported from '../../primitives' (imported as 'Touchable').

Import trace for requested module:
../../packages/ui/components/chrome/SearchPanel.tsx
../../packages/ui/components/chrome/index.ts
../../packages/ui/components/index.ts
./app/_components/ClientHomeFeatures.tsx @ webpack-internal:///(app-pages-browser)/../../node_modules/next/dist/next-devtools/shared/forward-logs-shared.js:27
[  659970ms] [WARNING] ../../packages/ui/components/chrome/SearchPanel.tsx
Attempted import error: 'Touchable' is not exported from '../../primitives' (imported as 'Touchable').

Import trace for requested module:
../../packages/ui/components/chrome/SearchPanel.tsx
../../packages/ui/components/chrome/index.ts
../../packages/ui/components/index.ts
./app/_components/ClientHomeFeatures.tsx @ webpack-internal:///(app-pages-browser)/../../node_modules/next/dist/next-devtools/shared/forward-logs-shared.js:27
[  659970ms] [WARNING] ../../packages/ui/components/chrome/SearchPanel.tsx
Attempted import error: 'Touchable' is not exported from '../../primitives' (imported as 'Touchable').

Import trace for requested module:
../../packages/ui/components/chrome/SearchPanel.tsx
../../packages/ui/components/chrome/index.ts
../../packages/ui/components/index.ts
./app/_components/ClientHomeFeatures.tsx @ webpack-internal:///(app-pages-browser)/../../node_modules/next/dist/next-devtools/shared/forward-logs-shared.js:27
[  659971ms] [WARNING] ../../packages/ui/components/chrome/SearchPanel.tsx
Attempted import error: 'Touchable' is not exported from '../../primitives' (imported as 'Touchable').

Import trace for requested module:
../../packages/ui/components/chrome/SearchPanel.tsx
../../packages/ui/components/chrome/index.ts
../../packages/ui/components/index.ts
./app/_components/ClientHomeFeatures.tsx @ webpack-internal:///(app-pages-browser)/../../node_modules/next/dist/next-devtools/shared/forward-logs-shared.js:27
[  659971ms] [WARNING] ../../packages/ui/components/chrome/SearchPanel.tsx
Attempted import error: 'Touchable' is not exported from '../../primitives' (imported as 'Touchable').

Import trace for requested module:
../../packages/ui/components/chrome/SearchPanel.tsx
../../packages/ui/components/chrome/index.ts
../../packages/ui/components/index.ts
./app/_components/ClientHomeFeatures.tsx @ webpack-internal:///(app-pages-browser)/../../node_modules/next/dist/next-devtools/shared/forward-logs-shared.js:27
[  659971ms] [WARNING] There were more warnings in other files.
You can find a complete log in the terminal. @ webpack-internal:///(app-pages-browser)/../../node_modules/next/dist/next-devtools/shared/forward-logs-shared.js:27
[  660151ms] [LOG] [Fast Refresh] done in 566ms @ webpack-internal:///(app-pages-browser)/../../node_modules/next/dist/next-devtools/shared/forward-logs-shared.js:27
[  667664ms] [LOG] [Fast Refresh] rebuilding @ webpack-internal:///(app-pages-browser)/../../node_modules/next/dist/next-devtools/shared/forward-logs-shared.js:27
[  668266ms] [WARNING] ../../packages/ui/components/chrome/SearchPanel.tsx
Attempted import error: 'Touchable' is not exported from '../../primitives' (imported as 'Touchable').

Import trace for requested module:
../../packages/ui/components/chrome/SearchPanel.tsx
../../packages/ui/components/chrome/index.ts
../../packages/ui/components/index.ts
./app/_components/ClientHomeFeatures.tsx @ webpack-internal:///(app-pages-browser)/../../node_modules/next/dist/next-devtools/shared/forward-logs-shared.js:27
[  668266ms] [WARNING] ../../packages/ui/components/chrome/SearchPanel.tsx
Attempted import error: 'Touchable' is not exported from '../../primitives' (imported as 'Touchable').

Import trace for requested module:
../../packages/ui/components/chrome/SearchPanel.tsx
../../packages/ui/components/chrome/index.ts
../../packages/ui/components/index.ts
./app/_components/ClientHomeFeatures.tsx @ webpack-internal:///(app-pages-browser)/../../node_modules/next/dist/next-devtools/shared/forward-logs-shared.js:27
[  668266ms] [WARNING] ../../packages/ui/components/chrome/SearchPanel.tsx
Attempted import error: 'Touchable' is not exported from '../../primitives' (imported as 'Touchable').

Import trace for requested module:
../../packages/ui/components/chrome/SearchPanel.tsx
../../packages/ui/components/chrome/index.ts
../../packages/ui/components/index.ts
./app/_components/ClientHomeFeatures.tsx @ webpack-internal:///(app-pages-browser)/../../node_modules/next/dist/next-devtools/shared/forward-logs-shared.js:27
[  668266ms] [WARNING] ../../packages/ui/components/chrome/SearchPanel.tsx
Attempted import error: 'Touchable' is not exported from '../../primitives' (imported as 'Touchable').

Import trace for requested module:
../../packages/ui/components/chrome/SearchPanel.tsx
../../packages/ui/components/chrome/index.ts
../../packages/ui/components/index.ts
./app/_components/ClientHomeFeatures.tsx @ webpack-internal:///(app-pages-browser)/../../node_modules/next/dist/next-devtools/shared/forward-logs-shared.js:27
[  668267ms] [WARNING] ../../packages/ui/components/chrome/SearchPanel.tsx
Attempted import error: 'Touchable' is not exported from '../../primitives' (imported as 'Touchable').

Import trace for requested module:
../../packages/ui/components/chrome/SearchPanel.tsx
../../packages/ui/components/chrome/index.ts
../../packages/ui/components/index.ts
./app/_components/ClientHomeFeatures.tsx @ webpack-internal:///(app-pages-browser)/../../node_modules/next/dist/next-devtools/shared/forward-logs-shared.js:27
[  668267ms] [WARNING] There were more warnings in other files.
You can find a complete log in the terminal. @ webpack-internal:///(app-pages-browser)/../../node_modules/next/dist/next-devtools/shared/forward-logs-shared.js:27
[  668267ms] [LOG] [Fast Refresh] done in 603ms @ webpack-internal:///(app-pages-browser)/../../node_modules/next/dist/next-devtools/shared/forward-logs-shared.js:27
[  669615ms] [LOG] [Fast Refresh] rebuilding @ webpack-internal:///(app-pages-browser)/../../node_modules/next/dist/next-devtools/shared/forward-logs-shared.js:27
[  669894ms] [WARNING] ../../packages/ui/components/chrome/SearchPanel.tsx
Attempted import error: 'Touchable' is not exported from '../../primitives' (imported as 'Touchable').

Import trace for requested module:
../../packages/ui/components/chrome/SearchPanel.tsx
../../packages/ui/components/chrome/index.ts
../../packages/ui/components/index.ts
./app/_components/ClientHomeFeatures.tsx @ webpack-internal:///(app-pages-browser)/../../node_modules/next/dist/next-devtools/shared/forward-logs-shared.js:27
[  669894ms] [WARNING] ../../packages/ui/components/chrome/SearchPanel.tsx
Attempted import error: 'Touchable' is not exported from '../../primitives' (imported as 'Touchable').

Import trace for requested module:
../../packages/ui/components/chrome/SearchPanel.tsx
../../packages/ui/components/chrome/index.ts
../../packages/ui/components/index.ts
./app/_components/ClientHomeFeatures.tsx @ webpack-internal:///(app-pages-browser)/../../node_modules/next/dist/next-devtools/shared/forward-logs-shared.js:27
[  669894ms] [WARNING] ../../packages/ui/components/chrome/SearchPanel.tsx
Attempted import error: 'Touchable' is not exported from '../../primitives' (imported as 'Touchable').

Import trace for requested module:
../../packages/ui/components/chrome/SearchPanel.tsx
../../packages/ui/components/chrome/index.ts
../../packages/ui/components/index.ts
./app/_components/ClientHomeFeatures.tsx @ webpack-internal:///(app-pages-browser)/../../node_modules/next/dist/next-devtools/shared/forward-logs-shared.js:27
[  669894ms] [WARNING] ../../packages/ui/components/chrome/SearchPanel.tsx
Attempted import error: 'Touchable' is not exported from '../../primitives' (imported as 'Touchable').

Import trace for requested module:
../../packages/ui/components/chrome/SearchPanel.tsx
../../packages/ui/components/chrome/index.ts
../../packages/ui/components/index.ts
./app/_components/ClientHomeFeatures.tsx @ webpack-internal:///(app-pages-browser)/../../node_modules/next/dist/next-devtools/shared/forward-logs-shared.js:27
[  669895ms] [WARNING] ../../packages/ui/components/chrome/SearchPanel.tsx
Attempted import error: 'Touchable' is not exported from '../../primitives' (imported as 'Touchable').

Import trace for requested module:
../../packages/ui/components/chrome/SearchPanel.tsx
../../packages/ui/components/chrome/index.ts
../../packages/ui/components/index.ts
./app/_components/ClientHomeFeatures.tsx @ webpack-internal:///(app-pages-browser)/../../node_modules/next/dist/next-devtools/shared/forward-logs-shared.js:27
[  669895ms] [WARNING] There were more warnings in other files.
You can find a complete log in the terminal. @ webpack-internal:///(app-pages-browser)/../../node_modules/next/dist/next-devtools/shared/forward-logs-shared.js:27
[  669951ms] [LOG] [Fast Refresh] done in 337ms @ webpack-internal:///(app-pages-browser)/../../node_modules/next/dist/next-devtools/shared/forward-logs-shared.js:27
[  674631ms] [LOG] [Fast Refresh] rebuilding @ webpack-internal:///(app-pages-browser)/../../node_modules/next/dist/next-devtools/shared/forward-logs-shared.js:27
[  674911ms] [WARNING] ../../packages/ui/components/chrome/SearchPanel.tsx
Attempted import error: 'Touchable' is not exported from '../../primitives' (imported as 'Touchable').

Import trace for requested module:
../../packages/ui/components/chrome/SearchPanel.tsx
../../packages/ui/components/chrome/index.ts
../../packages/ui/components/index.ts
./app/_components/ClientHomeFeatures.tsx @ webpack-internal:///(app-pages-browser)/../../node_modules/next/dist/next-devtools/shared/forward-logs-shared.js:27
[  674912ms] [WARNING] ../../packages/ui/components/chrome/SearchPanel.tsx
Attempted import error: 'Touchable' is not exported from '../../primitives' (imported as 'Touchable').

Import trace for requested module:
../../packages/ui/components/chrome/SearchPanel.tsx
../../packages/ui/components/chrome/index.ts
../../packages/ui/components/index.ts
./app/_components/ClientHomeFeatures.tsx @ webpack-internal:///(app-pages-browser)/../../node_modules/next/dist/next-devtools/shared/forward-logs-shared.js:27
[  674912ms] [WARNING] ../../packages/ui/components/chrome/SearchPanel.tsx
Attempted import error: 'Touchable' is not exported from '../../primitives' (imported as 'Touchable').

Import trace for requested module:
../../packages/ui/components/chrome/SearchPanel.tsx
../../packages/ui/components/chrome/index.ts
../../packages/ui/components/index.ts
./app/_components/ClientHomeFeatures.tsx @ webpack-internal:///(app-pages-browser)/../../node_modules/next/dist/next-devtools/shared/forward-logs-shared.js:27
[  674912ms] [WARNING] ../../packages/ui/components/chrome/SearchPanel.tsx
Attempted import error: 'Touchable' is not exported from '../../primitives' (imported as 'Touchable').

Import trace for requested module:
../../packages/ui/components/chrome/SearchPanel.tsx
../../packages/ui/components/chrome/index.ts
../../packages/ui/components/index.ts
./app/_components/ClientHomeFeatures.tsx @ webpack-internal:///(app-pages-browser)/../../node_modules/next/dist/next-devtools/shared/forward-logs-shared.js:27
[  674912ms] [WARNING] ../../packages/ui/components/chrome/SearchPanel.tsx
Attempted import error: 'Touchable' is not exported from '../../primitives' (imported as 'Touchable').

Import trace for requested module:
../../packages/ui/components/chrome/SearchPanel.tsx
../../packages/ui/components/chrome/index.ts
../../packages/ui/components/index.ts
./app/_components/ClientHomeFeatures.tsx @ webpack-internal:///(app-pages-browser)/../../node_modules/next/dist/next-devtools/shared/forward-logs-shared.js:27
[  674912ms] [WARNING] There were more warnings in other files.
You can find a complete log in the terminal. @ webpack-internal:///(app-pages-browser)/../../node_modules/next/dist/next-devtools/shared/forward-logs-shared.js:27
[  674993ms] [LOG] [Fast Refresh] done in 363ms @ webpack-internal:///(app-pages-browser)/../../node_modules/next/dist/next-devtools/shared/forward-logs-shared.js:27
[  677695ms] [LOG] [Fast Refresh] rebuilding @ webpack-internal:///(app-pages-browser)/../../node_modules/next/dist/next-devtools/shared/forward-logs-shared.js:27
[  678342ms] [WARNING] ../../packages/ui/components/chrome/SearchPanel.tsx
Attempted import error: 'Touchable' is not exported from '../../primitives' (imported as 'Touchable').

Import trace for requested module:
../../packages/ui/components/chrome/SearchPanel.tsx
../../packages/ui/components/chrome/index.ts
../../packages/ui/components/index.ts
./app/_components/ClientHomeFeatures.tsx @ webpack-internal:///(app-pages-browser)/../../node_modules/next/dist/next-devtools/shared/forward-logs-shared.js:27
[  678343ms] [WARNING] ../../packages/ui/components/chrome/SearchPanel.tsx
Attempted import error: 'Touchable' is not exported from '../../primitives' (imported as 'Touchable').

Import trace for requested module:
../../packages/ui/components/chrome/SearchPanel.tsx
../../packages/ui/components/chrome/index.ts
../../packages/ui/components/index.ts
./app/_components/ClientHomeFeatures.tsx @ webpack-internal:///(app-pages-browser)/../../node_modules/next/dist/next-devtools/shared/forward-logs-shared.js:27
[  678343ms] [WARNING] ../../packages/ui/components/chrome/SearchPanel.tsx
Attempted import error: 'Touchable' is not exported from '../../primitives' (imported as 'Touchable').

Import trace for requested module:
../../packages/ui/components/chrome/SearchPanel.tsx
../../packages/ui/components/chrome/index.ts
../../packages/ui/components/index.ts
./app/_components/ClientHomeFeatures.tsx @ webpack-internal:///(app-pages-browser)/../../node_modules/next/dist/next-devtools/shared/forward-logs-shared.js:27
[  678344ms] [WARNING] ../../packages/ui/components/chrome/SearchPanel.tsx
Attempted import error: 'Touchable' is not exported from '../../primitives' (imported as 'Touchable').

Import trace for requested module:
../../packages/ui/components/chrome/SearchPanel.tsx
../../packages/ui/components/chrome/index.ts
../../packages/ui/components/index.ts
./app/_components/ClientHomeFeatures.tsx @ webpack-internal:///(app-pages-browser)/../../node_modules/next/dist/next-devtools/shared/forward-logs-shared.js:27
[  678344ms] [WARNING] ../../packages/ui/components/chrome/SearchPanel.tsx
Attempted import error: 'Touchable' is not exported from '../../primitives' (imported as 'Touchable').

Import trace for requested module:
../../packages/ui/components/chrome/SearchPanel.tsx
../../packages/ui/components/chrome/index.ts
../../packages/ui/components/index.ts
./app/_components/ClientHomeFeatures.tsx @ webpack-internal:///(app-pages-browser)/../../node_modules/next/dist/next-devtools/shared/forward-logs-shared.js:27
[  678344ms] [WARNING] There were more warnings in other files.
You can find a complete log in the terminal. @ webpack-internal:///(app-pages-browser)/../../node_modules/next/dist/next-devtools/shared/forward-logs-shared.js:27
[  678344ms] [LOG] [Fast Refresh] done in 649ms @ webpack-internal:///(app-pages-browser)/../../node_modules/next/dist/next-devtools/shared/forward-logs-shared.js:27
[  682702ms] [LOG] [Fast Refresh] rebuilding @ webpack-internal:///(app-pages-browser)/../../node_modules/next/dist/next-devtools/shared/forward-logs-shared.js:27
[  683256ms] [WARNING] ../../packages/ui/components/chrome/SearchPanel.tsx
Attempted import error: 'Touchable' is not exported from '../../primitives' (imported as 'Touchable').

Import trace for requested module:
../../packages/ui/components/chrome/SearchPanel.tsx
../../packages/ui/components/chrome/index.ts
../../packages/ui/components/index.ts
./app/_components/ClientHomeFeatures.tsx @ webpack-internal:///(app-pages-browser)/../../node_modules/next/dist/next-devtools/shared/forward-logs-shared.js:27
[  683257ms] [WARNING] ../../packages/ui/components/chrome/SearchPanel.tsx
Attempted import error: 'Touchable' is not exported from '../../primitives' (imported as 'Touchable').

Import trace for requested module:
../../packages/ui/components/chrome/SearchPanel.tsx
../../packages/ui/components/chrome/index.ts
../../packages/ui/components/index.ts
./app/_components/ClientHomeFeatures.tsx @ webpack-internal:///(app-pages-browser)/../../node_modules/next/dist/next-devtools/shared/forward-logs-shared.js:27
[  683257ms] [WARNING] ../../packages/ui/components/chrome/SearchPanel.tsx
Attempted import error: 'Touchable' is not exported from '../../primitives' (imported as 'Touchable').

Import trace for requested module:
../../packages/ui/components/chrome/SearchPanel.tsx
../../packages/ui/components/chrome/index.ts
../../packages/ui/components/index.ts
./app/_components/ClientHomeFeatures.tsx @ webpack-internal:///(app-pages-browser)/../../node_modules/next/dist/next-devtools/shared/forward-logs-shared.js:27
[  683257ms] [WARNING] ../../packages/ui/components/chrome/SearchPanel.tsx
Attempted import error: 'Touchable' is not exported from '../../primitives' (imported as 'Touchable').

Import trace for requested module:
../../packages/ui/components/chrome/SearchPanel.tsx
../../packages/ui/components/chrome/index.ts
../../packages/ui/components/index.ts
./app/_components/ClientHomeFeatures.tsx @ webpack-internal:///(app-pages-browser)/../../node_modules/next/dist/next-devtools/shared/forward-logs-shared.js:27
[  683258ms] [WARNING] ../../packages/ui/components/chrome/SearchPanel.tsx
Attempted import error: 'Touchable' is not exported from '../../primitives' (imported as 'Touchable').

Import trace for requested module:
../../packages/ui/components/chrome/SearchPanel.tsx
../../packages/ui/components/chrome/index.ts
../../packages/ui/components/index.ts
./app/_components/ClientHomeFeatures.tsx @ webpack-internal:///(app-pages-browser)/../../node_modules/next/dist/next-devtools/shared/forward-logs-shared.js:27
[  683258ms] [WARNING] There were more warnings in other files.
You can find a complete log in the terminal. @ webpack-internal:///(app-pages-browser)/../../node_modules/next/dist/next-devtools/shared/forward-logs-shared.js:27
[  683258ms] [LOG] [Fast Refresh] done in 557ms @ webpack-internal:///(app-pages-browser)/../../node_modules/next/dist/next-devtools/shared/forward-logs-shared.js:27
[  684687ms] [LOG] [Fast Refresh] rebuilding @ webpack-internal:///(app-pages-browser)/../../node_modules/next/dist/next-devtools/shared/forward-logs-shared.js:27
[  685198ms] [WARNING] ../../packages/ui/components/chrome/SearchPanel.tsx
Attempted import error: 'Touchable' is not exported from '../../primitives' (imported as 'Touchable').

Import trace for requested module:
../../packages/ui/components/chrome/SearchPanel.tsx
../../packages/ui/components/chrome/index.ts
../../packages/ui/components/index.ts
./app/_components/ClientHomeFeatures.tsx @ webpack-internal:///(app-pages-browser)/../../node_modules/next/dist/next-devtools/shared/forward-logs-shared.js:27
[  685198ms] [WARNING] ../../packages/ui/components/chrome/SearchPanel.tsx
Attempted import error: 'Touchable' is not exported from '../../primitives' (imported as 'Touchable').

Import trace for requested module:
../../packages/ui/components/chrome/SearchPanel.tsx
../../packages/ui/components/chrome/index.ts
../../packages/ui/components/index.ts
./app/_components/ClientHomeFeatures.tsx @ webpack-internal:///(app-pages-browser)/../../node_modules/next/dist/next-devtools/shared/forward-logs-shared.js:27
[  685198ms] [WARNING] ../../packages/ui/components/chrome/SearchPanel.tsx
Attempted import error: 'Touchable' is not exported from '../../primitives' (imported as 'Touchable').

Import trace for requested module:
../../packages/ui/components/chrome/SearchPanel.tsx
../../packages/ui/components/chrome/index.ts
../../packages/ui/components/index.ts
./app/_components/ClientHomeFeatures.tsx @ webpack-internal:///(app-pages-browser)/../../node_modules/next/dist/next-devtools/shared/forward-logs-shared.js:27
[  685199ms] [WARNING] ../../packages/ui/components/chrome/SearchPanel.tsx
Attempted import error: 'Touchable' is not exported from '../../primitives' (imported as 'Touchable').

Import trace for requested module:
../../packages/ui/components/chrome/SearchPanel.tsx
../../packages/ui/components/chrome/index.ts
../../packages/ui/components/index.ts
./app/_components/ClientHomeFeatures.tsx @ webpack-internal:///(app-pages-browser)/../../node_modules/next/dist/next-devtools/shared/forward-logs-shared.js:27
[  685199ms] [WARNING] ../../packages/ui/components/chrome/SearchPanel.tsx
Attempted import error: 'Touchable' is not exported from '../../primitives' (imported as 'Touchable').

Import trace for requested module:
../../packages/ui/components/chrome/SearchPanel.tsx
../../packages/ui/components/chrome/index.ts
../../packages/ui/components/index.ts
./app/_components/ClientHomeFeatures.tsx @ webpack-internal:///(app-pages-browser)/../../node_modules/next/dist/next-devtools/shared/forward-logs-shared.js:27
[  685199ms] [WARNING] There were more warnings in other files.
You can find a complete log in the terminal. @ webpack-internal:///(app-pages-browser)/../../node_modules/next/dist/next-devtools/shared/forward-logs-shared.js:27
[  685548ms] [LOG] [Fast Refresh] done in 860ms @ webpack-internal:///(app-pages-browser)/../../node_modules/next/dist/next-devtools/shared/forward-logs-shared.js:27
[ 3543057ms] [LOG] [Fast Refresh] rebuilding @ webpack-internal:///(app-pages-browser)/../../node_modules/next/dist/next-devtools/shared/forward-logs-shared.js:27
[ 3543390ms] [WARNING] ../../packages/ui/components/chrome/SearchPanel.tsx
Attempted import error: 'Touchable' is not exported from '../../primitives' (imported as 'Touchable').

Import trace for requested module:
../../packages/ui/components/chrome/SearchPanel.tsx
../../packages/ui/components/chrome/index.ts
../../packages/ui/components/index.ts
./app/_components/ClientHomeFeatures.tsx @ webpack-internal:///(app-pages-browser)/../../node_modules/next/dist/next-devtools/shared/forward-logs-shared.js:27
[ 3543390ms] [WARNING] ../../packages/ui/components/chrome/SearchPanel.tsx
Attempted import error: 'Touchable' is not exported from '../../primitives' (imported as 'Touchable').

Import trace for requested module:
../../packages/ui/components/chrome/SearchPanel.tsx
../../packages/ui/components/chrome/index.ts
../../packages/ui/components/index.ts
./app/_components/ClientHomeFeatures.tsx @ webpack-internal:///(app-pages-browser)/../../node_modules/next/dist/next-devtools/shared/forward-logs-shared.js:27
[ 3543391ms] [WARNING] ../../packages/ui/components/chrome/SearchPanel.tsx
Attempted import error: 'Touchable' is not exported from '../../primitives' (imported as 'Touchable').

Import trace for requested module:
../../packages/ui/components/chrome/SearchPanel.tsx
../../packages/ui/components/chrome/index.ts
../../packages/ui/components/index.ts
./app/_components/ClientHomeFeatures.tsx @ webpack-internal:///(app-pages-browser)/../../node_modules/next/dist/next-devtools/shared/forward-logs-shared.js:27
[ 3543391ms] [WARNING] ../../packages/ui/components/chrome/SearchPanel.tsx
Attempted import error: 'Touchable' is not exported from '../../primitives' (imported as 'Touchable').

Import trace for requested module:
../../packages/ui/components/chrome/SearchPanel.tsx
../../packages/ui/components/chrome/index.ts
../../packages/ui/components/index.ts
./app/_components/ClientHomeFeatures.tsx @ webpack-internal:///(app-pages-browser)/../../node_modules/next/dist/next-devtools/shared/forward-logs-shared.js:27
[ 3543391ms] [WARNING] ../../packages/ui/components/chrome/SearchPanel.tsx
Attempted import error: 'Touchable' is not exported from '../../primitives' (imported as 'Touchable').

Import trace for requested module:
../../packages/ui/components/chrome/SearchPanel.tsx
../../packages/ui/components/chrome/index.ts
../../packages/ui/components/index.ts
./app/_components/ClientHomeFeatures.tsx @ webpack-internal:///(app-pages-browser)/../../node_modules/next/dist/next-devtools/shared/forward-logs-shared.js:27
[ 3543391ms] [WARNING] There were more warnings in other files.
You can find a complete log in the terminal. @ webpack-internal:///(app-pages-browser)/../../node_modules/next/dist/next-devtools/shared/forward-logs-shared.js:27
[ 3543391ms] [LOG] [Fast Refresh] done in 335ms @ webpack-internal:///(app-pages-browser)/../../node_modules/next/dist/next-devtools/shared/forward-logs-shared.js:27
[ 3544182ms] [LOG] [Fast Refresh] rebuilding @ webpack-internal:///(app-pages-browser)/../../node_modules/next/dist/next-devtools/shared/forward-logs-shared.js:27
[ 3544811ms] [WARNING] ../../packages/ui/components/chrome/SearchPanel.tsx
Attempted import error: 'Touchable' is not exported from '../../primitives' (imported as 'Touchable').

Import trace for requested module:
../../packages/ui/components/chrome/SearchPanel.tsx
../../packages/ui/components/chrome/index.ts
../../packages/ui/components/index.ts
./app/_components/ClientHomeFeatures.tsx @ webpack-internal:///(app-pages-browser)/../../node_modules/next/dist/next-devtools/shared/forward-logs-shared.js:27
[ 3544812ms] [WARNING] ../../packages/ui/components/chrome/SearchPanel.tsx
Attempted import error: 'Touchable' is not exported from '../../primitives' (imported as 'Touchable').

Import trace for requested module:
../../packages/ui/components/chrome/SearchPanel.tsx
../../packages/ui/components/chrome/index.ts
../../packages/ui/components/index.ts
./app/_components/ClientHomeFeatures.tsx @ webpack-internal:///(app-pages-browser)/../../node_modules/next/dist/next-devtools/shared/forward-logs-shared.js:27
[ 3544812ms] [WARNING] ../../packages/ui/components/chrome/SearchPanel.tsx
Attempted import error: 'Touchable' is not exported from '../../primitives' (imported as 'Touchable').

Import trace for requested module:
../../packages/ui/components/chrome/SearchPanel.tsx
../../packages/ui/components/chrome/index.ts
../../packages/ui/components/index.ts
./app/_components/ClientHomeFeatures.tsx @ webpack-internal:///(app-pages-browser)/../../node_modules/next/dist/next-devtools/shared/forward-logs-shared.js:27
[ 3544812ms] [WARNING] ../../packages/ui/components/chrome/SearchPanel.tsx
Attempted import error: 'Touchable' is not exported from '../../primitives' (imported as 'Touchable').

Import trace for requested module:
../../packages/ui/components/chrome/SearchPanel.tsx
../../packages/ui/components/chrome/index.ts
../../packages/ui/components/index.ts
./app/_components/ClientHomeFeatures.tsx @ webpack-internal:///(app-pages-browser)/../../node_modules/next/dist/next-devtools/shared/forward-logs-shared.js:27
[ 3544812ms] [WARNING] ../../packages/ui/components/chrome/SearchPanel.tsx
Attempted import error: 'Touchable' is not exported from '../../primitives' (imported as 'Touchable').

Import trace for requested module:
../../packages/ui/components/chrome/SearchPanel.tsx
../../packages/ui/components/chrome/index.ts
../../packages/ui/components/index.ts
./app/_components/ClientHomeFeatures.tsx @ webpack-internal:///(app-pages-browser)/../../node_modules/next/dist/next-devtools/shared/forward-logs-shared.js:27
[ 3544812ms] [WARNING] There were more warnings in other files.
You can find a complete log in the terminal. @ webpack-internal:///(app-pages-browser)/../../node_modules/next/dist/next-devtools/shared/forward-logs-shared.js:27
[ 3544813ms] [LOG] [Fast Refresh] done in 631ms @ webpack-internal:///(app-pages-browser)/../../node_modules/next/dist/next-devtools/shared/forward-logs-shared.js:27
[ 3673448ms] [LOG] [Fast Refresh] rebuilding @ webpack-internal:///(app-pages-browser)/../../node_modules/next/dist/next-devtools/shared/forward-logs-shared.js:27
[ 3673804ms] [WARNING] ../../packages/ui/components/chrome/SearchPanel.tsx
Attempted import error: 'Touchable' is not exported from '../../primitives' (imported as 'Touchable').

Import trace for requested module:
../../packages/ui/components/chrome/SearchPanel.tsx
../../packages/ui/components/chrome/index.ts
../../packages/ui/components/index.ts
./app/_components/ClientHomeFeatures.tsx @ webpack-internal:///(app-pages-browser)/../../node_modules/next/dist/next-devtools/shared/forward-logs-shared.js:27
[ 3673805ms] [WARNING] ../../packages/ui/components/chrome/SearchPanel.tsx
Attempted import error: 'Touchable' is not exported from '../../primitives' (imported as 'Touchable').

Import trace for requested module:
../../packages/ui/components/chrome/SearchPanel.tsx
../../packages/ui/components/chrome/index.ts
../../packages/ui/components/index.ts
./app/_components/ClientHomeFeatures.tsx @ webpack-internal:///(app-pages-browser)/../../node_modules/next/dist/next-devtools/shared/forward-logs-shared.js:27
[ 3673806ms] [WARNING] ../../packages/ui/components/chrome/SearchPanel.tsx
Attempted import error: 'Touchable' is not exported from '../../primitives' (imported as 'Touchable').

Import trace for requested module:
../../packages/ui/components/chrome/SearchPanel.tsx
../../packages/ui/components/chrome/index.ts
../../packages/ui/components/index.ts
./app/_components/ClientHomeFeatures.tsx @ webpack-internal:///(app-pages-browser)/../../node_modules/next/dist/next-devtools/shared/forward-logs-shared.js:27
[ 3673806ms] [WARNING] ../../packages/ui/components/chrome/SearchPanel.tsx
Attempted import error: 'Touchable' is not exported from '../../primitives' (imported as 'Touchable').

Import trace for requested module:
../../packages/ui/components/chrome/SearchPanel.tsx
../../packages/ui/components/chrome/index.ts
../../packages/ui/components/index.ts
./app/_components/ClientHomeFeatures.tsx @ webpack-internal:///(app-pages-browser)/../../node_modules/next/dist/next-devtools/shared/forward-logs-shared.js:27
[ 3673806ms] [WARNING] ../../packages/ui/components/chrome/SearchPanel.tsx
Attempted import error: 'Touchable' is not exported from '../../primitives' (imported as 'Touchable').

Import trace for requested module:
../../packages/ui/components/chrome/SearchPanel.tsx
../../packages/ui/components/chrome/index.ts
../../packages/ui/components/index.ts
./app/_components/ClientHomeFeatures.tsx @ webpack-internal:///(app-pages-browser)/../../node_modules/next/dist/next-devtools/shared/forward-logs-shared.js:27
[ 3673807ms] [WARNING] There were more warnings in other files.
You can find a complete log in the terminal. @ webpack-internal:///(app-pages-browser)/../../node_modules/next/dist/next-devtools/shared/forward-logs-shared.js:27
[ 3673807ms] [LOG] [Fast Refresh] done in 359ms @ webpack-internal:///(app-pages-browser)/../../node_modules/next/dist/next-devtools/shared/forward-logs-shared.js:27
[ 3674599ms] [LOG] [Fast Refresh] rebuilding @ webpack-internal:///(app-pages-browser)/../../node_modules/next/dist/next-devtools/shared/forward-logs-shared.js:27
[ 3675782ms] [WARNING] ../../packages/ui/components/chrome/SearchPanel.tsx
Attempted import error: 'Touchable' is not exported from '../../primitives' (imported as 'Touchable').

Import trace for requested module:
../../packages/ui/components/chrome/SearchPanel.tsx
../../packages/ui/components/chrome/index.ts
../../packages/ui/components/index.ts
./app/_components/ClientHomeFeatures.tsx @ webpack-internal:///(app-pages-browser)/../../node_modules/next/dist/next-devtools/shared/forward-logs-shared.js:27
[ 3675783ms] [WARNING] ../../packages/ui/components/chrome/SearchPanel.tsx
Attempted import error: 'Touchable' is not exported from '../../primitives' (imported as 'Touchable').

Import trace for requested module:
../../packages/ui/components/chrome/SearchPanel.tsx
../../packages/ui/components/chrome/index.ts
../../packages/ui/components/index.ts
./app/_components/ClientHomeFeatures.tsx @ webpack-internal:///(app-pages-browser)/../../node_modules/next/dist/next-devtools/shared/forward-logs-shared.js:27
[ 3675783ms] [WARNING] ../../packages/ui/components/chrome/SearchPanel.tsx
Attempted import error: 'Touchable' is not exported from '../../primitives' (imported as 'Touchable').

Import trace for requested module:
../../packages/ui/components/chrome/SearchPanel.tsx
../../packages/ui/components/chrome/index.ts
../../packages/ui/components/index.ts
./app/_components/ClientHomeFeatures.tsx @ webpack-internal:///(app-pages-browser)/../../node_modules/next/dist/next-devtools/shared/forward-logs-shared.js:27
[ 3675783ms] [WARNING] ../../packages/ui/components/chrome/SearchPanel.tsx
Attempted import error: 'Touchable' is not exported from '../../primitives' (imported as 'Touchable').

Import trace for requested module:
../../packages/ui/components/chrome/SearchPanel.tsx
../../packages/ui/components/chrome/index.ts
../../packages/ui/components/index.ts
./app/_components/ClientHomeFeatures.tsx @ webpack-internal:///(app-pages-browser)/../../node_modules/next/dist/next-devtools/shared/forward-logs-shared.js:27
[ 3675783ms] [WARNING] ../../packages/ui/components/chrome/SearchPanel.tsx
Attempted import error: 'Touchable' is not exported from '../../primitives' (imported as 'Touchable').

Import trace for requested module:
../../packages/ui/components/chrome/SearchPanel.tsx
../../packages/ui/components/chrome/index.ts
../../packages/ui/components/index.ts
./app/_components/ClientHomeFeatures.tsx @ webpack-internal:///(app-pages-browser)/../../node_modules/next/dist/next-devtools/shared/forward-logs-shared.js:27
[ 3675784ms] [WARNING] There were more warnings in other files.
You can find a complete log in the terminal. @ webpack-internal:///(app-pages-browser)/../../node_modules/next/dist/next-devtools/shared/forward-logs-shared.js:27
[ 3675784ms] [LOG] [Fast Refresh] done in 1185ms @ webpack-internal:///(app-pages-browser)/../../node_modules/next/dist/next-devtools/shared/forward-logs-shared.js:27
[ 3698531ms] [LOG] [Fast Refresh] rebuilding @ webpack-internal:///(app-pages-browser)/../../node_modules/next/dist/next-devtools/shared/forward-logs-shared.js:27
[ 3698850ms] [WARNING] ../../packages/ui/components/chrome/SearchPanel.tsx
Attempted import error: 'Touchable' is not exported from '../../primitives' (imported as 'Touchable').

Import trace for requested module:
../../packages/ui/components/chrome/SearchPanel.tsx
../../packages/ui/components/chrome/index.ts
../../packages/ui/components/index.ts
./app/_components/ClientHomeFeatures.tsx @ webpack-internal:///(app-pages-browser)/../../node_modules/next/dist/next-devtools/shared/forward-logs-shared.js:27
[ 3698851ms] [WARNING] ../../packages/ui/components/chrome/SearchPanel.tsx
Attempted import error: 'Touchable' is not exported from '../../primitives' (imported as 'Touchable').

Import trace for requested module:
../../packages/ui/components/chrome/SearchPanel.tsx
../../packages/ui/components/chrome/index.ts
../../packages/ui/components/index.ts
./app/_components/ClientHomeFeatures.tsx @ webpack-internal:///(app-pages-browser)/../../node_modules/next/dist/next-devtools/shared/forward-logs-shared.js:27
[ 3698851ms] [WARNING] ../../packages/ui/components/chrome/SearchPanel.tsx
Attempted import error: 'Touchable' is not exported from '../../primitives' (imported as 'Touchable').

Import trace for requested module:
../../packages/ui/components/chrome/SearchPanel.tsx
../../packages/ui/components/chrome/index.ts
../../packages/ui/components/index.ts
./app/_components/ClientHomeFeatures.tsx @ webpack-internal:///(app-pages-browser)/../../node_modules/next/dist/next-devtools/shared/forward-logs-shared.js:27
[ 3698851ms] [WARNING] ../../packages/ui/components/chrome/SearchPanel.tsx
Attempted import error: 'Touchable' is not exported from '../../primitives' (imported as 'Touchable').

Import trace for requested module:
../../packages/ui/components/chrome/SearchPanel.tsx
../../packages/ui/components/chrome/index.ts
../../packages/ui/components/index.ts
./app/_components/ClientHomeFeatures.tsx @ webpack-internal:///(app-pages-browser)/../../node_modules/next/dist/next-devtools/shared/forward-logs-shared.js:27
[ 3698851ms] [WARNING] ../../packages/ui/components/chrome/SearchPanel.tsx
Attempted import error: 'Touchable' is not exported from '../../primitives' (imported as 'Touchable').

Import trace for requested module:
../../packages/ui/components/chrome/SearchPanel.tsx
../../packages/ui/components/chrome/index.ts
../../packages/ui/components/index.ts
./app/_components/ClientHomeFeatures.tsx @ webpack-internal:///(app-pages-browser)/../../node_modules/next/dist/next-devtools/shared/forward-logs-shared.js:27
[ 3698852ms] [WARNING] There were more warnings in other files.
You can find a complete log in the terminal. @ webpack-internal:///(app-pages-browser)/../../node_modules/next/dist/next-devtools/shared/forward-logs-shared.js:27
[ 3698852ms] [LOG] [Fast Refresh] done in 320ms @ webpack-internal:///(app-pages-browser)/../../node_modules/next/dist/next-devtools/shared/forward-logs-shared.js:27
[ 3699706ms] [LOG] [Fast Refresh] rebuilding @ webpack-internal:///(app-pages-browser)/../../node_modules/next/dist/next-devtools/shared/forward-logs-shared.js:27
[ 3700510ms] [WARNING] ../../packages/ui/components/chrome/SearchPanel.tsx
Attempted import error: 'Touchable' is not exported from '../../primitives' (imported as 'Touchable').

Import trace for requested module:
../../packages/ui/components/chrome/SearchPanel.tsx
../../packages/ui/components/chrome/index.ts
../../packages/ui/components/index.ts
./app/_components/ClientHomeFeatures.tsx @ webpack-internal:///(app-pages-browser)/../../node_modules/next/dist/next-devtools/shared/forward-logs-shared.js:27
[ 3700511ms] [WARNING] ../../packages/ui/components/chrome/SearchPanel.tsx
Attempted import error: 'Touchable' is not exported from '../../primitives' (imported as 'Touchable').

Import trace for requested module:
../../packages/ui/components/chrome/SearchPanel.tsx
../../packages/ui/components/chrome/index.ts
../../packages/ui/components/index.ts
./app/_components/ClientHomeFeatures.tsx @ webpack-internal:///(app-pages-browser)/../../node_modules/next/dist/next-devtools/shared/forward-logs-shared.js:27
[ 3700511ms] [WARNING] ../../packages/ui/components/chrome/SearchPanel.tsx
Attempted import error: 'Touchable' is not exported from '../../primitives' (imported as 'Touchable').

Import trace for requested module:
../../packages/ui/components/chrome/SearchPanel.tsx
../../packages/ui/components/chrome/index.ts
../../packages/ui/components/index.ts
./app/_components/ClientHomeFeatures.tsx @ webpack-internal:///(app-pages-browser)/../../node_modules/next/dist/next-devtools/shared/forward-logs-shared.js:27
[ 3700511ms] [WARNING] ../../packages/ui/components/chrome/SearchPanel.tsx
Attempted import error: 'Touchable' is not exported from '../../primitives' (imported as 'Touchable').

Import trace for requested module:
../../packages/ui/components/chrome/SearchPanel.tsx
../../packages/ui/components/chrome/index.ts
../../packages/ui/components/index.ts
./app/_components/ClientHomeFeatures.tsx @ webpack-internal:///(app-pages-browser)/../../node_modules/next/dist/next-devtools/shared/forward-logs-shared.js:27
[ 3700511ms] [WARNING] ../../packages/ui/components/chrome/SearchPanel.tsx
Attempted import error: 'Touchable' is not exported from '../../primitives' (imported as 'Touchable').

Import trace for requested module:
../../packages/ui/components/chrome/SearchPanel.tsx
../../packages/ui/components/chrome/index.ts
../../packages/ui/components/index.ts
./app/_components/ClientHomeFeatures.tsx @ webpack-internal:///(app-pages-browser)/../../node_modules/next/dist/next-devtools/shared/forward-logs-shared.js:27
[ 3700512ms] [WARNING] There were more warnings in other files.
You can find a complete log in the terminal. @ webpack-internal:///(app-pages-browser)/../../node_modules/next/dist/next-devtools/shared/forward-logs-shared.js:27
[ 3700512ms] [LOG] [Fast Refresh] done in 806ms @ webpack-internal:///(app-pages-browser)/../../node_modules/next/dist/next-devtools/shared/forward-logs-shared.js:27
[ 3723634ms] [LOG] [Fast Refresh] rebuilding @ webpack-internal:///(app-pages-browser)/../../node_modules/next/dist/next-devtools/shared/forward-logs-shared.js:27
[ 3724180ms] [WARNING] ../../packages/ui/components/chrome/SearchPanel.tsx
Attempted import error: 'Touchable' is not exported from '../../primitives' (imported as 'Touchable').

Import trace for requested module:
../../packages/ui/components/chrome/SearchPanel.tsx
../../packages/ui/components/chrome/index.ts
../../packages/ui/components/index.ts
./app/_components/ClientHomeFeatures.tsx @ webpack-internal:///(app-pages-browser)/../../node_modules/next/dist/next-devtools/shared/forward-logs-shared.js:27
[ 3724181ms] [WARNING] ../../packages/ui/components/chrome/SearchPanel.tsx
Attempted import error: 'Touchable' is not exported from '../../primitives' (imported as 'Touchable').

Import trace for requested module:
../../packages/ui/components/chrome/SearchPanel.tsx
../../packages/ui/components/chrome/index.ts
../../packages/ui/components/index.ts
./app/_components/ClientHomeFeatures.tsx @ webpack-internal:///(app-pages-browser)/../../node_modules/next/dist/next-devtools/shared/forward-logs-shared.js:27
[ 3724181ms] [WARNING] ../../packages/ui/components/chrome/SearchPanel.tsx
Attempted import error: 'Touchable' is not exported from '../../primitives' (imported as 'Touchable').

Import trace for requested module:
../../packages/ui/components/chrome/SearchPanel.tsx
../../packages/ui/components/chrome/index.ts
../../packages/ui/components/index.ts
./app/_components/ClientHomeFeatures.tsx @ webpack-internal:///(app-pages-browser)/../../node_modules/next/dist/next-devtools/shared/forward-logs-shared.js:27
[ 3724181ms] [WARNING] ../../packages/ui/components/chrome/SearchPanel.tsx
Attempted import error: 'Touchable' is not exported from '../../primitives' (imported as 'Touchable').

Import trace for requested module:
../../packages/ui/components/chrome/SearchPanel.tsx
../../packages/ui/components/chrome/index.ts
../../packages/ui/components/index.ts
./app/_components/ClientHomeFeatures.tsx @ webpack-internal:///(app-pages-browser)/../../node_modules/next/dist/next-devtools/shared/forward-logs-shared.js:27
[ 3724181ms] [WARNING] ../../packages/ui/components/chrome/SearchPanel.tsx
Attempted import error: 'Touchable' is not exported from '../../primitives' (imported as 'Touchable').

Import trace for requested module:
../../packages/ui/components/chrome/SearchPanel.tsx
../../packages/ui/components/chrome/index.ts
../../packages/ui/components/index.ts
./app/_components/ClientHomeFeatures.tsx @ webpack-internal:///(app-pages-browser)/../../node_modules/next/dist/next-devtools/shared/forward-logs-shared.js:27
[ 3724182ms] [WARNING] There were more warnings in other files.
You can find a complete log in the terminal. @ webpack-internal:///(app-pages-browser)/../../node_modules/next/dist/next-devtools/shared/forward-logs-shared.js:27
[ 3724182ms] [LOG] [Fast Refresh] done in 548ms @ webpack-internal:///(app-pages-browser)/../../node_modules/next/dist/next-devtools/shared/forward-logs-shared.js:27
[ 3724816ms] [LOG] [Fast Refresh] rebuilding @ webpack-internal:///(app-pages-browser)/../../node_modules/next/dist/next-devtools/shared/forward-logs-shared.js:27
[ 3726123ms] [WARNING] ../../packages/ui/components/chrome/SearchPanel.tsx
Attempted import error: 'Touchable' is not exported from '../../primitives' (imported as 'Touchable').

Import trace for requested module:
../../packages/ui/components/chrome/SearchPanel.tsx
../../packages/ui/components/chrome/index.ts
../../packages/ui/components/index.ts
./app/_components/ClientHomeFeatures.tsx @ webpack-internal:///(app-pages-browser)/../../node_modules/next/dist/next-devtools/shared/forward-logs-shared.js:27
[ 3726123ms] [WARNING] ../../packages/ui/components/chrome/SearchPanel.tsx
Attempted import error: 'Touchable' is not exported from '../../primitives' (imported as 'Touchable').

Import trace for requested module:
../../packages/ui/components/chrome/SearchPanel.tsx
../../packages/ui/components/chrome/index.ts
../../packages/ui/components/index.ts
./app/_components/ClientHomeFeatures.tsx @ webpack-internal:///(app-pages-browser)/../../node_modules/next/dist/next-devtools/shared/forward-logs-shared.js:27
[ 3726124ms] [WARNING] ../../packages/ui/components/chrome/SearchPanel.tsx
Attempted import error: 'Touchable' is not exported from '../../primitives' (imported as 'Touchable').

Import trace for requested module:
../../packages/ui/components/chrome/SearchPanel.tsx
../../packages/ui/components/chrome/index.ts
../../packages/ui/components/index.ts
./app/_components/ClientHomeFeatures.tsx @ webpack-internal:///(app-pages-browser)/../../node_modules/next/dist/next-devtools/shared/forward-logs-shared.js:27
[ 3726124ms] [WARNING] ../../packages/ui/components/chrome/SearchPanel.tsx
Attempted import error: 'Touchable' is not exported from '../../primitives' (imported as 'Touchable').

Import trace for requested module:
../../packages/ui/components/chrome/SearchPanel.tsx
../../packages/ui/components/chrome/index.ts
../../packages/ui/components/index.ts
./app/_components/ClientHomeFeatures.tsx @ webpack-internal:///(app-pages-browser)/../../node_modules/next/dist/next-devtools/shared/forward-logs-shared.js:27
[ 3726124ms] [WARNING] ../../packages/ui/components/chrome/SearchPanel.tsx
Attempted import error: 'Touchable' is not exported from '../../primitives' (imported as 'Touchable').

Import trace for requested module:
../../packages/ui/components/chrome/SearchPanel.tsx
../../packages/ui/components/chrome/index.ts
../../packages/ui/components/index.ts
./app/_components/ClientHomeFeatures.tsx @ webpack-internal:///(app-pages-browser)/../../node_modules/next/dist/next-devtools/shared/forward-logs-shared.js:27
[ 3726124ms] [WARNING] There were more warnings in other files.
You can find a complete log in the terminal. @ webpack-internal:///(app-pages-browser)/../../node_modules/next/dist/next-devtools/shared/forward-logs-shared.js:27
[ 3726124ms] [LOG] [Fast Refresh] done in 1308ms @ webpack-internal:///(app-pages-browser)/../../node_modules/next/dist/next-devtools/shared/forward-logs-shared.js:27
[ 3753733ms] [LOG] [Fast Refresh] rebuilding @ webpack-internal:///(app-pages-browser)/../../node_modules/next/dist/next-devtools/shared/forward-logs-shared.js:27
[ 3754074ms] [WARNING] ../../packages/ui/components/chrome/SearchPanel.tsx
Attempted import error: 'Touchable' is not exported from '../../primitives' (imported as 'Touchable').

Import trace for requested module:
../../packages/ui/components/chrome/SearchPanel.tsx
../../packages/ui/components/chrome/index.ts
../../packages/ui/components/index.ts
./app/_components/ClientHomeFeatures.tsx @ webpack-internal:///(app-pages-browser)/../../node_modules/next/dist/next-devtools/shared/forward-logs-shared.js:27
[ 3754075ms] [WARNING] ../../packages/ui/components/chrome/SearchPanel.tsx
Attempted import error: 'Touchable' is not exported from '../../primitives' (imported as 'Touchable').

Import trace for requested module:
../../packages/ui/components/chrome/SearchPanel.tsx
../../packages/ui/components/chrome/index.ts
../../packages/ui/components/index.ts
./app/_components/ClientHomeFeatures.tsx @ webpack-internal:///(app-pages-browser)/../../node_modules/next/dist/next-devtools/shared/forward-logs-shared.js:27
[ 3754075ms] [WARNING] ../../packages/ui/components/chrome/SearchPanel.tsx
Attempted import error: 'Touchable' is not exported from '../../primitives' (imported as 'Touchable').

Import trace for requested module:
../../packages/ui/components/chrome/SearchPanel.tsx
../../packages/ui/components/chrome/index.ts
../../packages/ui/components/index.ts
./app/_components/ClientHomeFeatures.tsx @ webpack-internal:///(app-pages-browser)/../../node_modules/next/dist/next-devtools/shared/forward-logs-shared.js:27
[ 3754075ms] [WARNING] ../../packages/ui/components/chrome/SearchPanel.tsx
Attempted import error: 'Touchable' is not exported from '../../primitives' (imported as 'Touchable').

Import trace for requested module:
../../packages/ui/components/chrome/SearchPanel.tsx
../../packages/ui/components/chrome/index.ts
../../packages/ui/components/index.ts
./app/_components/ClientHomeFeatures.tsx @ webpack-internal:///(app-pages-browser)/../../node_modules/next/dist/next-devtools/shared/forward-logs-shared.js:27
[ 3754076ms] [WARNING] ../../packages/ui/components/chrome/SearchPanel.tsx
Attempted import error: 'Touchable' is not exported from '../../primitives' (imported as 'Touchable').

Import trace for requested module:
../../packages/ui/components/chrome/SearchPanel.tsx
../../packages/ui/components/chrome/index.ts
../../packages/ui/components/index.ts
./app/_components/ClientHomeFeatures.tsx @ webpack-internal:///(app-pages-browser)/../../node_modules/next/dist/next-devtools/shared/forward-logs-shared.js:27
[ 3754076ms] [WARNING] There were more warnings in other files.
You can find a complete log in the terminal. @ webpack-internal:///(app-pages-browser)/../../node_modules/next/dist/next-devtools/shared/forward-logs-shared.js:27
[ 3754076ms] [LOG] [Fast Refresh] done in 342ms @ webpack-internal:///(app-pages-browser)/../../node_modules/next/dist/next-devtools/shared/forward-logs-shared.js:27
[ 3754879ms] [LOG] [Fast Refresh] rebuilding @ webpack-internal:///(app-pages-browser)/../../node_modules/next/dist/next-devtools/shared/forward-logs-shared.js:27
[ 3755884ms] [WARNING] ../../packages/ui/components/chrome/SearchPanel.tsx
Attempted import error: 'Touchable' is not exported from '../../primitives' (imported as 'Touchable').

Import trace for requested module:
../../packages/ui/components/chrome/SearchPanel.tsx
../../packages/ui/components/chrome/index.ts
../../packages/ui/components/index.ts
./app/_components/ClientHomeFeatures.tsx @ webpack-internal:///(app-pages-browser)/../../node_modules/next/dist/next-devtools/shared/forward-logs-shared.js:27
[ 3755884ms] [WARNING] ../../packages/ui/components/chrome/SearchPanel.tsx
Attempted import error: 'Touchable' is not exported from '../../primitives' (imported as 'Touchable').

Import trace for requested module:
../../packages/ui/components/chrome/SearchPanel.tsx
../../packages/ui/components/chrome/index.ts
../../packages/ui/components/index.ts
./app/_components/ClientHomeFeatures.tsx @ webpack-internal:///(app-pages-browser)/../../node_modules/next/dist/next-devtools/shared/forward-logs-shared.js:27
[ 3755885ms] [WARNING] ../../packages/ui/components/chrome/SearchPanel.tsx
Attempted import error: 'Touchable' is not exported from '../../primitives' (imported as 'Touchable').

Import trace for requested module:
../../packages/ui/components/chrome/SearchPanel.tsx
../../packages/ui/components/chrome/index.ts
../../packages/ui/components/index.ts
./app/_components/ClientHomeFeatures.tsx @ webpack-internal:///(app-pages-browser)/../../node_modules/next/dist/next-devtools/shared/forward-logs-shared.js:27
[ 3755885ms] [WARNING] ../../packages/ui/components/chrome/SearchPanel.tsx
Attempted import error: 'Touchable' is not exported from '../../primitives' (imported as 'Touchable').

Import trace for requested module:
../../packages/ui/components/chrome/SearchPanel.tsx
../../packages/ui/components/chrome/index.ts
../../packages/ui/components/index.ts
./app/_components/ClientHomeFeatures.tsx @ webpack-internal:///(app-pages-browser)/../../node_modules/next/dist/next-devtools/shared/forward-logs-shared.js:27
[ 3755885ms] [WARNING] ../../packages/ui/components/chrome/SearchPanel.tsx
Attempted import error: 'Touchable' is not exported from '../../primitives' (imported as 'Touchable').

Import trace for requested module:
../../packages/ui/components/chrome/SearchPanel.tsx
../../packages/ui/components/chrome/index.ts
../../packages/ui/components/index.ts
./app/_components/ClientHomeFeatures.tsx @ webpack-internal:///(app-pages-browser)/../../node_modules/next/dist/next-devtools/shared/forward-logs-shared.js:27
[ 3755885ms] [WARNING] There were more warnings in other files.
You can find a complete log in the terminal. @ webpack-internal:///(app-pages-browser)/../../node_modules/next/dist/next-devtools/shared/forward-logs-shared.js:27
[ 3755885ms] [LOG] [Fast Refresh] done in 1007ms @ webpack-internal:///(app-pages-browser)/../../node_modules/next/dist/next-devtools/shared/forward-logs-shared.js:27
