[     693ms] [LOG] IMAGE EXPECTED: https://www.sephora.com/contentimages/26-04-04_glossier-you-soie_site_hp_hero-banner-1200x800_us-can_2833.jpg?imwidth=340 @ https://www.sephora.com/:23
[     695ms] [LOG] IMAGE EXPECTED: https://www.sephora.com/contentimages/2026-feb-makeup-story-site-hp-hero-banner-us-defined-lips-2835-image-only_gr.jpg?imwidth=340 @ https://www.sephora.com/:23
[     697ms] [LOG] IMAGE EXPECTED: https://www.sephora.com/contentimages/26-04-02_rare-true-to-myself-foundation_site_hp_hero-banner-1200x800_us-can_2833.jpg?imwidth=340 @ https://www.sephora.com/:23
[     850ms] [LOG] PAGE RENDER REPORT: Image Loaded https://www.sephora.com/contentimages/26-04-04_glossier-you-soie_site_hp_hero-banner-1200x800_us-can_2833.jpg?imwidth=1090 Image Identifier https://www.sephora.com/contentimages/26-04-04_glossier-you-soie_site_hp_hero-banner-1200x800_us-can_2833.jpg?imwidth=340 @ https://www.sephora.com/:23
[     890ms] [LOG] PAGE RENDER REPORT: Image Loaded https://www.sephora.com/contentimages/26-04-02_rare-true-to-myself-foundation_site_hp_hero-banner-1200x800_us-can_2833.jpg?imwidth=1090 Image Identifier https://www.sephora.com/contentimages/26-04-02_rare-true-to-myself-foundation_site_hp_hero-banner-1200x800_us-can_2833.jpg?imwidth=340 @ https://www.sephora.com/:23
[    1059ms] [LOG] PAGE RENDER REPORT: Image Loaded https://www.sephora.com/contentimages/2026-feb-makeup-story-site-hp-hero-banner-us-defined-lips-2835-image-only_gr.jpg?imwidth=1090 Image Identifier https://www.sephora.com/contentimages/2026-feb-makeup-story-site-hp-hero-banner-us-defined-lips-2835-image-only_gr.jpg?imwidth=340 @ https://www.sephora.com/:23
[    1059ms] [LOG] PAGE RENDER REPORT: FINAL IMAGE LOADED @ https://www.sephora.com/:23
[    1662ms] [WARNING] You need to pass your component as a second parameter to store.subscribe or store.setAndWatch, otherwise there’s a risk to stay subscribed on the unmounted component.If you want to ignore automatic unsubscription, please pass { ignoreAutoUnsubscribe: true } as a second parameter to store.subscribe or store.setAndWatch @ https://www.sephora.com/js/ufe/isomorphic/main.bundle.B107CoriginmasterD20260402205602.js:1
[    1668ms] [LOG] [RefreshToken - mainheadscript] Initializing RefreshToken service @ https://www.sephora.com/:23
[    1669ms] [LOG] [RefreshToken - mainheadscript] Getting new anonymous tokens @ https://www.sephora.com/:23
[    2974ms] [INFO] ApplePay Chase {chaseMigrationEnabled: true, isRCPSAppleChaseEnabled: true} @ https://www.sephora.com/js/ufe/isomorphic/main.bundle.B107CoriginmasterD20260402205602.js:4
[    3045ms] [LOG] [RefreshToken - mainheadscript] Timer set for 120000ms (120s) @ https://www.sephora.com/:23
[    3045ms] [LOG] Priority bundle loaded: Module @ https://www.sephora.com/js/ufe/isomorphic/main.bundle.B107CoriginmasterD20260402205602.js:4
[    3093ms] [WARNING] You need to pass your component as a second parameter to store.subscribe or store.setAndWatch, otherwise there’s a risk to stay subscribed on the unmounted component.If you want to ignore automatic unsubscription, please pass { ignoreAutoUnsubscribe: true } as a second parameter to store.subscribe or store.setAndWatch @ https://www.sephora.com/js/ufe/isomorphic/main.bundle.B107CoriginmasterD20260402205602.js:1
[    3205ms] [ERROR] Failed to load resource: the server responded with a status of 429 () @ https://www.sephora.com/149e9513-01fa-4fb0-aad4-566afd725d1b/2d206a39-8ed7-437e-a3be-862e0f06eea3/fp?x-kpsdk-v=j-1.2.308:0
[    3255ms] [ERROR] 2026-04-04 19:58:25,524 [URL: /] [template: Homepage/Homepage] [wrapComponentRender.js] TypeError: Cannot read properties of undefined (reading 'is')
    at r.is.r (https://www.sephora.com/js/ufe/isomorphic/main.bundle.B107CoriginmasterD20260402205602.js:5:259541)
    at b (https://www.sephora.com/js/ufe/isomorphic/main.bundle.B107CoriginmasterD20260402205602.js:5:288587)
    at https://www.sephora.com/js/ufe/isomorphic/main.bundle.B107CoriginmasterD20260402205602.js:5:288852
    at F (https://www.sephora.com/js/ufe/isomorphic/main.bundle.B107CoriginmasterD20260402205602.js:2:297933)
    at G (https://www.sephora.com/js/ufe/isomorphic/main.bundle.B107CoriginmasterD20260402205602.js:2:298593)
    at us (https://www.sephora.com/js/ufe/isomorphic/main.bundle.B107CoriginmasterD20260402205602.js:2:362379)
    at fu (https://www.sephora.com/js/ufe/isomorphic/main.bundle.B107CoriginmasterD20260402205602.js:2:398869)
    at gu (https://www.sephora.com/js/ufe/isomorphic/main.bundle.B107CoriginmasterD20260402205602.js:2:399608)
    at ou (https://www.sephora.com/js/ufe/isomorphic/main.bundle.B107CoriginmasterD20260402205602.js:2:394751)
    at C (https://www.sephora.com/js/ufe/isomorphic/main.bundle.B107CoriginmasterD20260402205602.js:2:449135)
    at w (https://www.sephora.com/js/ufe/isomorphic/main.bundle.B107CoriginmasterD20260402205602.js:2:449667)
    at S._.<computed> (https://www.sephora.com/js/ufe/isomorphic/main.bundle.B107CoriginmasterD20260402205602.js:2:106331)
    at R (https://www.sephora.com/js/ufe/isomorphic/main.bundle.B107CoriginmasterD20260402205602.js:2:106100)
    at MessagePort.D (https://www.sephora.com/js/ufe/isomorphic/main.bundle.B107CoriginmasterD20260402205602.js:2:106159)
    at Object.g [as apply] (https://www.sephora.com/resources/3921a572bc642a03f9e3b5f9aca755a11630011008b74:25:458)
    at MessagePort.<anonymous> (https://www.sephora.com/resources/3921a572bc642a03f9e3b5f9aca755a11630011008b74:26:178) @ https://s.go-mpulse.net/boomerang/FS9BD-W3YYU-T5EYF-DZEKW-5ERXU:9
[    3257ms] [ERROR] 2026-04-04 19:58:25,528 [URL: /] [template: Homepage/Homepage] [wrapComponentRender.js] TypeError: Cannot destructure property 'id' of 'e' as it is undefined.
    at Function.<anonymous> (https://www.sephora.com/js/ufe/isomorphic/main.bundle.B107CoriginmasterD20260402205602.js:2:1333421)
    at b (https://www.sephora.com/js/ufe/isomorphic/main.bundle.B107CoriginmasterD20260402205602.js:5:288587)
    at https://www.sephora.com/js/ufe/isomorphic/main.bundle.B107CoriginmasterD20260402205602.js:5:288852
    at F (https://www.sephora.com/js/ufe/isomorphic/main.bundle.B107CoriginmasterD20260402205602.js:2:297933)
    at G (https://www.sephora.com/js/ufe/isomorphic/main.bundle.B107CoriginmasterD20260402205602.js:2:298593)
    at us (https://www.sephora.com/js/ufe/isomorphic/main.bundle.B107CoriginmasterD20260402205602.js:2:362379)
    at fu (https://www.sephora.com/js/ufe/isomorphic/main.bundle.B107CoriginmasterD20260402205602.js:2:398869)
    at gu (https://www.sephora.com/js/ufe/isomorphic/main.bundle.B107CoriginmasterD20260402205602.js:2:399608)
    at ou (https://www.sephora.com/js/ufe/isomorphic/main.bundle.B107CoriginmasterD20260402205602.js:2:394751)
    at C (https://www.sephora.com/js/ufe/isomorphic/main.bundle.B107CoriginmasterD20260402205602.js:2:449135)
    at w (https://www.sephora.com/js/ufe/isomorphic/main.bundle.B107CoriginmasterD20260402205602.js:2:449667)
    at S._.<computed> (https://www.sephora.com/js/ufe/isomorphic/main.bundle.B107CoriginmasterD20260402205602.js:2:106331)
    at R (https://www.sephora.com/js/ufe/isomorphic/main.bundle.B107CoriginmasterD20260402205602.js:2:106100)
    at MessagePort.D (https://www.sephora.com/js/ufe/isomorphic/main.bundle.B107CoriginmasterD20260402205602.js:2:106159)
    at Object.g [as apply] (https://www.sephora.com/resources/3921a572bc642a03f9e3b5f9aca755a11630011008b74:25:458)
    at MessagePort.<anonymous> (https://www.sephora.com/resources/3921a572bc642a03f9e3b5f9aca755a11630011008b74:26:178) @ https://s.go-mpulse.net/boomerang/FS9BD-W3YYU-T5EYF-DZEKW-5ERXU:9
[    3259ms] [ERROR] 2026-04-04 19:58:25,530 [URL: /] [template: Homepage/Homepage] [wrapComponentRender.js] TypeError: Cannot read properties of undefined (reading 'is')
    at r.is.r (https://www.sephora.com/js/ufe/isomorphic/main.bundle.B107CoriginmasterD20260402205602.js:5:259541)
    at b (https://www.sephora.com/js/ufe/isomorphic/main.bundle.B107CoriginmasterD20260402205602.js:5:288587)
    at https://www.sephora.com/js/ufe/isomorphic/main.bundle.B107CoriginmasterD20260402205602.js:5:288852
    at F (https://www.sephora.com/js/ufe/isomorphic/main.bundle.B107CoriginmasterD20260402205602.js:2:297933)
    at G (https://www.sephora.com/js/ufe/isomorphic/main.bundle.B107CoriginmasterD20260402205602.js:2:298593)
    at us (https://www.sephora.com/js/ufe/isomorphic/main.bundle.B107CoriginmasterD20260402205602.js:2:362379)
    at fu (https://www.sephora.com/js/ufe/isomorphic/main.bundle.B107CoriginmasterD20260402205602.js:2:398869)
    at gu (https://www.sephora.com/js/ufe/isomorphic/main.bundle.B107CoriginmasterD20260402205602.js:2:399608)
    at ou (https://www.sephora.com/js/ufe/isomorphic/main.bundle.B107CoriginmasterD20260402205602.js:2:394751)
    at C (https://www.sephora.com/js/ufe/isomorphic/main.bundle.B107CoriginmasterD20260402205602.js:2:449135)
    at w (https://www.sephora.com/js/ufe/isomorphic/main.bundle.B107CoriginmasterD20260402205602.js:2:449667)
    at S._.<computed> (https://www.sephora.com/js/ufe/isomorphic/main.bundle.B107CoriginmasterD20260402205602.js:2:106331)
    at R (https://www.sephora.com/js/ufe/isomorphic/main.bundle.B107CoriginmasterD20260402205602.js:2:106100)
    at MessagePort.D (https://www.sephora.com/js/ufe/isomorphic/main.bundle.B107CoriginmasterD20260402205602.js:2:106159)
    at Object.g [as apply] (https://www.sephora.com/resources/3921a572bc642a03f9e3b5f9aca755a11630011008b74:25:458)
    at MessagePort.<anonymous> (https://www.sephora.com/resources/3921a572bc642a03f9e3b5f9aca755a11630011008b74:26:178) @ https://s.go-mpulse.net/boomerang/FS9BD-W3YYU-T5EYF-DZEKW-5ERXU:9
[    3261ms] [ERROR] 2026-04-04 19:58:25,532 [URL: /] [template: Homepage/Homepage] [wrapComponentRender.js] TypeError: Cannot read properties of undefined (reading 'is')
    at r.is.r (https://www.sephora.com/js/ufe/isomorphic/main.bundle.B107CoriginmasterD20260402205602.js:5:259541)
    at b (https://www.sephora.com/js/ufe/isomorphic/main.bundle.B107CoriginmasterD20260402205602.js:5:288587)
    at https://www.sephora.com/js/ufe/isomorphic/main.bundle.B107CoriginmasterD20260402205602.js:5:288852
    at F (https://www.sephora.com/js/ufe/isomorphic/main.bundle.B107CoriginmasterD20260402205602.js:2:297933)
    at G (https://www.sephora.com/js/ufe/isomorphic/main.bundle.B107CoriginmasterD20260402205602.js:2:298593)
    at us (https://www.sephora.com/js/ufe/isomorphic/main.bundle.B107CoriginmasterD20260402205602.js:2:362379)
    at fu (https://www.sephora.com/js/ufe/isomorphic/main.bundle.B107CoriginmasterD20260402205602.js:2:398869)
    at gu (https://www.sephora.com/js/ufe/isomorphic/main.bundle.B107CoriginmasterD20260402205602.js:2:399608)
    at ou (https://www.sephora.com/js/ufe/isomorphic/main.bundle.B107CoriginmasterD20260402205602.js:2:394751)
    at C (https://www.sephora.com/js/ufe/isomorphic/main.bundle.B107CoriginmasterD20260402205602.js:2:449135)
    at w (https://www.sephora.com/js/ufe/isomorphic/main.bundle.B107CoriginmasterD20260402205602.js:2:449667)
    at S._.<computed> (https://www.sephora.com/js/ufe/isomorphic/main.bundle.B107CoriginmasterD20260402205602.js:2:106331)
    at R (https://www.sephora.com/js/ufe/isomorphic/main.bundle.B107CoriginmasterD20260402205602.js:2:106100)
    at MessagePort.D (https://www.sephora.com/js/ufe/isomorphic/main.bundle.B107CoriginmasterD20260402205602.js:2:106159)
    at Object.g [as apply] (https://www.sephora.com/resources/3921a572bc642a03f9e3b5f9aca755a11630011008b74:25:458)
    at MessagePort.<anonymous> (https://www.sephora.com/resources/3921a572bc642a03f9e3b5f9aca755a11630011008b74:26:178) @ https://s.go-mpulse.net/boomerang/FS9BD-W3YYU-T5EYF-DZEKW-5ERXU:9
[    3299ms] [ERROR] 2026-04-04 19:58:25,570 [URL: /] [template: Homepage/Homepage] [wrapComponentRender.js] TypeError: Cannot read properties of undefined (reading 'is')
    at r.is.r (https://www.sephora.com/js/ufe/isomorphic/main.bundle.B107CoriginmasterD20260402205602.js:5:259541)
    at b (https://www.sephora.com/js/ufe/isomorphic/main.bundle.B107CoriginmasterD20260402205602.js:5:288587)
    at https://www.sephora.com/js/ufe/isomorphic/main.bundle.B107CoriginmasterD20260402205602.js:5:288852
    at F (https://www.sephora.com/js/ufe/isomorphic/main.bundle.B107CoriginmasterD20260402205602.js:2:297933)
    at G (https://www.sephora.com/js/ufe/isomorphic/main.bundle.B107CoriginmasterD20260402205602.js:2:298593)
    at us (https://www.sephora.com/js/ufe/isomorphic/main.bundle.B107CoriginmasterD20260402205602.js:2:362379)
    at fu (https://www.sephora.com/js/ufe/isomorphic/main.bundle.B107CoriginmasterD20260402205602.js:2:398869)
    at gu (https://www.sephora.com/js/ufe/isomorphic/main.bundle.B107CoriginmasterD20260402205602.js:2:399608)
    at ou (https://www.sephora.com/js/ufe/isomorphic/main.bundle.B107CoriginmasterD20260402205602.js:2:394751)
    at C (https://www.sephora.com/js/ufe/isomorphic/main.bundle.B107CoriginmasterD20260402205602.js:2:449135)
    at w (https://www.sephora.com/js/ufe/isomorphic/main.bundle.B107CoriginmasterD20260402205602.js:2:449667)
    at S._.<computed> (https://www.sephora.com/js/ufe/isomorphic/main.bundle.B107CoriginmasterD20260402205602.js:2:106331)
    at R (https://www.sephora.com/js/ufe/isomorphic/main.bundle.B107CoriginmasterD20260402205602.js:2:106100)
    at MessagePort.D (https://www.sephora.com/js/ufe/isomorphic/main.bundle.B107CoriginmasterD20260402205602.js:2:106159)
    at Object.g [as apply] (https://www.sephora.com/resources/3921a572bc642a03f9e3b5f9aca755a11630011008b74:25:458)
    at MessagePort.<anonymous> (https://www.sephora.com/resources/3921a572bc642a03f9e3b5f9aca755a11630011008b74:26:178) @ https://s.go-mpulse.net/boomerang/FS9BD-W3YYU-T5EYF-DZEKW-5ERXU:9
[    3386ms] [WARNING] You need to pass your component as a second parameter to store.subscribe or store.setAndWatch, otherwise there’s a risk to stay subscribed on the unmounted component.If you want to ignore automatic unsubscription, please pass { ignoreAutoUnsubscribe: true } as a second parameter to store.subscribe or store.setAndWatch @ https://www.sephora.com/js/ufe/isomorphic/main.bundle.B107CoriginmasterD20260402205602.js:1
[    3389ms] [WARNING] You need to pass your component as a second parameter to store.subscribe or store.setAndWatch, otherwise there’s a risk to stay subscribed on the unmounted component.If you want to ignore automatic unsubscription, please pass { ignoreAutoUnsubscribe: true } as a second parameter to store.subscribe or store.setAndWatch @ https://www.sephora.com/js/ufe/isomorphic/main.bundle.B107CoriginmasterD20260402205602.js:1
[    3398ms] Minified React error #418; visit https://reactjs.org/docs/error-decoder.html?invariant=418 for the full message or use the non-minified dev environment for full errors and additional helpful warnings.
[    3404ms] Minified React error #418; visit https://reactjs.org/docs/error-decoder.html?invariant=418 for the full message or use the non-minified dev environment for full errors and additional helpful warnings.
[    3411ms] Minified React error #418; visit https://reactjs.org/docs/error-decoder.html?invariant=418 for the full message or use the non-minified dev environment for full errors and additional helpful warnings.
[    3422ms] Minified React error #418; visit https://reactjs.org/docs/error-decoder.html?invariant=418 for the full message or use the non-minified dev environment for full errors and additional helpful warnings.
[    3429ms] Minified React error #418; visit https://reactjs.org/docs/error-decoder.html?invariant=418 for the full message or use the non-minified dev environment for full errors and additional helpful warnings.
[    3437ms] Minified React error #423; visit https://reactjs.org/docs/error-decoder.html?invariant=423 for the full message or use the non-minified dev environment for full errors and additional helpful warnings.
[    3630ms] [ERROR] 2026-04-04 19:58:25,901 [URL: /] [template: Homepage/Homepage] [wrapComponentRender.js] TypeError: Cannot read properties of undefined (reading 'is')
    at r.is.r (https://www.sephora.com/js/ufe/isomorphic/main.bundle.B107CoriginmasterD20260402205602.js:5:259541)
    at b (https://www.sephora.com/js/ufe/isomorphic/main.bundle.B107CoriginmasterD20260402205602.js:5:288587)
    at https://www.sephora.com/js/ufe/isomorphic/main.bundle.B107CoriginmasterD20260402205602.js:5:288852
    at F (https://www.sephora.com/js/ufe/isomorphic/main.bundle.B107CoriginmasterD20260402205602.js:2:297933)
    at G (https://www.sephora.com/js/ufe/isomorphic/main.bundle.B107CoriginmasterD20260402205602.js:2:298593)
    at us (https://www.sephora.com/js/ufe/isomorphic/main.bundle.B107CoriginmasterD20260402205602.js:2:362379)
    at fu (https://www.sephora.com/js/ufe/isomorphic/main.bundle.B107CoriginmasterD20260402205602.js:2:398869)
    at gu (https://www.sephora.com/js/ufe/isomorphic/main.bundle.B107CoriginmasterD20260402205602.js:2:399608)
    at ou (https://www.sephora.com/js/ufe/isomorphic/main.bundle.B107CoriginmasterD20260402205602.js:2:394751)
    at C (https://www.sephora.com/js/ufe/isomorphic/main.bundle.B107CoriginmasterD20260402205602.js:2:449135)
    at w (https://www.sephora.com/js/ufe/isomorphic/main.bundle.B107CoriginmasterD20260402205602.js:2:449667)
    at S._.<computed> (https://www.sephora.com/js/ufe/isomorphic/main.bundle.B107CoriginmasterD20260402205602.js:2:106331)
    at R (https://www.sephora.com/js/ufe/isomorphic/main.bundle.B107CoriginmasterD20260402205602.js:2:106100)
    at MessagePort.D (https://www.sephora.com/js/ufe/isomorphic/main.bundle.B107CoriginmasterD20260402205602.js:2:106159)
    at Object.g [as apply] (https://www.sephora.com/resources/3921a572bc642a03f9e3b5f9aca755a11630011008b74:25:458)
    at MessagePort.<anonymous> (https://www.sephora.com/resources/3921a572bc642a03f9e3b5f9aca755a11630011008b74:26:178) @ https://s.go-mpulse.net/boomerang/FS9BD-W3YYU-T5EYF-DZEKW-5ERXU:9
[    3632ms] [ERROR] 2026-04-04 19:58:25,903 [URL: /] [template: Homepage/Homepage] [wrapComponentRender.js] TypeError: Cannot read properties of undefined (reading 'is')
    at r.is.r (https://www.sephora.com/js/ufe/isomorphic/main.bundle.B107CoriginmasterD20260402205602.js:5:259541)
    at b (https://www.sephora.com/js/ufe/isomorphic/main.bundle.B107CoriginmasterD20260402205602.js:5:288587)
    at https://www.sephora.com/js/ufe/isomorphic/main.bundle.B107CoriginmasterD20260402205602.js:5:288852
    at F (https://www.sephora.com/js/ufe/isomorphic/main.bundle.B107CoriginmasterD20260402205602.js:2:297933)
    at G (https://www.sephora.com/js/ufe/isomorphic/main.bundle.B107CoriginmasterD20260402205602.js:2:298593)
    at us (https://www.sephora.com/js/ufe/isomorphic/main.bundle.B107CoriginmasterD20260402205602.js:2:362379)
    at fu (https://www.sephora.com/js/ufe/isomorphic/main.bundle.B107CoriginmasterD20260402205602.js:2:398869)
    at gu (https://www.sephora.com/js/ufe/isomorphic/main.bundle.B107CoriginmasterD20260402205602.js:2:399608)
    at ou (https://www.sephora.com/js/ufe/isomorphic/main.bundle.B107CoriginmasterD20260402205602.js:2:394751)
    at C (https://www.sephora.com/js/ufe/isomorphic/main.bundle.B107CoriginmasterD20260402205602.js:2:449135)
    at w (https://www.sephora.com/js/ufe/isomorphic/main.bundle.B107CoriginmasterD20260402205602.js:2:449667)
    at S._.<computed> (https://www.sephora.com/js/ufe/isomorphic/main.bundle.B107CoriginmasterD20260402205602.js:2:106331)
    at R (https://www.sephora.com/js/ufe/isomorphic/main.bundle.B107CoriginmasterD20260402205602.js:2:106100)
    at MessagePort.D (https://www.sephora.com/js/ufe/isomorphic/main.bundle.B107CoriginmasterD20260402205602.js:2:106159)
    at Object.g [as apply] (https://www.sephora.com/resources/3921a572bc642a03f9e3b5f9aca755a11630011008b74:25:458)
    at MessagePort.<anonymous> (https://www.sephora.com/resources/3921a572bc642a03f9e3b5f9aca755a11630011008b74:26:178) @ https://s.go-mpulse.net/boomerang/FS9BD-W3YYU-T5EYF-DZEKW-5ERXU:9
[    3634ms] [ERROR] 2026-04-04 19:58:25,905 [URL: /] [template: Homepage/Homepage] [wrapComponentRender.js] TypeError: Cannot destructure property 'user' of 'undefined' as it is undefined.
    at Function.<anonymous> (https://www.sephora.com/js/ufe/isomorphic/priority.chunk.B107CoriginmasterD20260402205602.js:2:457077)
    at b (https://www.sephora.com/js/ufe/isomorphic/main.bundle.B107CoriginmasterD20260402205602.js:5:288587)
    at https://www.sephora.com/js/ufe/isomorphic/main.bundle.B107CoriginmasterD20260402205602.js:5:288852
    at F (https://www.sephora.com/js/ufe/isomorphic/main.bundle.B107CoriginmasterD20260402205602.js:2:297933)
    at G (https://www.sephora.com/js/ufe/isomorphic/main.bundle.B107CoriginmasterD20260402205602.js:2:298593)
    at us (https://www.sephora.com/js/ufe/isomorphic/main.bundle.B107CoriginmasterD20260402205602.js:2:362379)
    at fu (https://www.sephora.com/js/ufe/isomorphic/main.bundle.B107CoriginmasterD20260402205602.js:2:398869)
    at gu (https://www.sephora.com/js/ufe/isomorphic/main.bundle.B107CoriginmasterD20260402205602.js:2:399608)
    at ou (https://www.sephora.com/js/ufe/isomorphic/main.bundle.B107CoriginmasterD20260402205602.js:2:394751)
    at C (https://www.sephora.com/js/ufe/isomorphic/main.bundle.B107CoriginmasterD20260402205602.js:2:449135)
    at w (https://www.sephora.com/js/ufe/isomorphic/main.bundle.B107CoriginmasterD20260402205602.js:2:449667)
    at S._.<computed> (https://www.sephora.com/js/ufe/isomorphic/main.bundle.B107CoriginmasterD20260402205602.js:2:106331)
    at R (https://www.sephora.com/js/ufe/isomorphic/main.bundle.B107CoriginmasterD20260402205602.js:2:106100)
    at MessagePort.D (https://www.sephora.com/js/ufe/isomorphic/main.bundle.B107CoriginmasterD20260402205602.js:2:106159)
    at Object.g [as apply] (https://www.sephora.com/resources/3921a572bc642a03f9e3b5f9aca755a11630011008b74:25:458)
    at MessagePort.<anonymous> (https://www.sephora.com/resources/3921a572bc642a03f9e3b5f9aca755a11630011008b74:26:178) @ https://s.go-mpulse.net/boomerang/FS9BD-W3YYU-T5EYF-DZEKW-5ERXU:9
[    3636ms] [ERROR] 2026-04-04 19:58:25,907 [URL: /] [template: Homepage/Homepage] [wrapComponentRender.js] TypeError: Cannot destructure property 'pageTemplate' of 'undefined' as it is undefined.
    at Function.<anonymous> (https://www.sephora.com/js/ufe/isomorphic/main.bundle.B107CoriginmasterD20260402205602.js:2:478114)
    at b (https://www.sephora.com/js/ufe/isomorphic/main.bundle.B107CoriginmasterD20260402205602.js:5:288587)
    at https://www.sephora.com/js/ufe/isomorphic/main.bundle.B107CoriginmasterD20260402205602.js:5:288852
    at F (https://www.sephora.com/js/ufe/isomorphic/main.bundle.B107CoriginmasterD20260402205602.js:2:297933)
    at G (https://www.sephora.com/js/ufe/isomorphic/main.bundle.B107CoriginmasterD20260402205602.js:2:298593)
    at us (https://www.sephora.com/js/ufe/isomorphic/main.bundle.B107CoriginmasterD20260402205602.js:2:362379)
    at fu (https://www.sephora.com/js/ufe/isomorphic/main.bundle.B107CoriginmasterD20260402205602.js:2:398869)
    at gu (https://www.sephora.com/js/ufe/isomorphic/main.bundle.B107CoriginmasterD20260402205602.js:2:399608)
    at ou (https://www.sephora.com/js/ufe/isomorphic/main.bundle.B107CoriginmasterD20260402205602.js:2:394751)
    at C (https://www.sephora.com/js/ufe/isomorphic/main.bundle.B107CoriginmasterD20260402205602.js:2:449135)
    at w (https://www.sephora.com/js/ufe/isomorphic/main.bundle.B107CoriginmasterD20260402205602.js:2:449667)
    at S._.<computed> (https://www.sephora.com/js/ufe/isomorphic/main.bundle.B107CoriginmasterD20260402205602.js:2:106331)
    at R (https://www.sephora.com/js/ufe/isomorphic/main.bundle.B107CoriginmasterD20260402205602.js:2:106100)
    at MessagePort.D (https://www.sephora.com/js/ufe/isomorphic/main.bundle.B107CoriginmasterD20260402205602.js:2:106159)
    at Object.g [as apply] (https://www.sephora.com/resources/3921a572bc642a03f9e3b5f9aca755a11630011008b74:25:458)
    at MessagePort.<anonymous> (https://www.sephora.com/resources/3921a572bc642a03f9e3b5f9aca755a11630011008b74:26:178) @ https://s.go-mpulse.net/boomerang/FS9BD-W3YYU-T5EYF-DZEKW-5ERXU:9
[    3639ms] [ERROR] 2026-04-04 19:58:25,910 [URL: /] [template: Homepage/Homepage] [wrapComponentRender.js] TypeError: Cannot destructure property 'pageTemplate' of 'undefined' as it is undefined.
    at Function.<anonymous> (https://www.sephora.com/js/ufe/isomorphic/main.bundle.B107CoriginmasterD20260402205602.js:2:478114)
    at b (https://www.sephora.com/js/ufe/isomorphic/main.bundle.B107CoriginmasterD20260402205602.js:5:288587)
    at https://www.sephora.com/js/ufe/isomorphic/main.bundle.B107CoriginmasterD20260402205602.js:5:288852
    at F (https://www.sephora.com/js/ufe/isomorphic/main.bundle.B107CoriginmasterD20260402205602.js:2:297933)
    at G (https://www.sephora.com/js/ufe/isomorphic/main.bundle.B107CoriginmasterD20260402205602.js:2:298593)
    at us (https://www.sephora.com/js/ufe/isomorphic/main.bundle.B107CoriginmasterD20260402205602.js:2:362379)
    at fu (https://www.sephora.com/js/ufe/isomorphic/main.bundle.B107CoriginmasterD20260402205602.js:2:398869)
    at gu (https://www.sephora.com/js/ufe/isomorphic/main.bundle.B107CoriginmasterD20260402205602.js:2:399608)
    at ou (https://www.sephora.com/js/ufe/isomorphic/main.bundle.B107CoriginmasterD20260402205602.js:2:394751)
    at C (https://www.sephora.com/js/ufe/isomorphic/main.bundle.B107CoriginmasterD20260402205602.js:2:449135)
    at w (https://www.sephora.com/js/ufe/isomorphic/main.bundle.B107CoriginmasterD20260402205602.js:2:449667)
    at S._.<computed> (https://www.sephora.com/js/ufe/isomorphic/main.bundle.B107CoriginmasterD20260402205602.js:2:106331)
    at R (https://www.sephora.com/js/ufe/isomorphic/main.bundle.B107CoriginmasterD20260402205602.js:2:106100)
    at MessagePort.D (https://www.sephora.com/js/ufe/isomorphic/main.bundle.B107CoriginmasterD20260402205602.js:2:106159)
    at Object.g [as apply] (https://www.sephora.com/resources/3921a572bc642a03f9e3b5f9aca755a11630011008b74:25:458)
    at MessagePort.<anonymous> (https://www.sephora.com/resources/3921a572bc642a03f9e3b5f9aca755a11630011008b74:26:178) @ https://s.go-mpulse.net/boomerang/FS9BD-W3YYU-T5EYF-DZEKW-5ERXU:9
[    3640ms] [ERROR] 2026-04-04 19:58:25,911 [URL: /] [template: Homepage/Homepage] [wrapComponentRender.js] TypeError: Cannot read properties of undefined (reading 'is')
    at r.is.r (https://www.sephora.com/js/ufe/isomorphic/main.bundle.B107CoriginmasterD20260402205602.js:5:259541)
    at b (https://www.sephora.com/js/ufe/isomorphic/main.bundle.B107CoriginmasterD20260402205602.js:5:288587)
    at https://www.sephora.com/js/ufe/isomorphic/main.bundle.B107CoriginmasterD20260402205602.js:5:288852
    at F (https://www.sephora.com/js/ufe/isomorphic/main.bundle.B107CoriginmasterD20260402205602.js:2:297933)
    at G (https://www.sephora.com/js/ufe/isomorphic/main.bundle.B107CoriginmasterD20260402205602.js:2:298593)
    at us (https://www.sephora.com/js/ufe/isomorphic/main.bundle.B107CoriginmasterD20260402205602.js:2:362379)
    at fu (https://www.sephora.com/js/ufe/isomorphic/main.bundle.B107CoriginmasterD20260402205602.js:2:398869)
    at gu (https://www.sephora.com/js/ufe/isomorphic/main.bundle.B107CoriginmasterD20260402205602.js:2:399608)
    at ou (https://www.sephora.com/js/ufe/isomorphic/main.bundle.B107CoriginmasterD20260402205602.js:2:394751)
    at C (https://www.sephora.com/js/ufe/isomorphic/main.bundle.B107CoriginmasterD20260402205602.js:2:449135)
    at w (https://www.sephora.com/js/ufe/isomorphic/main.bundle.B107CoriginmasterD20260402205602.js:2:449667)
    at S._.<computed> (https://www.sephora.com/js/ufe/isomorphic/main.bundle.B107CoriginmasterD20260402205602.js:2:106331)
    at R (https://www.sephora.com/js/ufe/isomorphic/main.bundle.B107CoriginmasterD20260402205602.js:2:106100)
    at MessagePort.D (https://www.sephora.com/js/ufe/isomorphic/main.bundle.B107CoriginmasterD20260402205602.js:2:106159)
    at Object.g [as apply] (https://www.sephora.com/resources/3921a572bc642a03f9e3b5f9aca755a11630011008b74:25:458)
    at MessagePort.<anonymous> (https://www.sephora.com/resources/3921a572bc642a03f9e3b5f9aca755a11630011008b74:26:178) @ https://s.go-mpulse.net/boomerang/FS9BD-W3YYU-T5EYF-DZEKW-5ERXU:9
[    3641ms] [ERROR] 2026-04-04 19:58:25,913 [URL: /] [template: Homepage/Homepage] [wrapComponentRender.js] TypeError: Cannot destructure property 'pageTemplate' of 'undefined' as it is undefined.
    at Function.<anonymous> (https://www.sephora.com/js/ufe/isomorphic/main.bundle.B107CoriginmasterD20260402205602.js:2:478114)
    at b (https://www.sephora.com/js/ufe/isomorphic/main.bundle.B107CoriginmasterD20260402205602.js:5:288587)
    at https://www.sephora.com/js/ufe/isomorphic/main.bundle.B107CoriginmasterD20260402205602.js:5:288852
    at F (https://www.sephora.com/js/ufe/isomorphic/main.bundle.B107CoriginmasterD20260402205602.js:2:297933)
    at G (https://www.sephora.com/js/ufe/isomorphic/main.bundle.B107CoriginmasterD20260402205602.js:2:298593)
    at us (https://www.sephora.com/js/ufe/isomorphic/main.bundle.B107CoriginmasterD20260402205602.js:2:362379)
    at fu (https://www.sephora.com/js/ufe/isomorphic/main.bundle.B107CoriginmasterD20260402205602.js:2:398869)
    at gu (https://www.sephora.com/js/ufe/isomorphic/main.bundle.B107CoriginmasterD20260402205602.js:2:399608)
    at ou (https://www.sephora.com/js/ufe/isomorphic/main.bundle.B107CoriginmasterD20260402205602.js:2:394751)
    at C (https://www.sephora.com/js/ufe/isomorphic/main.bundle.B107CoriginmasterD20260402205602.js:2:449135)
    at w (https://www.sephora.com/js/ufe/isomorphic/main.bundle.B107CoriginmasterD20260402205602.js:2:449667)
    at S._.<computed> (https://www.sephora.com/js/ufe/isomorphic/main.bundle.B107CoriginmasterD20260402205602.js:2:106331)
    at R (https://www.sephora.com/js/ufe/isomorphic/main.bundle.B107CoriginmasterD20260402205602.js:2:106100)
    at MessagePort.D (https://www.sephora.com/js/ufe/isomorphic/main.bundle.B107CoriginmasterD20260402205602.js:2:106159)
    at Object.g [as apply] (https://www.sephora.com/resources/3921a572bc642a03f9e3b5f9aca755a11630011008b74:25:458)
    at MessagePort.<anonymous> (https://www.sephora.com/resources/3921a572bc642a03f9e3b5f9aca755a11630011008b74:26:178) @ https://s.go-mpulse.net/boomerang/FS9BD-W3YYU-T5EYF-DZEKW-5ERXU:9
[    3643ms] [ERROR] 2026-04-04 19:58:25,914 [URL: /] [template: Homepage/Homepage] [wrapComponentRender.js] TypeError: Cannot destructure property 'pageTemplate' of 'undefined' as it is undefined.
    at Function.<anonymous> (https://www.sephora.com/js/ufe/isomorphic/main.bundle.B107CoriginmasterD20260402205602.js:2:478114)
    at b (https://www.sephora.com/js/ufe/isomorphic/main.bundle.B107CoriginmasterD20260402205602.js:5:288587)
    at https://www.sephora.com/js/ufe/isomorphic/main.bundle.B107CoriginmasterD20260402205602.js:5:288852
    at F (https://www.sephora.com/js/ufe/isomorphic/main.bundle.B107CoriginmasterD20260402205602.js:2:297933)
    at G (https://www.sephora.com/js/ufe/isomorphic/main.bundle.B107CoriginmasterD20260402205602.js:2:298593)
    at us (https://www.sephora.com/js/ufe/isomorphic/main.bundle.B107CoriginmasterD20260402205602.js:2:362379)
    at fu (https://www.sephora.com/js/ufe/isomorphic/main.bundle.B107CoriginmasterD20260402205602.js:2:398869)
    at gu (https://www.sephora.com/js/ufe/isomorphic/main.bundle.B107CoriginmasterD20260402205602.js:2:399608)
    at ou (https://www.sephora.com/js/ufe/isomorphic/main.bundle.B107CoriginmasterD20260402205602.js:2:394751)
    at C (https://www.sephora.com/js/ufe/isomorphic/main.bundle.B107CoriginmasterD20260402205602.js:2:449135)
    at w (https://www.sephora.com/js/ufe/isomorphic/main.bundle.B107CoriginmasterD20260402205602.js:2:449667)
    at S._.<computed> (https://www.sephora.com/js/ufe/isomorphic/main.bundle.B107CoriginmasterD20260402205602.js:2:106331)
    at R (https://www.sephora.com/js/ufe/isomorphic/main.bundle.B107CoriginmasterD20260402205602.js:2:106100)
    at MessagePort.D (https://www.sephora.com/js/ufe/isomorphic/main.bundle.B107CoriginmasterD20260402205602.js:2:106159)
    at Object.g [as apply] (https://www.sephora.com/resources/3921a572bc642a03f9e3b5f9aca755a11630011008b74:25:458)
    at MessagePort.<anonymous> (https://www.sephora.com/resources/3921a572bc642a03f9e3b5f9aca755a11630011008b74:26:178) @ https://s.go-mpulse.net/boomerang/FS9BD-W3YYU-T5EYF-DZEKW-5ERXU:9
[    3645ms] [ERROR] 2026-04-04 19:58:25,916 [URL: /] [template: Homepage/Homepage] [wrapComponentRender.js] TypeError: Cannot destructure property 'pageTemplate' of 'undefined' as it is undefined.
    at Function.<anonymous> (https://www.sephora.com/js/ufe/isomorphic/main.bundle.B107CoriginmasterD20260402205602.js:2:478114)
    at b (https://www.sephora.com/js/ufe/isomorphic/main.bundle.B107CoriginmasterD20260402205602.js:5:288587)
    at https://www.sephora.com/js/ufe/isomorphic/main.bundle.B107CoriginmasterD20260402205602.js:5:288852
    at F (https://www.sephora.com/js/ufe/isomorphic/main.bundle.B107CoriginmasterD20260402205602.js:2:297933)
    at G (https://www.sephora.com/js/ufe/isomorphic/main.bundle.B107CoriginmasterD20260402205602.js:2:298593)
    at us (https://www.sephora.com/js/ufe/isomorphic/main.bundle.B107CoriginmasterD20260402205602.js:2:362379)
    at fu (https://www.sephora.com/js/ufe/isomorphic/main.bundle.B107CoriginmasterD20260402205602.js:2:398869)
    at gu (https://www.sephora.com/js/ufe/isomorphic/main.bundle.B107CoriginmasterD20260402205602.js:2:399608)
    at ou (https://www.sephora.com/js/ufe/isomorphic/main.bundle.B107CoriginmasterD20260402205602.js:2:394751)
    at C (https://www.sephora.com/js/ufe/isomorphic/main.bundle.B107CoriginmasterD20260402205602.js:2:449135)
    at w (https://www.sephora.com/js/ufe/isomorphic/main.bundle.B107CoriginmasterD20260402205602.js:2:449667)
    at S._.<computed> (https://www.sephora.com/js/ufe/isomorphic/main.bundle.B107CoriginmasterD20260402205602.js:2:106331)
    at R (https://www.sephora.com/js/ufe/isomorphic/main.bundle.B107CoriginmasterD20260402205602.js:2:106100)
    at MessagePort.D (https://www.sephora.com/js/ufe/isomorphic/main.bundle.B107CoriginmasterD20260402205602.js:2:106159)
    at Object.g [as apply] (https://www.sephora.com/resources/3921a572bc642a03f9e3b5f9aca755a11630011008b74:25:458)
    at MessagePort.<anonymous> (https://www.sephora.com/resources/3921a572bc642a03f9e3b5f9aca755a11630011008b74:26:178) @ https://s.go-mpulse.net/boomerang/FS9BD-W3YYU-T5EYF-DZEKW-5ERXU:9
[    3647ms] [ERROR] 2026-04-04 19:58:25,919 [URL: /] [template: Homepage/Homepage] [wrapComponentRender.js] TypeError: Cannot destructure property 'pageTemplate' of 'undefined' as it is undefined.
    at Function.<anonymous> (https://www.sephora.com/js/ufe/isomorphic/main.bundle.B107CoriginmasterD20260402205602.js:2:478114)
    at b (https://www.sephora.com/js/ufe/isomorphic/main.bundle.B107CoriginmasterD20260402205602.js:5:288587)
    at https://www.sephora.com/js/ufe/isomorphic/main.bundle.B107CoriginmasterD20260402205602.js:5:288852
    at F (https://www.sephora.com/js/ufe/isomorphic/main.bundle.B107CoriginmasterD20260402205602.js:2:297933)
    at G (https://www.sephora.com/js/ufe/isomorphic/main.bundle.B107CoriginmasterD20260402205602.js:2:298593)
    at us (https://www.sephora.com/js/ufe/isomorphic/main.bundle.B107CoriginmasterD20260402205602.js:2:362379)
    at fu (https://www.sephora.com/js/ufe/isomorphic/main.bundle.B107CoriginmasterD20260402205602.js:2:398869)
    at gu (https://www.sephora.com/js/ufe/isomorphic/main.bundle.B107CoriginmasterD20260402205602.js:2:399608)
    at ou (https://www.sephora.com/js/ufe/isomorphic/main.bundle.B107CoriginmasterD20260402205602.js:2:394751)
    at C (https://www.sephora.com/js/ufe/isomorphic/main.bundle.B107CoriginmasterD20260402205602.js:2:449135)
    at w (https://www.sephora.com/js/ufe/isomorphic/main.bundle.B107CoriginmasterD20260402205602.js:2:449667)
    at S._.<computed> (https://www.sephora.com/js/ufe/isomorphic/main.bundle.B107CoriginmasterD20260402205602.js:2:106331)
    at R (https://www.sephora.com/js/ufe/isomorphic/main.bundle.B107CoriginmasterD20260402205602.js:2:106100)
    at MessagePort.D (https://www.sephora.com/js/ufe/isomorphic/main.bundle.B107CoriginmasterD20260402205602.js:2:106159)
    at Object.g [as apply] (https://www.sephora.com/resources/3921a572bc642a03f9e3b5f9aca755a11630011008b74:25:458)
    at MessagePort.<anonymous> (https://www.sephora.com/resources/3921a572bc642a03f9e3b5f9aca755a11630011008b74:26:178) @ https://s.go-mpulse.net/boomerang/FS9BD-W3YYU-T5EYF-DZEKW-5ERXU:9
[    3720ms] [WARNING] You need to pass your component as a second parameter to store.subscribe or store.setAndWatch, otherwise there’s a risk to stay subscribed on the unmounted component.If you want to ignore automatic unsubscription, please pass { ignoreAutoUnsubscribe: true } as a second parameter to store.subscribe or store.setAndWatch @ https://www.sephora.com/js/ufe/isomorphic/main.bundle.B107CoriginmasterD20260402205602.js:1
[    3726ms] Minified React error #418; visit https://reactjs.org/docs/error-decoder.html?invariant=418 for the full message or use the non-minified dev environment for full errors and additional helpful warnings.
[    3734ms] Minified React error #418; visit https://reactjs.org/docs/error-decoder.html?invariant=418 for the full message or use the non-minified dev environment for full errors and additional helpful warnings.
[    3742ms] Minified React error #418; visit https://reactjs.org/docs/error-decoder.html?invariant=418 for the full message or use the non-minified dev environment for full errors and additional helpful warnings.
[    3753ms] Minified React error #418; visit https://reactjs.org/docs/error-decoder.html?invariant=418 for the full message or use the non-minified dev environment for full errors and additional helpful warnings.
[    3754ms] Minified React error #418; visit https://reactjs.org/docs/error-decoder.html?invariant=418 for the full message or use the non-minified dev environment for full errors and additional helpful warnings.
[    3756ms] Minified React error #418; visit https://reactjs.org/docs/error-decoder.html?invariant=418 for the full message or use the non-minified dev environment for full errors and additional helpful warnings.
[    3757ms] Minified React error #423; visit https://reactjs.org/docs/error-decoder.html?invariant=423 for the full message or use the non-minified dev environment for full errors and additional helpful warnings.
[    5865ms] [LOG] Error @ :2
[    5941ms] [LOG] Error @ :2
[    5943ms] [LOG] Error @ :2
[    6393ms] [WARNING] You need to pass your component as a second parameter to store.subscribe or store.setAndWatch, otherwise there’s a risk to stay subscribed on the unmounted component.If you want to ignore automatic unsubscription, please pass { ignoreAutoUnsubscribe: true } as a second parameter to store.subscribe or store.setAndWatch @ https://www.sephora.com/js/ufe/isomorphic/main.bundle.B107CoriginmasterD20260402205602.js:1
[    6910ms] [WARNING] You need to pass your component as a second parameter to store.subscribe or store.setAndWatch, otherwise there’s a risk to stay subscribed on the unmounted component.If you want to ignore automatic unsubscription, please pass { ignoreAutoUnsubscribe: true } as a second parameter to store.subscribe or store.setAndWatch @ https://www.sephora.com/js/ufe/isomorphic/main.bundle.B107CoriginmasterD20260402205602.js:1
[    8211ms] [LOG] Error @ :2
[    8733ms] [WARNING] You need to pass your component as a second parameter to store.subscribe or store.setAndWatch, otherwise there’s a risk to stay subscribed on the unmounted component.If you want to ignore automatic unsubscription, please pass { ignoreAutoUnsubscribe: true } as a second parameter to store.subscribe or store.setAndWatch @ https://www.sephora.com/js/ufe/isomorphic/main.bundle.B107CoriginmasterD20260402205602.js:1
[    8736ms] [WARNING] You need to pass your component as a second parameter to store.subscribe or store.setAndWatch, otherwise there’s a risk to stay subscribed on the unmounted component.If you want to ignore automatic unsubscription, please pass { ignoreAutoUnsubscribe: true } as a second parameter to store.subscribe or store.setAndWatch @ https://www.sephora.com/js/ufe/isomorphic/main.bundle.B107CoriginmasterD20260402205602.js:1
[    9788ms] [WARNING] <meta name="apple-mobile-web-app-capable" content="yes"> is deprecated. Please include <meta name="mobile-web-app-capable" content="yes"> @ https://www.sephora.com/:0
[    9789ms] [ERROR] Failed to load resource: net::ERR_ADDRESS_INVALID @ https://assets.adobedtm.com/2f3ab3feab3d/ad943721620d/launch-1aafb95a572f.min.js:0
[   11034ms] [WARNING] You need to pass your component as a second parameter to store.subscribe or store.setAndWatch, otherwise there’s a risk to stay subscribed on the unmounted component.If you want to ignore automatic unsubscription, please pass { ignoreAutoUnsubscribe: true } as a second parameter to store.subscribe or store.setAndWatch @ https://www.sephora.com/js/ufe/isomorphic/main.bundle.B107CoriginmasterD20260402205602.js:1
[   11037ms] Minified React error #418; visit https://reactjs.org/docs/error-decoder.html?invariant=418 for the full message or use the non-minified dev environment for full errors and additional helpful warnings.
[   11038ms] Minified React error #423; visit https://reactjs.org/docs/error-decoder.html?invariant=423 for the full message or use the non-minified dev environment for full errors and additional helpful warnings.
[   11390ms] [LOG] [RefreshToken - mainheadscript] Timer set for 3537339ms (3537s) @ https://www.sephora.com/:23
[   11393ms] [LOG] [RefreshToken - mainheadscript] Timer set for 3537337ms (3537s) @ https://www.sephora.com/:23
[   11402ms] [LOG] [RefreshToken - mainheadscript] Timer set for 3537327ms (3537s) @ https://www.sephora.com/:23
[   11408ms] [LOG] [RefreshToken - mainheadscript] Timer set for 3537321ms (3537s) @ https://www.sephora.com/:23
[   12008ms] Uncaught SecurityError: Failed to read a named property 'document' from 'Window': Blocked a frame with origin "https://www.sephora.com" from accessing a frame with origin "https://cdn.clarip.com". Protocols, domains, and ports must match.
    at onload (https://www.sephora.com/:0:0)
[   12203ms] [WARNING] MODAL_DIALOGS will be deprecated! Please, use in future KAMPYLE_ONSITE_SDK instead! @ https://resources.digital-cloud.medallia.com/wdcus/114065/onsite/generic1773222307782.js:0
[   19091ms] [WARNING] The resource https://www.sephora.com/js/ufe/isomorphic/components.chunk.B107CoriginmasterD20260402205602.js was preloaded using link preload but not used within a few seconds from the window's load event. Please make sure it has an appropriate `as` value and it is preloaded intentionally. @ https://www.sephora.com/:0
[   30041ms] [WARNING] The resource https://www.sephora.com/js/ufe/isomorphic/components.chunk.B107CoriginmasterD20260402205602.js was preloaded using link preload but not used within a few seconds from the window's load event. Please make sure it has an appropriate `as` value and it is preloaded intentionally. @ https://www.sephora.com/:0
[   52541ms] [WARNING] The resource https://www.sephora.com/js/ufe/isomorphic/components.chunk.B107CoriginmasterD20260402205602.js was preloaded using link preload but not used within a few seconds from the window's load event. Please make sure it has an appropriate `as` value and it is preloaded intentionally. @ https://www.sephora.com/:0
[   79191ms] [WARNING] The resource https://www.sephora.com/js/ufe/isomorphic/components.chunk.B107CoriginmasterD20260402205602.js was preloaded using link preload but not used within a few seconds from the window's load event. Please make sure it has an appropriate `as` value and it is preloaded intentionally. @ https://www.sephora.com/:0
[  100873ms] [WARNING] The resource https://www.sephora.com/js/ufe/isomorphic/components.chunk.B107CoriginmasterD20260402205602.js was preloaded using link preload but not used within a few seconds from the window's load event. Please make sure it has an appropriate `as` value and it is preloaded intentionally. @ https://www.sephora.com/:0
[  159988ms] [WARNING] The resource https://www.sephora.com/js/ufe/isomorphic/components.chunk.B107CoriginmasterD20260402205602.js was preloaded using link preload but not used within a few seconds from the window's load event. Please make sure it has an appropriate `as` value and it is preloaded intentionally. @ https://www.sephora.com/:0
[  220095ms] [WARNING] The resource https://www.sephora.com/js/ufe/isomorphic/components.chunk.B107CoriginmasterD20260402205602.js was preloaded using link preload but not used within a few seconds from the window's load event. Please make sure it has an appropriate `as` value and it is preloaded intentionally. @ https://www.sephora.com/:0
[  280191ms] [WARNING] The resource https://www.sephora.com/js/ufe/isomorphic/components.chunk.B107CoriginmasterD20260402205602.js was preloaded using link preload but not used within a few seconds from the window's load event. Please make sure it has an appropriate `as` value and it is preloaded intentionally. @ https://www.sephora.com/:0
[  307047ms] [WARNING] The resource https://www.sephora.com/js/ufe/isomorphic/components.chunk.B107CoriginmasterD20260402205602.js was preloaded using link preload but not used within a few seconds from the window's load event. Please make sure it has an appropriate `as` value and it is preloaded intentionally. @ https://www.sephora.com/:0
[  319808ms] [WARNING] The resource https://www.sephora.com/js/ufe/isomorphic/components.chunk.B107CoriginmasterD20260402205602.js was preloaded using link preload but not used within a few seconds from the window's load event. Please make sure it has an appropriate `as` value and it is preloaded intentionally. @ https://www.sephora.com/:0
[  340618ms] [WARNING] The resource https://www.sephora.com/js/ufe/isomorphic/components.chunk.B107CoriginmasterD20260402205602.js was preloaded using link preload but not used within a few seconds from the window's load event. Please make sure it has an appropriate `as` value and it is preloaded intentionally. @ https://www.sephora.com/:0
[  399390ms] [WARNING] The resource https://www.sephora.com/js/ufe/isomorphic/components.chunk.B107CoriginmasterD20260402205602.js was preloaded using link preload but not used within a few seconds from the window's load event. Please make sure it has an appropriate `as` value and it is preloaded intentionally. @ https://www.sephora.com/:0
[  411940ms] [WARNING] The resource https://www.sephora.com/js/ufe/isomorphic/components.chunk.B107CoriginmasterD20260402205602.js was preloaded using link preload but not used within a few seconds from the window's load event. Please make sure it has an appropriate `as` value and it is preloaded intentionally. @ https://www.sephora.com/:0
[  473625ms] [WARNING] The resource https://www.sephora.com/js/ufe/isomorphic/components.chunk.B107CoriginmasterD20260402205602.js was preloaded using link preload but not used within a few seconds from the window's load event. Please make sure it has an appropriate `as` value and it is preloaded intentionally. @ https://www.sephora.com/:0
[  515810ms] [WARNING] The resource https://www.sephora.com/js/ufe/isomorphic/components.chunk.B107CoriginmasterD20260402205602.js was preloaded using link preload but not used within a few seconds from the window's load event. Please make sure it has an appropriate `as` value and it is preloaded intentionally. @ https://www.sephora.com/:0
[  575395ms] [WARNING] The resource https://www.sephora.com/js/ufe/isomorphic/components.chunk.B107CoriginmasterD20260402205602.js was preloaded using link preload but not used within a few seconds from the window's load event. Please make sure it has an appropriate `as` value and it is preloaded intentionally. @ https://www.sephora.com/:0
[  607047ms] [WARNING] The resource https://www.sephora.com/js/ufe/isomorphic/components.chunk.B107CoriginmasterD20260402205602.js was preloaded using link preload but not used within a few seconds from the window's load event. Please make sure it has an appropriate `as` value and it is preloaded intentionally. @ https://www.sephora.com/:0
[  619659ms] [WARNING] The resource https://www.sephora.com/js/ufe/isomorphic/components.chunk.B107CoriginmasterD20260402205602.js was preloaded using link preload but not used within a few seconds from the window's load event. Please make sure it has an appropriate `as` value and it is preloaded intentionally. @ https://www.sephora.com/:0
[  634478ms] [WARNING] The resource https://www.sephora.com/js/ufe/isomorphic/components.chunk.B107CoriginmasterD20260402205602.js was preloaded using link preload but not used within a few seconds from the window's load event. Please make sure it has an appropriate `as` value and it is preloaded intentionally. @ https://www.sephora.com/:0
[  670744ms] [WARNING] The resource https://www.sephora.com/js/ufe/isomorphic/components.chunk.B107CoriginmasterD20260402205602.js was preloaded using link preload but not used within a few seconds from the window's load event. Please make sure it has an appropriate `as` value and it is preloaded intentionally. @ https://www.sephora.com/:0
[  693589ms] [WARNING] The resource https://www.sephora.com/js/ufe/isomorphic/components.chunk.B107CoriginmasterD20260402205602.js was preloaded using link preload but not used within a few seconds from the window's load event. Please make sure it has an appropriate `as` value and it is preloaded intentionally. @ https://www.sephora.com/:0
[  752667ms] [WARNING] The resource https://www.sephora.com/js/ufe/isomorphic/components.chunk.B107CoriginmasterD20260402205602.js was preloaded using link preload but not used within a few seconds from the window's load event. Please make sure it has an appropriate `as` value and it is preloaded intentionally. @ https://www.sephora.com/:0
[  811840ms] [WARNING] The resource https://www.sephora.com/js/ufe/isomorphic/components.chunk.B107CoriginmasterD20260402205602.js was preloaded using link preload but not used within a few seconds from the window's load event. Please make sure it has an appropriate `as` value and it is preloaded intentionally. @ https://www.sephora.com/:0
[  870963ms] [WARNING] The resource https://www.sephora.com/js/ufe/isomorphic/components.chunk.B107CoriginmasterD20260402205602.js was preloaded using link preload but not used within a few seconds from the window's load event. Please make sure it has an appropriate `as` value and it is preloaded intentionally. @ https://www.sephora.com/:0
[  915692ms] [WARNING] The resource https://www.sephora.com/js/ufe/isomorphic/components.chunk.B107CoriginmasterD20260402205602.js was preloaded using link preload but not used within a few seconds from the window's load event. Please make sure it has an appropriate `as` value and it is preloaded intentionally. @ https://www.sephora.com/:0
[  930022ms] [WARNING] The resource https://www.sephora.com/js/ufe/isomorphic/components.chunk.B107CoriginmasterD20260402205602.js was preloaded using link preload but not used within a few seconds from the window's load event. Please make sure it has an appropriate `as` value and it is preloaded intentionally. @ https://www.sephora.com/:0
[  990145ms] [WARNING] The resource https://www.sephora.com/js/ufe/isomorphic/components.chunk.B107CoriginmasterD20260402205602.js was preloaded using link preload but not used within a few seconds from the window's load event. Please make sure it has an appropriate `as` value and it is preloaded intentionally. @ https://www.sephora.com/:0
[  996627ms] [WARNING] The resource https://www.sephora.com/js/ufe/isomorphic/components.chunk.B107CoriginmasterD20260402205602.js was preloaded using link preload but not used within a few seconds from the window's load event. Please make sure it has an appropriate `as` value and it is preloaded intentionally. @ https://www.sephora.com/:0
[ 1052811ms] [WARNING] The resource https://www.sephora.com/js/ufe/isomorphic/components.chunk.B107CoriginmasterD20260402205602.js was preloaded using link preload but not used within a few seconds from the window's load event. Please make sure it has an appropriate `as` value and it is preloaded intentionally. @ https://www.sephora.com/:0
[ 1112641ms] [WARNING] The resource https://www.sephora.com/js/ufe/isomorphic/components.chunk.B107CoriginmasterD20260402205602.js was preloaded using link preload but not used within a few seconds from the window's load event. Please make sure it has an appropriate `as` value and it is preloaded intentionally. @ https://www.sephora.com/:0
[ 1172258ms] [WARNING] The resource https://www.sephora.com/js/ufe/isomorphic/components.chunk.B107CoriginmasterD20260402205602.js was preloaded using link preload but not used within a few seconds from the window's load event. Please make sure it has an appropriate `as` value and it is preloaded intentionally. @ https://www.sephora.com/:0
[ 1207555ms] [WARNING] The resource https://www.sephora.com/js/ufe/isomorphic/components.chunk.B107CoriginmasterD20260402205602.js was preloaded using link preload but not used within a few seconds from the window's load event. Please make sure it has an appropriate `as` value and it is preloaded intentionally. @ https://www.sephora.com/:0
[ 1215494ms] [WARNING] The resource https://www.sephora.com/js/ufe/isomorphic/components.chunk.B107CoriginmasterD20260402205602.js was preloaded using link preload but not used within a few seconds from the window's load event. Please make sure it has an appropriate `as` value and it is preloaded intentionally. @ https://www.sephora.com/:0
[ 1266963ms] [WARNING] The resource https://www.sephora.com/js/ufe/isomorphic/components.chunk.B107CoriginmasterD20260402205602.js was preloaded using link preload but not used within a few seconds from the window's load event. Please make sure it has an appropriate `as` value and it is preloaded intentionally. @ https://www.sephora.com/:0
[ 1326931ms] [WARNING] The resource https://www.sephora.com/js/ufe/isomorphic/components.chunk.B107CoriginmasterD20260402205602.js was preloaded using link preload but not used within a few seconds from the window's load event. Please make sure it has an appropriate `as` value and it is preloaded intentionally. @ https://www.sephora.com/:0
[ 1386072ms] [WARNING] The resource https://www.sephora.com/js/ufe/isomorphic/components.chunk.B107CoriginmasterD20260402205602.js was preloaded using link preload but not used within a few seconds from the window's load event. Please make sure it has an appropriate `as` value and it is preloaded intentionally. @ https://www.sephora.com/:0
[ 1446886ms] [WARNING] The resource https://www.sephora.com/js/ufe/isomorphic/components.chunk.B107CoriginmasterD20260402205602.js was preloaded using link preload but not used within a few seconds from the window's load event. Please make sure it has an appropriate `as` value and it is preloaded intentionally. @ https://www.sephora.com/:0
[ 1506510ms] [WARNING] The resource https://www.sephora.com/js/ufe/isomorphic/components.chunk.B107CoriginmasterD20260402205602.js was preloaded using link preload but not used within a few seconds from the window's load event. Please make sure it has an appropriate `as` value and it is preloaded intentionally. @ https://www.sephora.com/:0
[ 1515661ms] [WARNING] The resource https://www.sephora.com/js/ufe/isomorphic/components.chunk.B107CoriginmasterD20260402205602.js was preloaded using link preload but not used within a few seconds from the window's load event. Please make sure it has an appropriate `as` value and it is preloaded intentionally. @ https://www.sephora.com/:0
[ 1566057ms] [WARNING] The resource https://www.sephora.com/js/ufe/isomorphic/components.chunk.B107CoriginmasterD20260402205602.js was preloaded using link preload but not used within a few seconds from the window's load event. Please make sure it has an appropriate `as` value and it is preloaded intentionally. @ https://www.sephora.com/:0
[ 1628180ms] [WARNING] The resource https://www.sephora.com/js/ufe/isomorphic/components.chunk.B107CoriginmasterD20260402205602.js was preloaded using link preload but not used within a few seconds from the window's load event. Please make sure it has an appropriate `as` value and it is preloaded intentionally. @ https://www.sephora.com/:0
[ 1656615ms] [WARNING] The resource https://www.sephora.com/js/ufe/isomorphic/components.chunk.B107CoriginmasterD20260402205602.js was preloaded using link preload but not used within a few seconds from the window's load event. Please make sure it has an appropriate `as` value and it is preloaded intentionally. @ https://www.sephora.com/:0
[ 1688759ms] [WARNING] The resource https://www.sephora.com/js/ufe/isomorphic/components.chunk.B107CoriginmasterD20260402205602.js was preloaded using link preload but not used within a few seconds from the window's load event. Please make sure it has an appropriate `as` value and it is preloaded intentionally. @ https://www.sephora.com/:0
[ 1739114ms] [WARNING] The resource https://www.sephora.com/js/ufe/isomorphic/components.chunk.B107CoriginmasterD20260402205602.js was preloaded using link preload but not used within a few seconds from the window's load event. Please make sure it has an appropriate `as` value and it is preloaded intentionally. @ https://www.sephora.com/:0
[ 1754010ms] [WARNING] The resource https://www.sephora.com/js/ufe/isomorphic/components.chunk.B107CoriginmasterD20260402205602.js was preloaded using link preload but not used within a few seconds from the window's load event. Please make sure it has an appropriate `as` value and it is preloaded intentionally. @ https://www.sephora.com/:0
[ 1768056ms] [WARNING] The resource https://www.sephora.com/js/ufe/isomorphic/components.chunk.B107CoriginmasterD20260402205602.js was preloaded using link preload but not used within a few seconds from the window's load event. Please make sure it has an appropriate `as` value and it is preloaded intentionally. @ https://www.sephora.com/:0
[ 1799520ms] [WARNING] The resource https://www.sephora.com/js/ufe/isomorphic/components.chunk.B107CoriginmasterD20260402205602.js was preloaded using link preload but not used within a few seconds from the window's load event. Please make sure it has an appropriate `as` value and it is preloaded intentionally. @ https://www.sephora.com/:0
[ 1807213ms] [WARNING] The resource https://www.sephora.com/js/ufe/isomorphic/components.chunk.B107CoriginmasterD20260402205602.js was preloaded using link preload but not used within a few seconds from the window's load event. Please make sure it has an appropriate `as` value and it is preloaded intentionally. @ https://www.sephora.com/:0
[ 1815556ms] [WARNING] The resource https://www.sephora.com/js/ufe/isomorphic/components.chunk.B107CoriginmasterD20260402205602.js was preloaded using link preload but not used within a few seconds from the window's load event. Please make sure it has an appropriate `as` value and it is preloaded intentionally. @ https://www.sephora.com/:0
[ 1858675ms] [WARNING] The resource https://www.sephora.com/js/ufe/isomorphic/components.chunk.B107CoriginmasterD20260402205602.js was preloaded using link preload but not used within a few seconds from the window's load event. Please make sure it has an appropriate `as` value and it is preloaded intentionally. @ https://www.sephora.com/:0
[ 1917798ms] [WARNING] The resource https://www.sephora.com/js/ufe/isomorphic/components.chunk.B107CoriginmasterD20260402205602.js was preloaded using link preload but not used within a few seconds from the window's load event. Please make sure it has an appropriate `as` value and it is preloaded intentionally. @ https://www.sephora.com/:0
[ 1976921ms] [WARNING] The resource https://www.sephora.com/js/ufe/isomorphic/components.chunk.B107CoriginmasterD20260402205602.js was preloaded using link preload but not used within a few seconds from the window's load event. Please make sure it has an appropriate `as` value and it is preloaded intentionally. @ https://www.sephora.com/:0
[ 1986619ms] [WARNING] The resource https://www.sephora.com/js/ufe/isomorphic/components.chunk.B107CoriginmasterD20260402205602.js was preloaded using link preload but not used within a few seconds from the window's load event. Please make sure it has an appropriate `as` value and it is preloaded intentionally. @ https://www.sephora.com/:0
[ 2036041ms] [WARNING] The resource https://www.sephora.com/js/ufe/isomorphic/components.chunk.B107CoriginmasterD20260402205602.js was preloaded using link preload but not used within a few seconds from the window's load event. Please make sure it has an appropriate `as` value and it is preloaded intentionally. @ https://www.sephora.com/:0
[ 2096116ms] [WARNING] The resource https://www.sephora.com/js/ufe/isomorphic/components.chunk.B107CoriginmasterD20260402205602.js was preloaded using link preload but not used within a few seconds from the window's load event. Please make sure it has an appropriate `as` value and it is preloaded intentionally. @ https://www.sephora.com/:0
[ 2115646ms] [WARNING] The resource https://www.sephora.com/js/ufe/isomorphic/components.chunk.B107CoriginmasterD20260402205602.js was preloaded using link preload but not used within a few seconds from the window's load event. Please make sure it has an appropriate `as` value and it is preloaded intentionally. @ https://www.sephora.com/:0
[ 2156229ms] [WARNING] The resource https://www.sephora.com/js/ufe/isomorphic/components.chunk.B107CoriginmasterD20260402205602.js was preloaded using link preload but not used within a few seconds from the window's load event. Please make sure it has an appropriate `as` value and it is preloaded intentionally. @ https://www.sephora.com/:0
[ 2218835ms] [WARNING] The resource https://www.sephora.com/js/ufe/isomorphic/components.chunk.B107CoriginmasterD20260402205602.js was preloaded using link preload but not used within a few seconds from the window's load event. Please make sure it has an appropriate `as` value and it is preloaded intentionally. @ https://www.sephora.com/:0
[ 2251557ms] [WARNING] The resource https://www.sephora.com/js/ufe/isomorphic/components.chunk.B107CoriginmasterD20260402205602.js was preloaded using link preload but not used within a few seconds from the window's load event. Please make sure it has an appropriate `as` value and it is preloaded intentionally. @ https://www.sephora.com/:0
[ 2312110ms] [WARNING] The resource https://www.sephora.com/js/ufe/isomorphic/components.chunk.B107CoriginmasterD20260402205602.js was preloaded using link preload but not used within a few seconds from the window's load event. Please make sure it has an appropriate `as` value and it is preloaded intentionally. @ https://www.sephora.com/:0
[ 2316634ms] [WARNING] The resource https://www.sephora.com/js/ufe/isomorphic/components.chunk.B107CoriginmasterD20260402205602.js was preloaded using link preload but not used within a few seconds from the window's load event. Please make sure it has an appropriate `as` value and it is preloaded intentionally. @ https://www.sephora.com/:0
[ 2372616ms] [WARNING] The resource https://www.sephora.com/js/ufe/isomorphic/components.chunk.B107CoriginmasterD20260402205602.js was preloaded using link preload but not used within a few seconds from the window's load event. Please make sure it has an appropriate `as` value and it is preloaded intentionally. @ https://www.sephora.com/:0
[ 2380995ms] [WARNING] The resource https://www.sephora.com/js/ufe/isomorphic/components.chunk.B107CoriginmasterD20260402205602.js was preloaded using link preload but not used within a few seconds from the window's load event. Please make sure it has an appropriate `as` value and it is preloaded intentionally. @ https://www.sephora.com/:0
[ 2407109ms] [WARNING] The resource https://www.sephora.com/js/ufe/isomorphic/components.chunk.B107CoriginmasterD20260402205602.js was preloaded using link preload but not used within a few seconds from the window's load event. Please make sure it has an appropriate `as` value and it is preloaded intentionally. @ https://www.sephora.com/:0
[ 2415662ms] [WARNING] The resource https://www.sephora.com/js/ufe/isomorphic/components.chunk.B107CoriginmasterD20260402205602.js was preloaded using link preload but not used within a few seconds from the window's load event. Please make sure it has an appropriate `as` value and it is preloaded intentionally. @ https://www.sephora.com/:0
[ 2441640ms] [WARNING] The resource https://www.sephora.com/js/ufe/isomorphic/components.chunk.B107CoriginmasterD20260402205602.js was preloaded using link preload but not used within a few seconds from the window's load event. Please make sure it has an appropriate `as` value and it is preloaded intentionally. @ https://www.sephora.com/:0
[ 2501072ms] [WARNING] The resource https://www.sephora.com/js/ufe/isomorphic/components.chunk.B107CoriginmasterD20260402205602.js was preloaded using link preload but not used within a few seconds from the window's load event. Please make sure it has an appropriate `as` value and it is preloaded intentionally. @ https://www.sephora.com/:0
[ 2561542ms] [WARNING] The resource https://www.sephora.com/js/ufe/isomorphic/components.chunk.B107CoriginmasterD20260402205602.js was preloaded using link preload but not used within a few seconds from the window's load event. Please make sure it has an appropriate `as` value and it is preloaded intentionally. @ https://www.sephora.com/:0
