[    2429ms] [WARNING] props.pointerEvents is deprecated. Use style.pointerEvents @ webpack-internal:///(app-pages-browser)/./node_modules/next/dist/next-devtools/shared/forward-logs-shared.js:27
[   69001ms] [WARNING] props.pointerEvents is deprecated. Use style.pointerEvents @ webpack-internal:///(app-pages-browser)/./node_modules/next/dist/next-devtools/shared/forward-logs-shared.js:27
[   69224ms] Error: Hydration failed because the server rendered HTML didn't match the client. As a result this tree will be regenerated on the client. This can happen if a SSR-ed Client Component used:

- A server/client branch `if (typeof window !== 'undefined')`.
- Variable input such as `Date.now()` or `Math.random()` which changes each time it's called.
- Date formatting in a user's locale which doesn't match the server.
- External changing data without sending a snapshot of it along with the HTML.
- Invalid HTML tag nesting.

It can also happen if the client has a browser extension installed which messes with the HTML before React loaded.

https://react.dev/link/hydration-mismatch

  ...
    <RedirectBoundary>
      <RedirectErrorBoundary router={{...}}>
        <InnerLayoutRouter url="/en" tree={[...]} params={{}} cacheNode={{rsc:<Fragment>, ...}} segmentPath={[...]} ...>
          <SegmentViewNode type="page" pagePath="page.tsx">
            <SegmentTrieNode>
            <ClientPageRoot Component={function Page} serverProvidedParams={{...}}>
              <Page params={Promise} searchParams={Promise}>
                <Layout locale="en" onLocaleChange={function onLocaleChange} dir="ltr" shellContent={{topBar:{...}, ...}} ...>
                  <Box flex={1} bg="background" style={{...}}>
                    <View style={[...]}>
                      <div dir={null} ref={function forwardRef} className="css-view-1..." style={{flex:1, ...}}>
                        <Header locale="en" dir="ltr" shellContent={{topBar:{...}, ...}} socialLinks={[...]} ...>
                          <Box style={{...}}>
                            <View style={[...]}>
                              <div
                                dir={null}
                                ref={function forwardRef}
                                className="css-view-175oi2r"
                                style={{
+                                 backgroundColor: "rgba(255,255,255,1.00)"
+                                 direction: "ltr"
-                                 direction: "ltr"
-                                 position: "relative"
-                                 z-index: "1202"
                                }}
                              >
                                <Box style={{position:"..."}}>
                                  <View style={[...]}>
                                    <div
                                      dir={null}
                                      ref={function forwardRef}
                                      className="css-view-175oi2r"
                                      style={{
+                                       position: "relative"
-                                       min-height: "40px"
-                                       background-color: "rgb(31, 31, 31)"
                                      }}
                                    >
                                      <HeaderMainRow mobile={true} logoText="Real Cosme..." ...>
                                        <Box style={{...}}>
                                          <View style={[...]}>
                                            <div
                                              dir={null}
                                              ref={function forwardRef}
                                              className="css-view-175oi2r"
                                              style={{
+                                               backgroundColor: "rgba(255,255,255,1.00)"
+                                               borderBottomWidth: "1px"
+                                               borderBottomColor: "rgba(230,230,230,1.00)"
-                                               width: "100%"
-                                               max-width: "1320px"
-                                               align-self: "center"
-                                               padding-right: "24px"
-                                               padding-left: "24px"
                                              }}
                                            >
                                              <Container paddingX={16}>
                                                <View style={{width:"100%", ...}}>
                                                  <div
                                                    dir={null}
                                                    ref={function forwardRef}
                                                    className="css-view-175oi2r"
                                                    style={{
+                                                     width: "100%"
+                                                     maxWidth: "1320px"
+                                                     alignSelf: "center"
+                                                     paddingRight: "16px"
+                                                     paddingLeft: "16px"
-                                                     min-height: "40px"
-                                                     flex-direction: "row"
-                                                     align-items: "center"
-                                                     justify-content: "space-between"
-                                                     row-gap: "12px"
-                                                     column-gap: "12px"
-                                                     padding-top: "8px"
-                                                     padding-bottom: "8px"
                                                    }}
                                                  >
                                                    <Box style={{...}}>
                                                      <View style={[...]}>
                                                        <div
                                                          dir={null}
                                                          ref={function forwardRef}
                                                          className="css-view-175oi2r"
                                                          style={{
+                                                           paddingTop: "16px"
+                                                           paddingBottom: "16px"
+                                                           gap: "12px"
-                                                           flex-direction: "row"
-                                                           flex-wrap: "wrap"
-                                                           align-items: "center"
-                                                           row-gap: "12px"
-                                                           column-gap: "12px"
-                                                           flex-grow: "1"
-                                                           flex-shrink: "1"
-                                                           flex-basis: "0%"
                                                          }}
                                                        >
                                                          <Box style={{...}}>
                                                            <View style={[...]}>
                                                              <div
+                                                               dir={null}
-                                                               dir="auto"
                                                                ref={function forwardRef}
+                                                               className="css-view-175oi2r"
-                                                               className="css-text-146c3p1"
                                                                style={{
+                                                                 flexDirection: "row"
+                                                                 alignItems: "center"
+                                                                 justifyContent: "space-between"
+                                                                 gap: "12px"
-                                                                 color: "rgb(255, 255, 255)"
-                                                                 font-weight: "700"
-                                                                 font-family: "Poppins, -apple-system, system-ui, Bli..."
-                                                                 font-size: "10px"
-                                                                 line-height: "14px"
-                                                                 text-transform: "uppercase"
-                                                                 letter-spacing: "1.6px"
-                                                                 opacity: "0.84"
                                                                }}
                                                              >
                                                                <Box style={{flex:1}}>
                                                                  <View style={[...]}>
+                                                                   <div
+                                                                     dir={null}
+                                                                     ref={function forwardRef}
+                                                                     className="css-view-175oi2r"
+                                                                     style={{flex:1}}
+                                                                   >
-                                                                   Free delivery for orders above 99 USD
                                                                ...
                                                          ...
                                      ...
                                ...
                        ...
          ...
        ...

    at throwOnHydrationMismatch (webpack-internal:///(app-pages-browser)/./node_modules/next/dist/compiled/react-dom/cjs/react-dom-client.development.js:5531:11)
    at beginWork (webpack-internal:///(app-pages-browser)/./node_modules/next/dist/compiled/react-dom/cjs/react-dom-client.development.js:12386:17)
    at runWithFiberInDEV (webpack-internal:///(app-pages-browser)/./node_modules/next/dist/compiled/react-dom/cjs/react-dom-client.development.js:987:30)
    at performUnitOfWork (webpack-internal:///(app-pages-browser)/./node_modules/next/dist/compiled/react-dom/cjs/react-dom-client.development.js:18998:22)
    at workLoopConcurrentByScheduler (webpack-internal:///(app-pages-browser)/./node_modules/next/dist/compiled/react-dom/cjs/react-dom-client.development.js:18992:9)
    at renderRootConcurrent (webpack-internal:///(app-pages-browser)/./node_modules/next/dist/compiled/react-dom/cjs/react-dom-client.development.js:18974:15)
    at performWorkOnRoot (webpack-internal:///(app-pages-browser)/./node_modules/next/dist/compiled/react-dom/cjs/react-dom-client.development.js:17835:11)
    at performWorkOnRootViaSchedulerTask (webpack-internal:///(app-pages-browser)/./node_modules/next/dist/compiled/react-dom/cjs/react-dom-client.development.js:20385:7)
    at MessagePort.performWorkUntilDeadline (webpack-internal:///(app-pages-browser)/./node_modules/next/dist/compiled/scheduler/cjs/scheduler.development.js:45:48)
[ 1302207ms] [WARNING] props.pointerEvents is deprecated. Use style.pointerEvents @ webpack-internal:///(app-pages-browser)/./node_modules/next/dist/next-devtools/shared/forward-logs-shared.js:27
[ 1302429ms] Error: Hydration failed because the server rendered HTML didn't match the client. As a result this tree will be regenerated on the client. This can happen if a SSR-ed Client Component used:

- A server/client branch `if (typeof window !== 'undefined')`.
- Variable input such as `Date.now()` or `Math.random()` which changes each time it's called.
- Date formatting in a user's locale which doesn't match the server.
- External changing data without sending a snapshot of it along with the HTML.
- Invalid HTML tag nesting.

It can also happen if the client has a browser extension installed which messes with the HTML before React loaded.

https://react.dev/link/hydration-mismatch

  ...
    <RedirectBoundary>
      <RedirectErrorBoundary router={{...}}>
        <InnerLayoutRouter url="/en" tree={[...]} params={{}} cacheNode={{rsc:<Fragment>, ...}} segmentPath={[...]} ...>
          <SegmentViewNode type="page" pagePath="page.tsx">
            <SegmentTrieNode>
            <ClientPageRoot Component={function Page} serverProvidedParams={{...}}>
              <Page params={Promise} searchParams={Promise}>
                <Layout locale="en" onLocaleChange={function onLocaleChange} dir="ltr" shellContent={{topBar:{...}, ...}} ...>
                  <Box flex={1} bg="background" style={{...}}>
                    <View style={[...]}>
                      <div dir={null} ref={function forwardRef} className="css-view-1..." style={{flex:1, ...}}>
                        <Header locale="en" dir="ltr" shellContent={{topBar:{...}, ...}} socialLinks={[...]} ...>
                          <Box style={{...}}>
                            <View style={[...]}>
                              <div
                                dir={null}
                                ref={function forwardRef}
                                className="css-view-175oi2r"
                                style={{
+                                 backgroundColor: "rgba(255,255,255,1.00)"
+                                 direction: "ltr"
-                                 direction: "ltr"
-                                 position: "relative"
-                                 z-index: "1202"
                                }}
                              >
                                <Box style={{position:"..."}}>
                                  <View style={[...]}>
                                    <div
                                      dir={null}
                                      ref={function forwardRef}
                                      className="css-view-175oi2r"
                                      style={{
+                                       position: "relative"
-                                       min-height: "40px"
-                                       background-color: "rgb(31, 31, 31)"
                                      }}
                                    >
                                      <HeaderMainRow mobile={true} logoText="Real Cosme..." onPressLogo={undefined} ...>
                                        <Box style={{...}}>
                                          <View style={[...]}>
                                            <div
                                              dir={null}
                                              ref={function forwardRef}
                                              className="css-view-175oi2r"
                                              style={{
+                                               backgroundColor: "rgba(255,255,255,1.00)"
+                                               borderBottomWidth: "1px"
+                                               borderBottomColor: "rgba(230,230,230,1.00)"
-                                               width: "100%"
-                                               max-width: "1320px"
-                                               align-self: "center"
-                                               padding-right: "24px"
-                                               padding-left: "24px"
                                              }}
                                            >
                                              <Container paddingX={16}>
                                                <View style={{width:"100%", ...}}>
                                                  <div
                                                    dir={null}
                                                    ref={function forwardRef}
                                                    className="css-view-175oi2r"
                                                    style={{
+                                                     width: "100%"
+                                                     maxWidth: "1320px"
+                                                     alignSelf: "center"
+                                                     paddingRight: "16px"
+                                                     paddingLeft: "16px"
-                                                     min-height: "40px"
-                                                     flex-direction: "row"
-                                                     align-items: "center"
-                                                     justify-content: "space-between"
-                                                     row-gap: "12px"
-                                                     column-gap: "12px"
-                                                     padding-top: "8px"
-                                                     padding-bottom: "8px"
                                                    }}
                                                  >
                                                    <Box style={{...}}>
                                                      <View style={[...]}>
                                                        <div
                                                          dir={null}
                                                          ref={function forwardRef}
                                                          className="css-view-175oi2r"
                                                          style={{
+                                                           paddingTop: "16px"
+                                                           paddingBottom: "16px"
+                                                           gap: "12px"
-                                                           flex-direction: "row"
-                                                           flex-wrap: "wrap"
-                                                           align-items: "center"
-                                                           row-gap: "12px"
-                                                           column-gap: "12px"
-                                                           flex-grow: "1"
-                                                           flex-shrink: "1"
-                                                           flex-basis: "0%"
                                                          }}
                                                        >
                                                          <Box style={{...}}>
                                                            <View style={[...]}>
                                                              <div
+                                                               dir={null}
-                                                               dir="auto"
                                                                ref={function forwardRef}
+                                                               className="css-view-175oi2r"
-                                                               className="css-text-146c3p1"
                                                                style={{
+                                                                 flexDirection: "row"
+                                                                 alignItems: "center"
+                                                                 justifyContent: "space-between"
+                                                                 gap: "12px"
-                                                                 color: "rgb(255, 255, 255)"
-                                                                 font-weight: "700"
-                                                                 font-family: "Poppins, -apple-system, system-ui, Bli..."
-                                                                 font-size: "10px"
-                                                                 line-height: "14px"
-                                                                 text-transform: "uppercase"
-                                                                 letter-spacing: "1.6px"
-                                                                 opacity: "0.84"
                                                                }}
                                                              >
                                                                <Box style={{flex:1}}>
                                                                  <View style={[...]}>
+                                                                   <div
+                                                                     dir={null}
+                                                                     ref={function forwardRef}
+                                                                     className="css-view-175oi2r"
+                                                                     style={{flex:1}}
+                                                                   >
-                                                                   Free delivery for orders above 99 USD
                                                                ...
                                                          ...
                                      ...
                                ...
                        ...
          ...
        ...

    at throwOnHydrationMismatch (webpack-internal:///(app-pages-browser)/./node_modules/next/dist/compiled/react-dom/cjs/react-dom-client.development.js:5531:11)
    at beginWork (webpack-internal:///(app-pages-browser)/./node_modules/next/dist/compiled/react-dom/cjs/react-dom-client.development.js:12386:17)
    at runWithFiberInDEV (webpack-internal:///(app-pages-browser)/./node_modules/next/dist/compiled/react-dom/cjs/react-dom-client.development.js:987:30)
    at performUnitOfWork (webpack-internal:///(app-pages-browser)/./node_modules/next/dist/compiled/react-dom/cjs/react-dom-client.development.js:18998:22)
    at workLoopConcurrentByScheduler (webpack-internal:///(app-pages-browser)/./node_modules/next/dist/compiled/react-dom/cjs/react-dom-client.development.js:18992:9)
    at renderRootConcurrent (webpack-internal:///(app-pages-browser)/./node_modules/next/dist/compiled/react-dom/cjs/react-dom-client.development.js:18974:15)
    at performWorkOnRoot (webpack-internal:///(app-pages-browser)/./node_modules/next/dist/compiled/react-dom/cjs/react-dom-client.development.js:17835:11)
    at performWorkOnRootViaSchedulerTask (webpack-internal:///(app-pages-browser)/./node_modules/next/dist/compiled/react-dom/cjs/react-dom-client.development.js:20385:7)
    at MessagePort.performWorkUntilDeadline (webpack-internal:///(app-pages-browser)/./node_modules/next/dist/compiled/scheduler/cjs/scheduler.development.js:45:48)
[ 1623156ms] [WARNING] props.pointerEvents is deprecated. Use style.pointerEvents @ webpack-internal:///(app-pages-browser)/./node_modules/next/dist/next-devtools/shared/forward-logs-shared.js:27
[ 1623378ms] Error: Hydration failed because the server rendered HTML didn't match the client. As a result this tree will be regenerated on the client. This can happen if a SSR-ed Client Component used:

- A server/client branch `if (typeof window !== 'undefined')`.
- Variable input such as `Date.now()` or `Math.random()` which changes each time it's called.
- Date formatting in a user's locale which doesn't match the server.
- External changing data without sending a snapshot of it along with the HTML.
- Invalid HTML tag nesting.

It can also happen if the client has a browser extension installed which messes with the HTML before React loaded.

https://react.dev/link/hydration-mismatch

  ...
    <RedirectBoundary>
      <RedirectErrorBoundary router={{...}}>
        <InnerLayoutRouter url="/en" tree={[...]} params={{}} cacheNode={{rsc:<Fragment>, ...}} segmentPath={[...]} ...>
          <SegmentViewNode type="page" pagePath="page.tsx">
            <SegmentTrieNode>
            <ClientPageRoot Component={function Page} serverProvidedParams={{...}}>
              <Page params={Promise} searchParams={Promise}>
                <Layout locale="en" onLocaleChange={function onLocaleChange} dir="ltr" shellContent={{topBar:{...}, ...}} ...>
                  <Box flex={1} bg="background" style={{...}}>
                    <View style={[...]}>
                      <div dir={null} ref={function forwardRef} className="css-view-1..." style={{flex:1, ...}}>
                        <Header locale="en" dir="ltr" shellContent={{topBar:{...}, ...}} socialLinks={[...]} ...>
                          <Box style={{...}}>
                            <View style={[...]}>
                              <div
                                dir={null}
                                ref={function forwardRef}
                                className="css-view-175oi2r"
                                style={{
+                                 backgroundColor: "rgba(255,255,255,1.00)"
+                                 direction: "ltr"
-                                 direction: "ltr"
-                                 position: "relative"
-                                 z-index: "1202"
                                }}
                              >
                                <Box style={{position:"..."}}>
                                  <View style={[...]}>
                                    <div
                                      dir={null}
                                      ref={function forwardRef}
                                      className="css-view-175oi2r"
                                      style={{
+                                       position: "relative"
-                                       min-height: "40px"
-                                       background-color: "rgb(31, 31, 31)"
                                      }}
                                    >
                                      <HeaderMainRow mobile={true} logoText="Real Cosme..." onPressLogo={undefined} ...>
                                        <Box style={{...}}>
                                          <View style={[...]}>
                                            <div
                                              dir={null}
                                              ref={function forwardRef}
                                              className="css-view-175oi2r"
                                              style={{
+                                               backgroundColor: "rgba(255,255,255,1.00)"
+                                               borderBottomWidth: "1px"
+                                               borderBottomColor: "rgba(230,230,230,1.00)"
-                                               width: "100%"
-                                               max-width: "1320px"
-                                               align-self: "center"
-                                               padding-right: "24px"
-                                               padding-left: "24px"
                                              }}
                                            >
                                              <Container paddingX={16}>
                                                <View style={{width:"100%", ...}}>
                                                  <div
                                                    dir={null}
                                                    ref={function forwardRef}
                                                    className="css-view-175oi2r"
                                                    style={{
+                                                     width: "100%"
+                                                     maxWidth: "1320px"
+                                                     alignSelf: "center"
+                                                     paddingRight: "16px"
+                                                     paddingLeft: "16px"
-                                                     min-height: "40px"
-                                                     flex-direction: "row"
-                                                     align-items: "center"
-                                                     justify-content: "space-between"
-                                                     row-gap: "12px"
-                                                     column-gap: "12px"
-                                                     padding-top: "8px"
-                                                     padding-bottom: "8px"
                                                    }}
                                                  >
                                                    <Box style={{...}}>
                                                      <View style={[...]}>
                                                        <div
                                                          dir={null}
                                                          ref={function forwardRef}
                                                          className="css-view-175oi2r"
                                                          style={{
+                                                           paddingTop: "16px"
+                                                           paddingBottom: "16px"
+                                                           gap: "12px"
-                                                           flex-direction: "row"
-                                                           flex-wrap: "wrap"
-                                                           align-items: "center"
-                                                           row-gap: "12px"
-                                                           column-gap: "12px"
-                                                           flex-grow: "1"
-                                                           flex-shrink: "1"
-                                                           flex-basis: "0%"
                                                          }}
                                                        >
                                                          <Box style={{...}}>
                                                            <View style={[...]}>
                                                              <div
+                                                               dir={null}
-                                                               dir="auto"
                                                                ref={function forwardRef}
+                                                               className="css-view-175oi2r"
-                                                               className="css-text-146c3p1"
                                                                style={{
+                                                                 flexDirection: "row"
+                                                                 alignItems: "center"
+                                                                 justifyContent: "space-between"
+                                                                 gap: "12px"
-                                                                 color: "rgb(255, 255, 255)"
-                                                                 font-weight: "700"
-                                                                 font-family: "Poppins, -apple-system, system-ui, Bli..."
-                                                                 font-size: "10px"
-                                                                 line-height: "14px"
-                                                                 text-transform: "uppercase"
-                                                                 letter-spacing: "1.6px"
-                                                                 opacity: "0.84"
                                                                }}
                                                              >
                                                                <Box style={{flex:1}}>
                                                                  <View style={[...]}>
+                                                                   <div
+                                                                     dir={null}
+                                                                     ref={function forwardRef}
+                                                                     className="css-view-175oi2r"
+                                                                     style={{flex:1}}
+                                                                   >
-                                                                   Free delivery for orders above 99 USD
                                                                ...
                                                          ...
                                      ...
                                ...
                        ...
          ...
        ...

    at throwOnHydrationMismatch (webpack-internal:///(app-pages-browser)/./node_modules/next/dist/compiled/react-dom/cjs/react-dom-client.development.js:5531:11)
    at beginWork (webpack-internal:///(app-pages-browser)/./node_modules/next/dist/compiled/react-dom/cjs/react-dom-client.development.js:12386:17)
    at runWithFiberInDEV (webpack-internal:///(app-pages-browser)/./node_modules/next/dist/compiled/react-dom/cjs/react-dom-client.development.js:987:30)
    at performUnitOfWork (webpack-internal:///(app-pages-browser)/./node_modules/next/dist/compiled/react-dom/cjs/react-dom-client.development.js:18998:22)
    at workLoopConcurrentByScheduler (webpack-internal:///(app-pages-browser)/./node_modules/next/dist/compiled/react-dom/cjs/react-dom-client.development.js:18992:9)
    at renderRootConcurrent (webpack-internal:///(app-pages-browser)/./node_modules/next/dist/compiled/react-dom/cjs/react-dom-client.development.js:18974:15)
    at performWorkOnRoot (webpack-internal:///(app-pages-browser)/./node_modules/next/dist/compiled/react-dom/cjs/react-dom-client.development.js:17835:11)
    at performWorkOnRootViaSchedulerTask (webpack-internal:///(app-pages-browser)/./node_modules/next/dist/compiled/react-dom/cjs/react-dom-client.development.js:20385:7)
    at MessagePort.performWorkUntilDeadline (webpack-internal:///(app-pages-browser)/./node_modules/next/dist/compiled/scheduler/cjs/scheduler.development.js:45:48)
[ 3332991ms] [WARNING] props.pointerEvents is deprecated. Use style.pointerEvents @ webpack-internal:///(app-pages-browser)/./node_modules/next/dist/next-devtools/shared/forward-logs-shared.js:27
[ 3333268ms] Error: Hydration failed because the server rendered HTML didn't match the client. As a result this tree will be regenerated on the client. This can happen if a SSR-ed Client Component used:

- A server/client branch `if (typeof window !== 'undefined')`.
- Variable input such as `Date.now()` or `Math.random()` which changes each time it's called.
- Date formatting in a user's locale which doesn't match the server.
- External changing data without sending a snapshot of it along with the HTML.
- Invalid HTML tag nesting.

It can also happen if the client has a browser extension installed which messes with the HTML before React loaded.

https://react.dev/link/hydration-mismatch

  ...
    <RedirectBoundary>
      <RedirectErrorBoundary router={{...}}>
        <InnerLayoutRouter url="/en" tree={[...]} params={{}} cacheNode={{rsc:<Fragment>, ...}} segmentPath={[...]} ...>
          <SegmentViewNode type="page" pagePath="page.tsx">
            <SegmentTrieNode>
            <ClientPageRoot Component={function Page} serverProvidedParams={{...}}>
              <Page params={Promise} searchParams={Promise}>
                <Layout locale="en" onLocaleChange={function onLocaleChange} dir="ltr" shellContent={{topBar:{...}, ...}} ...>
                  <Box flex={1} bg="background" style={{...}}>
                    <View style={[...]}>
                      <div dir={null} ref={function forwardRef} className="css-view-1..." style={{flex:1, ...}}>
                        <Header locale="en" dir="ltr" shellContent={{topBar:{...}, ...}} socialLinks={[...]} ...>
                          <Box style={{...}}>
                            <View style={[...]}>
                              <div
                                dir={null}
                                ref={function forwardRef}
                                className="css-view-175oi2r"
                                style={{
+                                 backgroundColor: "rgba(255,255,255,1.00)"
+                                 direction: "ltr"
-                                 direction: "ltr"
-                                 position: "relative"
-                                 z-index: "1202"
                                }}
                              >
                                <Box style={{position:"..."}}>
                                  <View style={[...]}>
                                    <div
                                      dir={null}
                                      ref={function forwardRef}
                                      className="css-view-175oi2r"
                                      style={{
+                                       position: "relative"
-                                       min-height: "40px"
-                                       background-color: "rgb(31, 31, 31)"
                                      }}
                                    >
                                      <HeaderMainRow mobile={true} logoText="Real Cosme..." onPressLogo={undefined} ...>
                                        <Box style={{...}}>
                                          <View style={[...]}>
                                            <div
                                              dir={null}
                                              ref={function forwardRef}
                                              className="css-view-175oi2r"
                                              style={{
+                                               backgroundColor: "rgba(255,255,255,1.00)"
+                                               borderBottomWidth: "1px"
+                                               borderBottomColor: "rgba(230,230,230,1.00)"
-                                               width: "100%"
-                                               max-width: "1320px"
-                                               align-self: "center"
-                                               padding-right: "24px"
-                                               padding-left: "24px"
                                              }}
                                            >
                                              <Container paddingX={16}>
                                                <View style={{width:"100%", ...}}>
                                                  <div
                                                    dir={null}
                                                    ref={function forwardRef}
                                                    className="css-view-175oi2r"
                                                    style={{
+                                                     width: "100%"
+                                                     maxWidth: "1320px"
+                                                     alignSelf: "center"
+                                                     paddingRight: "16px"
+                                                     paddingLeft: "16px"
-                                                     min-height: "40px"
-                                                     flex-direction: "row"
-                                                     align-items: "center"
-                                                     justify-content: "space-between"
-                                                     row-gap: "12px"
-                                                     column-gap: "12px"
-                                                     padding-top: "8px"
-                                                     padding-bottom: "8px"
                                                    }}
                                                  >
                                                    <Box style={{...}}>
                                                      <View style={[...]}>
                                                        <div
                                                          dir={null}
                                                          ref={function forwardRef}
                                                          className="css-view-175oi2r"
                                                          style={{
+                                                           paddingTop: "16px"
+                                                           paddingBottom: "16px"
+                                                           gap: "12px"
-                                                           flex-direction: "row"
-                                                           flex-wrap: "wrap"
-                                                           align-items: "center"
-                                                           row-gap: "12px"
-                                                           column-gap: "12px"
-                                                           flex-grow: "1"
-                                                           flex-shrink: "1"
-                                                           flex-basis: "0%"
                                                          }}
                                                        >
                                                          <Box style={{...}}>
                                                            <View style={[...]}>
                                                              <div
+                                                               dir={null}
-                                                               dir="auto"
                                                                ref={function forwardRef}
+                                                               className="css-view-175oi2r"
-                                                               className="css-text-146c3p1"
                                                                style={{
+                                                                 flexDirection: "row"
+                                                                 alignItems: "center"
+                                                                 justifyContent: "space-between"
+                                                                 gap: "12px"
-                                                                 color: "rgb(255, 255, 255)"
-                                                                 font-weight: "700"
-                                                                 font-family: "Poppins, -apple-system, system-ui, Bli..."
-                                                                 font-size: "10px"
-                                                                 line-height: "14px"
-                                                                 text-transform: "uppercase"
-                                                                 letter-spacing: "1.6px"
-                                                                 opacity: "0.84"
                                                                }}
                                                              >
                                                                <Box style={{flex:1}}>
                                                                  <View style={[...]}>
+                                                                   <div
+                                                                     dir={null}
+                                                                     ref={function forwardRef}
+                                                                     className="css-view-175oi2r"
+                                                                     style={{flex:1}}
+                                                                   >
-                                                                   Free delivery for orders above 99 USD
                                                                ...
                                                          ...
                                      ...
                                ...
                        ...
          ...
        ...

    at throwOnHydrationMismatch (webpack-internal:///(app-pages-browser)/./node_modules/next/dist/compiled/react-dom/cjs/react-dom-client.development.js:5531:11)
    at beginWork (webpack-internal:///(app-pages-browser)/./node_modules/next/dist/compiled/react-dom/cjs/react-dom-client.development.js:12386:17)
    at runWithFiberInDEV (webpack-internal:///(app-pages-browser)/./node_modules/next/dist/compiled/react-dom/cjs/react-dom-client.development.js:987:30)
    at performUnitOfWork (webpack-internal:///(app-pages-browser)/./node_modules/next/dist/compiled/react-dom/cjs/react-dom-client.development.js:18998:22)
    at workLoopConcurrentByScheduler (webpack-internal:///(app-pages-browser)/./node_modules/next/dist/compiled/react-dom/cjs/react-dom-client.development.js:18992:9)
    at renderRootConcurrent (webpack-internal:///(app-pages-browser)/./node_modules/next/dist/compiled/react-dom/cjs/react-dom-client.development.js:18974:15)
    at performWorkOnRoot (webpack-internal:///(app-pages-browser)/./node_modules/next/dist/compiled/react-dom/cjs/react-dom-client.development.js:17835:11)
    at performWorkOnRootViaSchedulerTask (webpack-internal:///(app-pages-browser)/./node_modules/next/dist/compiled/react-dom/cjs/react-dom-client.development.js:20385:7)
    at MessagePort.performWorkUntilDeadline (webpack-internal:///(app-pages-browser)/./node_modules/next/dist/compiled/scheduler/cjs/scheduler.development.js:45:48)
